
Allocating common symbols
Common symbol       size              file

netbufpool          0x4               binaries/net.o
readylist           0x2               binaries/ready.o
rfltab              0x5a0             binaries/rflinit.o
netportseed         0x8               binaries/net.o
sleepq              0x2               binaries/clkinit.o
uip_len             0x2               binaries/ascdate.o
host                0x1               binaries/net.o
nnames              0x4               binaries/naminit.o
udptab              0x168             binaries/udp.o
minheap             0x4               binaries/meminit.o
marks               0x50              binaries/mark.o
currpid             0x4               binaries/initialize.o
Lf_data             0x20c             binaries/lfsinit.o
porttab             0x2d0             binaries/ptinit.o
girmask             0x2               binaries/evec.o
ttytab              0x110             binaries/ttyinit.o
proctab             0x15e0            binaries/initialize.o
prcount             0x4               binaries/initialize.o
dest_addr           0x10              binaries/xsh_ping6.o
uip_lladdr          0x6               binaries/ascdate.o
int_actions         0x140             binaries/evec.o
macbcast            0x6               binaries/ascdate.o
lfltab              0xf00             binaries/lflinit.o
uip_next_hdr        0x4               binaries/ascdate.o
rdstab              0x8c              binaries/rdsinit.o
ethertab            0x13c             binaries/ethinit.o
NetData             0xb0              binaries/net.o
nmarks              0x4               binaries/mark.o
if_tab              0x1b0             binaries/net.o
Defer               0x8               binaries/resched.o
semtab              0x4b0             binaries/initialize.o
maxheap             0x4               binaries/meminit.o
preempt             0x4               binaries/clkinit.o
buftab              0xf0              binaries/bufinit.o
Rf_data             0x18              binaries/rfsinit.o
ifprime             0x4               binaries/net.o
mkmutex             0x4               binaries/mark.o
clktime             0x4               binaries/clkinit.o
nbpools             0x4               binaries/bufinit.o
queuetab            0x980             binaries/queue.o
uip_ext_len         0x1               binaries/ascdate.o
ptnextid            0x4               binaries/ptinit.o
Ram                 0x19000           binaries/raminit.o
memlist             0x8               binaries/initialize.o
uip_buf             0x4               binaries/ascdate.o
nametab             0x19a0            binaries/naminit.o
ptfree              0x4               binaries/ptinit.o

Memory Configuration

Name             Origin             Length             Attributes
*default*        0x0000000000000000 0xffffffffffffffff

Linker script and memory map

                0x0000000000100000                physbase = 0x100000
                0x0000000000100000                . = physbase
                0x0000000000100000                . = ALIGN (0x1000)

.text           0x0000000000100000    0x18000
                0x0000000000100000                text = ABSOLUTE (.)
 *(.text .text.*)
 .text          0x0000000000100000      0x1b8 binaries/start.o
                0x0000000000100028                start
                0x00000000001000fa                inb
                0x0000000000100102                inw
                0x000000000010010b                inl
                0x0000000000100113                outb
                0x000000000010011d                outw
                0x0000000000100128                outl
                0x0000000000100132                _rtcin
                0x000000000010013d                ___udivsi3
                0x0000000000100148                ___divsi3
                0x0000000000100154                sbzero
                0x0000000000100164                insw
                0x000000000010017a                outsw
                0x0000000000100190                bcopy
                0x00000000001001a4                lidt
                0x00000000001001ac                cpuid
 .text          0x00000000001001b8      0x3e3 binaries/ascdate.o
                0x00000000001001b8                ascdate
 .text          0x000000000010059b       0x14 binaries/bufinit.o
                0x000000000010059b                bufinit
 .text          0x00000000001005af       0x94 binaries/chprio.o
                0x00000000001005af                chprio
 .text          0x0000000000100643       0xbe binaries/clkhandler.o
                0x0000000000100643                clkhandler
 .text          0x0000000000100701       0xe2 binaries/clkinit.o
                0x0000000000100701                clkinit
 .text          0x00000000001007e3       0x75 binaries/close.o
                0x00000000001007e3                close
 .text          0x0000000000100858        0x0 binaries/conf.o
 .text          0x0000000000100858       0x7b binaries/control.o
                0x0000000000100858                control
 .text          0x00000000001008d3      0x2c0 binaries/create.o
                0x00000000001008d3                create
 .text          0x0000000000100b93      0x298 binaries/early_imr.o
                0x0000000000100b93                intel_cln_early_sb_read_reg
                0x0000000000100c12                intel_cln_early_sb_write_reg
                0x0000000000100da0                remove_irm_protections
 .text          0x0000000000100e2b      0x5d6 binaries/evec.o
                0x0000000000100e2b                initevec
                0x0000000000100f7d                set_evec
                0x0000000000100fea                set_ivec
                0x0000000000101089                ioapic_irq2vec
                0x00000000001010ca                int_dispatch
                0x000000000010115f                _8259_setirmask
                0x00000000001011b8                trap
 .text          0x0000000000101401       0x19 binaries/exit.o
                0x0000000000101401                exit
 .text          0x000000000010141a       0x8c binaries/freebuf.o
                0x000000000010141a                freebuf
 .text          0x00000000001014a6      0x172 binaries/freemem.o
                0x00000000001014a6                freemem
 .text          0x0000000000101618       0x8a binaries/getbuf.o
                0x0000000000101618                getbuf
 .text          0x00000000001016a2       0x75 binaries/getc.o
                0x00000000001016a2                getc
 .text          0x0000000000101717       0x74 binaries/getdev.o
                0x0000000000101717                getdev
 .text          0x000000000010178b       0xd0 binaries/getitem.o
                0x000000000010178b                getfirst
                0x00000000001017d0                getlast
                0x0000000000101817                getitem
 .text          0x000000000010185b      0x10a binaries/getmem.o
                0x000000000010185b                getmem
 .text          0x0000000000101965        0xa binaries/getpid.o
                0x0000000000101965                getpid
 .text          0x000000000010196f       0x7d binaries/getprio.o
                0x000000000010196f                getprio
 .text          0x00000000001019ec       0xfb binaries/getstk.o
                0x00000000001019ec                getstk
 .text          0x0000000000101ae7       0x16 binaries/getticks.o
                0x0000000000101ae7                getticks
 .text          0x0000000000101afd       0x3a binaries/gettime.o
                0x0000000000101afd                gettime
 .text          0x0000000000101b37        0xa binaries/getutime.o
                0x0000000000101b37                getutime
 .text          0x0000000000101b41       0x75 binaries/init.o
                0x0000000000101b41                init
 .text          0x0000000000101bb6      0x342 binaries/initialize.o
                0x0000000000101bb6                nulluser
                0x0000000000101e9f                stop
                0x0000000000101eca                delay
 .text          0x0000000000101ef8       0xde binaries/insert.o
                0x0000000000101ef8                insert
 .text          0x0000000000101fd6      0x110 binaries/insertd.o
                0x0000000000101fd6                insertd
 .text          0x00000000001020e6        0xa binaries/ioerr.o
                0x00000000001020e6                ioerr
 .text          0x00000000001020f0        0xa binaries/ionull.o
                0x00000000001020f0                ionull
 .text          0x00000000001020fa      0x19d binaries/kill.o
                0x00000000001020fa                kill
 .text          0x0000000000102297      0x138 binaries/kprintf.o
                0x0000000000102297                kputc
                0x0000000000102322                kgetc
                0x00000000001023a5                kprintf
 .text          0x00000000001023cf       0x95 binaries/main.o
                0x00000000001023cf                main
 .text          0x0000000000102464       0xb5 binaries/mark.o
                0x0000000000102464                markinit
                0x0000000000102488                mark
 .text          0x0000000000102519      0x2ca binaries/meminit.o
                0x0000000000102519                meminit
                0x0000000000102740                setsegs
 .text          0x00000000001027e3      0x174 binaries/mkbufpool.o
                0x00000000001027e3                mkbufpool
 .text          0x0000000000102957       0x94 binaries/newqueue.o
                0x0000000000102957                newqueue
 .text          0x00000000001029eb       0x7b binaries/open.o
                0x00000000001029eb                open
 .text          0x0000000000102a66       0x20 binaries/panic.o
                0x0000000000102a66                panic
 .text          0x0000000000102a86      0x56a binaries/pci.o
                0x0000000000102a86                pci_init
                0x0000000000102b10                find_pci_device
                0x0000000000102bf6                pci_read_config_byte
                0x0000000000102c54                pci_read_config_word
                0x0000000000102cb4                pci_read_config_dword
                0x0000000000102d12                pci_write_config_byte
                0x0000000000102d74                pci_write_config_word
                0x0000000000102dd8                pci_write_config_dword
                0x0000000000102e34                pci_get_dev_mmio_base_addr
                0x0000000000102ea0                pci_set_ivec
 .text          0x0000000000102ff0       0xc9 binaries/platinit.o
                0x0000000000102ff0                cpu_is_quark
                0x000000000010300d                console_init
                0x0000000000103056                platinit
 .text          0x00000000001030b9       0xf1 binaries/ptclear.o
                0x00000000001030b9                _ptclear
 .text          0x00000000001031aa       0x9d binaries/ptcount.o
                0x00000000001031aa                ptcount
 .text          0x0000000000103247      0x116 binaries/ptcreate.o
                0x0000000000103247                ptcreate
 .text          0x000000000010335d       0x7f binaries/ptdelete.o
                0x000000000010335d                ptdelete
 .text          0x00000000001033dc       0xbf binaries/ptinit.o
                0x00000000001033dc                ptinit
 .text          0x000000000010349b      0x11b binaries/ptrecv.o
                0x000000000010349b                ptrecv
 .text          0x00000000001035b6       0x77 binaries/ptreset.o
                0x00000000001035b6                ptreset
 .text          0x000000000010362d      0x13d binaries/ptsend.o
                0x000000000010362d                ptsend
 .text          0x000000000010376a       0x80 binaries/putc.o
                0x000000000010376a                putc
 .text          0x00000000001037ea       0xcc binaries/quark_irq.o
                0x00000000001037ea                quark_irq_routing
 .text          0x00000000001038b6      0x1e9 binaries/quark_pdat.o
                0x00000000001038b6                get_quark_pdat_entry_data_by_id
                0x00000000001039a5                get_quark_pdat_entry_data_by_desc
 .text          0x0000000000103a9f      0x111 binaries/queue.o
                0x0000000000103a9f                enqueue
                0x0000000000103b43                dequeue
 .text          0x0000000000103bb0       0x7b binaries/read.o
                0x0000000000103bb0                read
 .text          0x0000000000103c2b       0x7e binaries/ready.o
                0x0000000000103c2b                ready
 .text          0x0000000000103ca9       0x62 binaries/receive.o
                0x0000000000103ca9                receive
 .text          0x0000000000103d0b       0x5e binaries/recvclr.o
                0x0000000000103d0b                recvclr
 .text          0x0000000000103d69       0xbd binaries/recvtime.o
                0x0000000000103d69                recvtime
 .text          0x0000000000103e26      0x16c binaries/resched.o
                0x0000000000103e26                resched
                0x0000000000103f1d                resched_cntl
 .text          0x0000000000103f92       0xb1 binaries/resume.o
                0x0000000000103f92                resume
 .text          0x0000000000104043       0x79 binaries/seek.o
                0x0000000000104043                seek
 .text          0x00000000001040bc       0x70 binaries/semcount.o
                0x00000000001040bc                semcount
 .text          0x000000000010412c       0xd6 binaries/semcreate.o
                0x000000000010412c                semcreate
 .text          0x0000000000104202       0xcd binaries/semdelete.o
                0x0000000000104202                semdelete
 .text          0x00000000001042cf       0xcb binaries/semreset.o
                0x00000000001042cf                semreset
 .text          0x000000000010439a       0xed binaries/send.o
                0x000000000010439a                send
 .text          0x0000000000104487       0xa8 binaries/signal.o
                0x0000000000104487                signal
 .text          0x000000000010452f       0xd6 binaries/signaln.o
                0x000000000010452f                signaln
 .text          0x0000000000104605       0xed binaries/sleep.o
                0x0000000000104605                sleep
                0x0000000000104653                sleepms
 .text          0x00000000001046f2      0x192 binaries/stacktrace.o
                0x00000000001046f2                stacktrace
 .text          0x0000000000104884       0xe7 binaries/suspend.o
                0x0000000000104884                suspend
 .text          0x000000000010496b       0xe9 binaries/unsleep.o
                0x000000000010496b                unsleep
 .text          0x0000000000104a54       0x19 binaries/userret.o
                0x0000000000104a54                userret
 .text          0x0000000000104a6d       0xdd binaries/wait.o
                0x0000000000104a6d                wait
 .text          0x0000000000104b4a       0x72 binaries/wakeup.o
                0x0000000000104b4a                wakeup
 .text          0x0000000000104bbc       0x7b binaries/write.o
                0x0000000000104bbc                write
 .text          0x0000000000104c37       0x1d binaries/xdone.o
                0x0000000000104c37                xdone
 .text          0x0000000000104c54       0x28 binaries/yield.o
                0x0000000000104c54                yield
 .text          0x0000000000104c7c       0x11 binaries/abs.o
                0x0000000000104c7c                abs
 .text          0x0000000000104c8d       0x8f binaries/atoi.o
                0x0000000000104c8d                atoi
 .text          0x0000000000104d1c       0x8f binaries/atol.o
                0x0000000000104d1c                atol
 .text          0x0000000000104dab       0x31 binaries/bzero.o
                0x0000000000104dab                bzero
 .text          0x0000000000104ddc        0x0 binaries/ctype_.o
 .text          0x0000000000104ddc      0x8ed binaries/doprnt.o
                0x0000000000104ddc                _doprnt
 .text          0x00000000001056c9      0x65c binaries/doscan.o
                0x00000000001056c9                _doscan
 .text          0x0000000000105d25      0x711 binaries/fdoprnt.o
                0x0000000000105d25                _fdoprnt
 .text          0x0000000000106436       0x29 binaries/fgetc.o
                0x0000000000106436                fgetc
 .text          0x000000000010645f       0x75 binaries/fgets.o
                0x000000000010645f                fgets
 .text          0x00000000001064d4       0x2a binaries/fprintf.o
                0x00000000001064d4                fprintf
 .text          0x00000000001064fe       0x2c binaries/fputc.o
                0x00000000001064fe                fputc
 .text          0x000000000010652a       0x43 binaries/fputs.o
                0x000000000010652a                fputs
 .text          0x000000000010656d       0x8a binaries/fscanf.o
                0x000000000010656d                fscanf
 .text          0x00000000001065f7       0x31 binaries/getchar.o
                0x00000000001065f7                getchar
 .text          0x0000000000106628       0x11 binaries/labs.o
                0x0000000000106628                labs
 .text          0x0000000000106639      0x85a binaries/list.o
                0x0000000000106639                list_create
                0x000000000010664d                list_release
                0x0000000000106666                list_pop
                0x0000000000106693                list_push
                0x00000000001066af                list_add_node_head
                0x00000000001066cb                list_add
                0x00000000001066e7                list_del_node
                0x0000000000106703                list_insert
                0x0000000000106721                list_duplicate
                0x0000000000106741                list_length
                0x0000000000106757                list_iterator
                0x0000000000106778                list_next
                0x000000000010678e                list_release_iterator
                0x00000000001067a4                list_search_key
                0x00000000001067c5                list_index_at
                0x00000000001067e6                list_rewind
                0x0000000000106807                list_rewind_tail
                0x0000000000106828                list_rotate
                0x0000000000106846                listCreate
                0x00000000001068ab                listRelease
                0x0000000000106921                listAddNodeHead
                0x00000000001069bc                listAddNodeTail
                0x0000000000106a5b                listInsertNode
                0x0000000000106b1c                listDelNode
                0x0000000000106baa                listGetIterator
                0x0000000000106bf8                listReleaseIterator
                0x0000000000106c10                listRewind
                0x0000000000106c29                listRewindTail
                0x0000000000106c43                listNext
                0x0000000000106c7d                listDup
                0x0000000000106d64                listSearchKey
                0x0000000000106dd5                listIndex
                0x0000000000106e37                listRotate
 .text          0x0000000000106e93        0x0 binaries/memchr.o
 .text          0x0000000000106e93       0x51 binaries/memcmp.o
                0x0000000000106e93                memcmp
 .text          0x0000000000106ee4       0x3f binaries/memcpy.o
                0x0000000000106ee4                memcpy
 .text          0x0000000000106f23       0x30 binaries/memset.o
                0x0000000000106f23                memset
 .text          0x0000000000106f53       0x47 binaries/printf.o
                0x0000000000106f53                printf
 .text          0x0000000000106f9a       0x34 binaries/putchar.o
                0x0000000000106f9a                putchar
 .text          0x0000000000106fce      0x27e binaries/qsort.o
                0x0000000000106fce                qsort
 .text          0x000000000010724c       0x63 binaries/rand.o
                0x000000000010724c                rand
                0x0000000000107264                rand_r
                0x00000000001072a2                srand
 .text          0x00000000001072af       0x66 binaries/sprintf.o
                0x00000000001072af                sprintf
 .text          0x0000000000107315      0x113 binaries/sscanf.o
                0x0000000000107315                strtok
                0x00000000001073b8                sscanf
 .text          0x0000000000107428       0x3c binaries/strchr.o
                0x0000000000107428                strchr
 .text          0x0000000000107464       0x45 binaries/strcmp.o
                0x0000000000107464                strcmp
 .text          0x00000000001074a9       0x27 binaries/strcpy.o
                0x00000000001074a9                strcpy
 .text          0x00000000001074d0       0x26 binaries/strlen.o
                0x00000000001074d0                strlen
 .text          0x00000000001074f6       0x56 binaries/strncat.o
                0x00000000001074f6                strncat
 .text          0x000000000010754c       0x5f binaries/strncmp.o
                0x000000000010754c                strncmp
 .text          0x00000000001075ab       0x4f binaries/strncpy.o
                0x00000000001075ab                strncpy
 .text          0x00000000001075fa       0x2e binaries/strnlen.o
                0x00000000001075fa                strnlen
 .text          0x0000000000107628       0x45 binaries/strrchr.o
                0x0000000000107628                strrchr
 .text          0x000000000010766d       0x6d binaries/strstr.o
                0x000000000010766d                strstr
 .text          0x00000000001076da       0xe4 binaries/ttycontrol.o
                0x00000000001076da                ttycontrol
 .text          0x00000000001077be       0x97 binaries/ttygetc.o
                0x00000000001077be                ttygetc
 .text          0x0000000000107855      0x6e4 binaries/ttyhandle_in.o
                0x0000000000107855                ttyhandle_in
 .text          0x0000000000107f39      0x183 binaries/ttyhandle_out.o
                0x0000000000107f39                ttyhandle_out
 .text          0x00000000001080bc       0xb5 binaries/ttyhandler.o
                0x00000000001080bc                ttyhandler
 .text          0x0000000000108171      0x20d binaries/ttyinit.o
                0x0000000000108171                ttyinit
 .text          0x000000000010837e       0x10 binaries/ttykickout.o
                0x000000000010837e                ttykickout
 .text          0x000000000010838e       0xb7 binaries/ttyputc.o
                0x000000000010838e                ttyputc
 .text          0x0000000000108445      0x11b binaries/ttyread.o
                0x0000000000108445                ttyread
 .text          0x0000000000108560       0x4f binaries/ttywrite.o
                0x0000000000108560                ttywrite
 .text          0x00000000001085af      0x14b binaries/mount.o
                0x00000000001085af                mount
                0x00000000001086c4                namlen
 .text          0x00000000001086fa      0x1ea binaries/naminit.o
                0x00000000001086fa                naminit
 .text          0x00000000001088e4      0x211 binaries/nammap.o
                0x00000000001088e4                nammap
                0x000000000010896f                namrepl
                0x0000000000108aa5                namcpy
 .text          0x0000000000108af5       0x4e binaries/namopen.o
                0x0000000000108af5                namopen
 .text          0x0000000000108b43       0x92 binaries/ethcontrol.o
                0x0000000000108b43                ethcontrol
 .text          0x0000000000108bd5      0x18b binaries/ethhandler.o
                0x0000000000108bd5                ethhandler
 .text          0x0000000000108d60      0x730 binaries/ethinit.o
                0x0000000000108d60                eth_phy_read
                0x0000000000108dca                eth_phy_write
                0x0000000000108e3e                eth_phy_reset
                0x0000000000108f82                ethinit
 .text          0x0000000000109490      0x17c binaries/ethmcast.o
                0x0000000000109490                ethmcast_add
                0x000000000010950c                ethmcast_remove
 .text          0x000000000010960c      0x20f binaries/ethread.o
                0x000000000010960c                ethread
 .text          0x000000000010981b      0x136 binaries/ethwrite.o
                0x000000000010981b                ethwrite
 .text          0x0000000000109951       0x9e binaries/rdsbufalloc.o
                0x0000000000109951                rdsbufalloc
 .text          0x00000000001099ef       0xcc binaries/rdsclose.o
                0x00000000001099ef                rdsclose
 .text          0x0000000000109abb        0xa binaries/rdscomm.o
                0x0000000000109abb                rdscomm
 .text          0x0000000000109ac5      0x233 binaries/rdscontrol.o
                0x0000000000109ac5                rdscontrol
 .text          0x0000000000109cf8      0x1f3 binaries/rdsinit.o
                0x0000000000109cf8                rdsinit
 .text          0x0000000000109eeb      0x19b binaries/rdsopen.o
                0x0000000000109eeb                rdsopen
 .text          0x000000000010a086      0x461 binaries/rdsprocess.o
                0x000000000010a086                rdsprocess
 .text          0x000000000010a4e7      0x259 binaries/rdsread.o
                0x000000000010a4e7                rdsread
 .text          0x000000000010a740      0x1fe binaries/rdswrite.o
                0x000000000010a740                rdswrite
 .text          0x000000000010a93e        0xa binaries/ramclose.o
                0x000000000010a93e                ramclose
 .text          0x000000000010a948       0x3e binaries/raminit.o
                0x000000000010a948                raminit
 .text          0x000000000010a986        0xa binaries/ramopen.o
                0x000000000010a986                ramopen
 .text          0x000000000010a990       0x32 binaries/ramread.o
                0x000000000010a990                ramread
 .text          0x000000000010a9c2       0x32 binaries/ramwrite.o
                0x000000000010a9c2                ramwrite
 .text          0x000000000010a9f4       0x98 binaries/lfdballoc.o
                0x000000000010a9f4                lfdballoc
 .text          0x000000000010aa8c       0x58 binaries/lfdbfree.o
                0x000000000010aa8c                lfdbfree
 .text          0x000000000010aae4       0xb6 binaries/lfflush.o
                0x000000000010aae4                lfflush
 .text          0x000000000010ab9a       0xd8 binaries/lfgetmode.o
                0x000000000010ab9a                lfgetmode
 .text          0x000000000010ac72       0x68 binaries/lfiballoc.o
                0x000000000010ac72                lfiballoc
 .text          0x000000000010acda       0x3b binaries/lfibclear.o
                0x000000000010acda                lfibclear
 .text          0x000000000010ad15       0xad binaries/lfibget.o
                0x000000000010ad15                lfibget
 .text          0x000000000010adc2       0xdc binaries/lfibput.o
                0x000000000010adc2                lfibput
 .text          0x000000000010ae9e       0xa2 binaries/lflclose.o
                0x000000000010ae9e                lflclose
 .text          0x000000000010af40       0xd0 binaries/lflcontrol.o
                0x000000000010af40                lflcontrol
 .text          0x000000000010b010       0xf2 binaries/lflgetc.o
                0x000000000010b010                lflgetc
 .text          0x000000000010b102       0xf1 binaries/lflinit.o
                0x000000000010b102                lflinit
 .text          0x000000000010b1f3      0x122 binaries/lflputc.o
                0x000000000010b1f3                lflputc
 .text          0x000000000010b315       0x70 binaries/lflread.o
                0x000000000010b315                lflread
 .text          0x000000000010b385       0xac binaries/lflseek.o
                0x000000000010b385                lflseek
 .text          0x000000000010b431       0x55 binaries/lflwrite.o
                0x000000000010b431                lflwrite
 .text          0x000000000010b486       0x62 binaries/lfscheck.o
                0x000000000010b486                lfscheck
 .text          0x000000000010b4e8      0x175 binaries/lfsckfmt.o
                0x000000000010b4e8                lfsckfmt
 .text          0x000000000010b65d      0x1ad binaries/lfscreate.o
                0x000000000010b65d                lfscreate
 .text          0x000000000010b80a      0x278 binaries/lfsetup.o
                0x000000000010b80a                lfsetup
 .text          0x000000000010ba82       0x51 binaries/lfsinit.o
                0x000000000010ba82                lfsinit
 .text          0x000000000010bad3      0x3c0 binaries/lfsopen.o
                0x000000000010bad3                lfsopen
 .text          0x000000000010be93      0x15e binaries/lftruncate.o
                0x000000000010be93                lftruncate
 .text          0x000000000010bff1       0x71 binaries/rflclose.o
                0x000000000010bff1                rflclose
 .text          0x000000000010c062       0x32 binaries/rflgetc.o
                0x000000000010c062                rflgetc
 .text          0x000000000010c094       0x76 binaries/rflinit.o
                0x000000000010c094                rflinit
 .text          0x000000000010c10a       0x33 binaries/rflputc.o
                0x000000000010c10a                rflputc
 .text          0x000000000010c13d      0x360 binaries/rflread.o
                0x000000000010c13d                rflread
 .text          0x000000000010c49d       0x74 binaries/rflseek.o
                0x000000000010c49d                rflseek
 .text          0x000000000010c511      0x34d binaries/rflwrite.o
                0x000000000010c511                rflwrite
 .text          0x000000000010c85e        0xa binaries/rfscomm.o
                0x000000000010c85e                rfscomm
 .text          0x000000000010c868      0x26d binaries/rfscontrol.o
                0x000000000010c868                rfscontrol
 .text          0x000000000010cad5       0xd8 binaries/rfsgetmode.o
                0x000000000010cad5                rfsgetmode
 .text          0x000000000010cbad       0x86 binaries/rfsinit.o
                0x000000000010cbad                rfsinit
 .text          0x000000000010cc33      0x111 binaries/rfsndmsg.o
                0x000000000010cc33                rfsndmsg
 .text          0x000000000010cd44      0x2aa binaries/rfsopen.o
                0x000000000010cd44                rfsopen
 .text          0x000000000010cfee        0xa binaries/dns.o
                0x000000000010cfee                dnslookup
 .text          0x000000000010cff8       0xe8 binaries/dot2ip.o
                0x000000000010cff8                dot2ip
 .text          0x000000000010d0e0      0x4c4 binaries/hexdump.o
                0x000000000010d0e0                hexdump
                0x000000000010d287                hexadump
 .text          0x000000000010d5a4     0x1f1b binaries/icmpv6.o
                0x000000000010d739                uip_icmp6chksum
                0x000000000010d74e                icmp6_input
                0x000000000010d85c                uip_icmp6_input
                0x000000000010d9d0                echo_request_input
                0x000000000010e315                ns_input
                0x000000000010f26e                uip_nd6_rs_output
 .text          0x000000000010f4bf      0x1ca binaries/ipv6.o
                0x000000000010f4bf                ipv6_in
                0x000000000010f5b3                ip_ntoh
                0x000000000010f61e                ip_hton
 .text          0x000000000010f689      0xc8b binaries/net.o
                0x000000000010f689                net_init
                0x000000000010fce3                netin
                0x000000000010fe86                test_send_packet
                0x000000000010ff2c                periodic_process
                0x000000000010ff6a                rawin
                0x000000000011022c                eth_hton
                0x0000000000110256                eth_ntoh
                0x0000000000110280                getport
 .text          0x0000000000110314      0x716 binaries/pdump.o
                0x0000000000110314                pdump
                0x000000000011047e                pdumph
                0x0000000000110572                ip_debug_print
 .text          0x0000000000110a2a       0x6f binaries/udp.o
                0x0000000000110a2a                udp_init
                0x0000000000110a30                udp_in
                0x0000000000110a36                udp_register
                0x0000000000110a51                udp_recv
                0x0000000000110a5b                udp_recvaddr
                0x0000000000110a65                udp_send
                0x0000000000110a6f                udp_sendto
                0x0000000000110a83                udp_release
                0x0000000000110a8d                udp_ntoh
                0x0000000000110a93                udp_hton
 .text          0x0000000000110a99      0x10e binaries/uip_ds.o
                0x0000000000110a99                uip_ds6_send_rs
                0x0000000000110b26                create_ethernet__packet
                0x0000000000110b8f                uip_ds6_periodic
 .text          0x0000000000110ba7      0x13b binaries/addargs.o
                0x0000000000110ba7                addargs
 .text          0x0000000000110ce2      0x2c9 binaries/lexan.o
                0x0000000000110ce2                lexan
 .text          0x0000000000110fab      0x665 binaries/shell.o
                0x0000000000110fab                shell
 .text          0x0000000000111610       0x69 binaries/xsh_argecho.o
                0x0000000000111610                xsh_argecho
 .text          0x0000000000111679        0xa binaries/xsh_arp.o
                0x0000000000111679                xsh_arp
 .text          0x0000000000111683      0x26f binaries/xsh_cat.o
                0x0000000000111683                xsh_cat
 .text          0x00000000001118f2       0x5e binaries/xsh_clear.o
                0x00000000001118f2                xsh_clear
 .text          0x0000000000111950      0x2f7 binaries/xsh_date.o
                0x0000000000111950                xsh_date
 .text          0x0000000000111c47       0xae binaries/xsh_devdump.o
                0x0000000000111c47                xsh_devdump
 .text          0x0000000000111cf5       0x72 binaries/xsh_echo.o
                0x0000000000111cf5                xsh_echo
 .text          0x0000000000111d67        0xa binaries/xsh_exit.o
                0x0000000000111d67                xsh_exit
 .text          0x0000000000111d71      0x389 binaries/xsh_help.o
                0x0000000000111d71                xsh_help
 .text          0x00000000001120fa      0x249 binaries/xsh_kill.o
                0x00000000001120fa                xsh_kill
 .text          0x0000000000112343      0x282 binaries/xsh_libtest.o
                0x0000000000112343                xsh_libtest
                0x000000000011238d                example_list_test
 .text          0x00000000001125c5      0x545 binaries/xsh_memdump.o
                0x00000000001125c5                xsh_memdump
 .text          0x0000000000112b0a      0x2af binaries/xsh_memstat.o
                0x0000000000112b0a                xsh_memstat
 .text          0x0000000000112db9      0x172 binaries/xsh_netinfo.o
                0x0000000000112db9                xsh_netinfo
 .text          0x0000000000112f2b      0x1ec binaries/xsh_pdump.o
                0x0000000000112f2b                xsh_pdump
 .text          0x0000000000113117        0xa binaries/xsh_ping.o
                0x0000000000113117                xsh_ping
 .text          0x0000000000113121      0xaf2 binaries/xsh_ping6.o
                0x0000000000113121                xsh_ping6
 .text          0x0000000000113c13      0x227 binaries/xsh_ps.o
                0x0000000000113c13                xsh_ps
 .text          0x0000000000113e3a      0x225 binaries/xsh_sleep.o
                0x0000000000113e3a                xsh_sleep
 .text          0x000000000011405f      0x3bf binaries/xsh_sp.o
                0x000000000011405f                xsh_sp
 .text          0x000000000011441e        0xa binaries/xsh_udpdump.o
                0x000000000011441e                xsh_udpdump
 .text          0x0000000000114428        0xa binaries/xsh_udpecho.o
                0x0000000000114428                xsh_udpecho
 .text          0x0000000000114432        0xa binaries/xsh_udpserver.o
                0x0000000000114432                xsh_udpeserver
 .text          0x000000000011443c      0x1f3 binaries/xsh_uptime.o
                0x000000000011443c                xsh_uptime
 .text          0x000000000011462f        0xe binaries/clkdisp.o
                0x000000000011462f                clkdisp
 .text          0x000000000011463d       0x19 binaries/ctxsw.o
                0x000000000011463d                ctxsw
 .text          0x0000000000114656      0x328 binaries/intr.o
                0x0000000000114656                disable
                0x000000000011465f                restore
                0x000000000011466d                enable
                0x000000000011466f                pause
                0x0000000000114676                halt
                0x000000000011467c                spurious_irq7
                0x0000000000114681                spurious_irq15
                0x0000000000114690                _Xint0
                0x0000000000114698                _Xint1
                0x00000000001146a0                _Xint2
                0x00000000001146a8                _Xint3
                0x00000000001146b0                _Xint4
                0x00000000001146b8                _Xint5
                0x00000000001146c3                _Xint6
                0x00000000001146cb                _Xint7
                0x00000000001146d3                _Xint8
                0x00000000001146db                _Xint9
                0x00000000001146e3                _Xint10
                0x00000000001146eb                _Xint11
                0x00000000001146f3                _Xint12
                0x00000000001146fb                _Xint13
                0x0000000000114703                _Xint14
                0x000000000011470e                _Xint15
                0x0000000000114719                _Xint16
                0x0000000000114724                _Xint17
                0x000000000011472f                _Xint18
                0x000000000011473a                _Xint19
                0x0000000000114745                _Xint20
                0x0000000000114750                _Xint21
                0x000000000011475b                _Xint22
                0x0000000000114766                _Xint23
                0x0000000000114771                _Xint24
                0x000000000011477c                _Xint25
                0x0000000000114787                _Xint26
                0x0000000000114792                _Xint27
                0x000000000011479d                _Xint28
                0x00000000001147a8                _Xint29
                0x00000000001147b3                _Xint30
                0x00000000001147be                _Xint31
                0x00000000001147c9                _extint
                0x00000000001147dd                _Xint32
                0x00000000001147ec                _Xint33
                0x00000000001147fb                _Xint34
                0x000000000011480a                _Xint35
                0x0000000000114819                _Xint36
                0x0000000000114828                _Xint37
                0x0000000000114837                _Xint38
                0x0000000000114846                _Xint39
                0x0000000000114855                _Xint40
                0x0000000000114864                _Xint41
                0x0000000000114873                _Xint42
                0x0000000000114882                _Xint43
                0x0000000000114891                _Xint44
                0x00000000001148a0                _Xint45
                0x00000000001148af                _Xint46
                0x00000000001148be                defevec
 .text          0x000000000011497e        0xf binaries/ttydispatch.o
                0x000000000011497e                ttydispatch
 .text          0x000000000011498d       0x13 binaries/ethdispatch.o
                0x000000000011498d                ethdispatch
 *(.rodata .rodata.*)
 .rodata        0x00000000001149a0       0x8e binaries/ascdate.o
 .rodata        0x0000000000114a2e       0xae binaries/conf.o
 .rodata        0x0000000000114adc       0x83 binaries/early_imr.o
 *fill*         0x0000000000114b5f        0x1 
 .rodata        0x0000000000114b60      0x231 binaries/evec.o
 *fill*         0x0000000000114d91        0x3 
 .rodata        0x0000000000114d94      0x13b binaries/initialize.o
 *fill*         0x0000000000114ecf        0x1 
 .rodata        0x0000000000114ed0       0x20 binaries/kill.o
 .rodata        0x0000000000114ef0       0x2a binaries/main.o
 *fill*         0x0000000000114f1a        0x2 
 .rodata        0x0000000000114f1c       0x3e binaries/meminit.o
 .rodata        0x0000000000114f5a        0xf binaries/panic.o
 *fill*         0x0000000000114f69        0x3 
 .rodata        0x0000000000114f6c       0x20 binaries/pci.o
 .rodata        0x0000000000114f8c       0x1d binaries/ptinit.o
 *fill*         0x0000000000114fa9        0x3 
 .rodata        0x0000000000114fac       0x25 binaries/ptsend.o
 .rodata        0x0000000000114fd1       0x22 binaries/quark_pdat.o
 *fill*         0x0000000000114ff3        0x1 
 .rodata        0x0000000000114ff4       0xb7 binaries/stacktrace.o
 *fill*         0x00000000001150ab        0x1 
 .rodata        0x00000000001150ac       0x27 binaries/xdone.o
 *fill*         0x00000000001150d3        0xd 
 .rodata        0x00000000001150e0       0x81 binaries/ctype_.o
                0x00000000001150e0                _ctype_
 *fill*         0x0000000000115161        0x3 
 .rodata        0x0000000000115164       0xee binaries/doprnt.o
 *fill*         0x0000000000115252        0x2 
 .rodata        0x0000000000115254       0x98 binaries/doscan.o
 .rodata        0x00000000001152ec       0xae binaries/fdoprnt.o
 *fill*         0x000000000011539a        0x2 
 .rodata        0x000000000011539c       0x20 binaries/ttycontrol.o
 .rodata        0x00000000001153bc       0x34 binaries/ttyhandler.o
 .rodata        0x00000000001153f0       0x80 binaries/naminit.o
 .rodata        0x0000000000115470       0x52 binaries/ethinit.o
 *fill*         0x00000000001154c2        0x2 
 .rodata        0x00000000001154c4       0x2c binaries/rdsbufalloc.o
 .rodata        0x00000000001154f0       0x48 binaries/rdscontrol.o
 .rodata        0x0000000000115538       0x96 binaries/rdsinit.o
 *fill*         0x00000000001155ce        0x2 
 .rodata        0x00000000001155d0       0x22 binaries/rdsopen.o
 *fill*         0x00000000001155f2        0x2 
 .rodata        0x00000000001155f4       0x4d binaries/rdsprocess.o
 .rodata        0x0000000000115641        0x9 binaries/raminit.o
 *fill*         0x000000000011564a        0x2 
 .rodata        0x000000000011564c       0x37 binaries/lfdballoc.o
 .rodata        0x0000000000115683       0x14 binaries/lfiballoc.o
 *fill*         0x0000000000115697        0x1 
 .rodata        0x0000000000115698       0x23 binaries/lflcontrol.o
 *fill*         0x00000000001156bb        0x1 
 .rodata        0x00000000001156bc      0x11b binaries/lfsckfmt.o
 *fill*         0x00000000001157d7        0x1 
 .rodata        0x00000000001157d8       0x2a binaries/lfsopen.o
 *fill*         0x0000000000115802        0x2 
 .rodata        0x0000000000115804       0x21 binaries/rflread.o
 *fill*         0x0000000000115825        0x3 
 .rodata        0x0000000000115828       0x21 binaries/rflwrite.o
 *fill*         0x0000000000115849        0x3 
 .rodata        0x000000000011584c       0x3c binaries/rfscontrol.o
 .rodata        0x0000000000115888       0x63 binaries/rfsinit.o
 *fill*         0x00000000001158eb        0x1 
 .rodata        0x00000000001158ec       0x2a binaries/rfsndmsg.o
 *fill*         0x0000000000115916        0x2 
 .rodata        0x0000000000115918       0x22 binaries/rfsopen.o
 *fill*         0x000000000011593a        0x2 
 .rodata        0x000000000011593c       0xc9 binaries/hexdump.o
 *fill*         0x0000000000115a05        0x3 
 .rodata        0x0000000000115a08      0x1e2 binaries/icmpv6.o
 .rodata        0x0000000000115bea       0x65 binaries/ipv6.o
 *fill*         0x0000000000115c4f        0x1 
 .rodata        0x0000000000115c50      0x1ed binaries/net.o
 *fill*         0x0000000000115e3d        0x3 
 .rodata        0x0000000000115e40      0x1d4 binaries/pdump.o
 .rodata        0x0000000000116014       0x27 binaries/uip_ds.o
 *fill*         0x000000000011603b        0x5 
 .rodata        0x0000000000116040      0x411 binaries/shell.o
                0x00000000001160e0                cmdtab
 .rodata        0x0000000000116451       0x28 binaries/xsh_argecho.o
 *fill*         0x0000000000116479        0x3 
 .rodata        0x000000000011647c       0xc9 binaries/xsh_cat.o
 .rodata        0x0000000000116545       0x19 binaries/xsh_clear.o
 *fill*         0x000000000011655e        0x2 
 .rodata        0x0000000000116560      0x1c3 binaries/xsh_date.o
 .rodata        0x0000000000116723       0x5d binaries/xsh_devdump.o
 .rodata        0x0000000000116780        0x9 binaries/xsh_echo.o
 *fill*         0x0000000000116789        0x3 
 .rodata        0x000000000011678c      0x169 binaries/xsh_help.o
 *fill*         0x00000000001168f5        0x3 
 .rodata        0x00000000001168f8      0x12e binaries/xsh_kill.o
 *fill*         0x0000000000116a26        0x2 
 .rodata        0x0000000000116a28       0xa2 binaries/xsh_libtest.o
 *fill*         0x0000000000116aca        0x2 
 .rodata        0x0000000000116acc      0x266 binaries/xsh_memdump.o
 *fill*         0x0000000000116d32        0x2 
 .rodata        0x0000000000116d34      0x225 binaries/xsh_memstat.o
 *fill*         0x0000000000116f59        0x3 
 .rodata        0x0000000000116f5c       0x80 binaries/xsh_netinfo.o
 .rodata        0x0000000000116fdc       0xd1 binaries/xsh_pdump.o
 *fill*         0x00000000001170ad        0x3 
 .rodata        0x00000000001170b0      0x1a9 binaries/xsh_ping6.o
 *fill*         0x0000000000117259        0x7 
 .rodata        0x0000000000117260      0x1e0 binaries/xsh_ps.o
 .rodata        0x0000000000117440       0xeb binaries/xsh_sleep.o
 *fill*         0x000000000011752b        0x1 
 .rodata        0x000000000011752c      0x252 binaries/xsh_sp.o
 *fill*         0x000000000011777e        0x2 
 .rodata        0x0000000000117780      0x105 binaries/xsh_uptime.o
                0x0000000000117885                etext = ABSOLUTE (.)
                0x0000000000118000                . = ALIGN (0x1000)
 *fill*         0x0000000000117885      0x77b 

.eh_frame       0x0000000000118000     0x2f24
 .eh_frame      0x0000000000118000       0x38 binaries/ascdate.o
 .eh_frame      0x0000000000118038       0x20 binaries/bufinit.o
                                         0x38 (size before relaxing)
 .eh_frame      0x0000000000118058       0x20 binaries/chprio.o
                                         0x38 (size before relaxing)
 .eh_frame      0x0000000000118078       0x20 binaries/clkhandler.o
                                         0x38 (size before relaxing)
 .eh_frame      0x0000000000118098       0x20 binaries/clkinit.o
                                         0x38 (size before relaxing)
 .eh_frame      0x00000000001180b8       0x20 binaries/close.o
                                         0x38 (size before relaxing)
 .eh_frame      0x00000000001180d8       0x20 binaries/control.o
                                         0x38 (size before relaxing)
 .eh_frame      0x00000000001180f8       0x40 binaries/create.o
                                         0x58 (size before relaxing)
 .eh_frame      0x0000000000118138      0x104 binaries/early_imr.o
                                        0x11c (size before relaxing)
 .eh_frame      0x000000000011823c       0xe0 binaries/evec.o
                                         0xf8 (size before relaxing)
 .eh_frame      0x000000000011831c       0x20 binaries/exit.o
                                         0x38 (size before relaxing)
 .eh_frame      0x000000000011833c       0x20 binaries/freebuf.o
                                         0x38 (size before relaxing)
 .eh_frame      0x000000000011835c       0x20 binaries/freemem.o
                                         0x38 (size before relaxing)
 .eh_frame      0x000000000011837c       0x20 binaries/getbuf.o
                                         0x38 (size before relaxing)
 .eh_frame      0x000000000011839c       0x20 binaries/getc.o
                                         0x38 (size before relaxing)
 .eh_frame      0x00000000001183bc       0x20 binaries/getdev.o
                                         0x38 (size before relaxing)
 .eh_frame      0x00000000001183dc       0x60 binaries/getitem.o
                                         0x78 (size before relaxing)
 .eh_frame      0x000000000011843c       0x20 binaries/getmem.o
                                         0x38 (size before relaxing)
 .eh_frame      0x000000000011845c       0x20 binaries/getpid.o
                                         0x38 (size before relaxing)
 .eh_frame      0x000000000011847c       0x20 binaries/getprio.o
                                         0x38 (size before relaxing)
 .eh_frame      0x000000000011849c       0x20 binaries/getstk.o
                                         0x38 (size before relaxing)
 .eh_frame      0x00000000001184bc       0x20 binaries/getticks.o
                                         0x38 (size before relaxing)
 .eh_frame      0x00000000001184dc       0x20 binaries/gettime.o
                                         0x38 (size before relaxing)
 .eh_frame      0x00000000001184fc       0x20 binaries/getutime.o
                                         0x38 (size before relaxing)
 .eh_frame      0x000000000011851c       0x20 binaries/init.o
                                         0x38 (size before relaxing)
 .eh_frame      0x000000000011853c       0x9c binaries/initialize.o
                                         0xb4 (size before relaxing)
 .eh_frame      0x00000000001185d8       0x20 binaries/insert.o
                                         0x38 (size before relaxing)
 .eh_frame      0x00000000001185f8       0x20 binaries/insertd.o
                                         0x38 (size before relaxing)
 .eh_frame      0x0000000000118618       0x20 binaries/ioerr.o
                                         0x38 (size before relaxing)
 .eh_frame      0x0000000000118638       0x20 binaries/ionull.o
                                         0x38 (size before relaxing)
 .eh_frame      0x0000000000118658       0x20 binaries/kill.o
                                         0x38 (size before relaxing)
 .eh_frame      0x0000000000118678       0x60 binaries/kprintf.o
                                         0x78 (size before relaxing)
 .eh_frame      0x00000000001186d8       0x24 binaries/main.o
                                         0x3c (size before relaxing)
 .eh_frame      0x00000000001186fc       0x40 binaries/mark.o
                                         0x58 (size before relaxing)
 .eh_frame      0x000000000011873c       0x44 binaries/meminit.o
                                         0x5c (size before relaxing)
 .eh_frame      0x0000000000118780       0x20 binaries/mkbufpool.o
                                         0x38 (size before relaxing)
 .eh_frame      0x00000000001187a0       0x20 binaries/newqueue.o
                                         0x38 (size before relaxing)
 .eh_frame      0x00000000001187c0       0x20 binaries/open.o
                                         0x38 (size before relaxing)
 .eh_frame      0x00000000001187e0       0x1c binaries/panic.o
                                         0x34 (size before relaxing)
 .eh_frame      0x00000000001187fc      0x1e0 binaries/pci.o
                                        0x1f8 (size before relaxing)
 .eh_frame      0x00000000001189dc       0x60 binaries/platinit.o
                                         0x78 (size before relaxing)
 .eh_frame      0x0000000000118a3c       0x20 binaries/ptclear.o
                                         0x38 (size before relaxing)
 .eh_frame      0x0000000000118a5c       0x20 binaries/ptcount.o
                                         0x38 (size before relaxing)
 .eh_frame      0x0000000000118a7c       0x20 binaries/ptcreate.o
                                         0x38 (size before relaxing)
 .eh_frame      0x0000000000118a9c       0x20 binaries/ptdelete.o
                                         0x38 (size before relaxing)
 .eh_frame      0x0000000000118abc       0x20 binaries/ptinit.o
                                         0x38 (size before relaxing)
 .eh_frame      0x0000000000118adc       0x20 binaries/ptrecv.o
                                         0x38 (size before relaxing)
 .eh_frame      0x0000000000118afc       0x20 binaries/ptreset.o
                                         0x38 (size before relaxing)
 .eh_frame      0x0000000000118b1c       0x20 binaries/ptsend.o
                                         0x38 (size before relaxing)
 .eh_frame      0x0000000000118b3c       0x20 binaries/putc.o
                                         0x38 (size before relaxing)
 .eh_frame      0x0000000000118b5c       0x20 binaries/quark_irq.o
                                         0x38 (size before relaxing)
 .eh_frame      0x0000000000118b7c       0x40 binaries/quark_pdat.o
                                         0x58 (size before relaxing)
 .eh_frame      0x0000000000118bbc       0x40 binaries/queue.o
                                         0x58 (size before relaxing)
 .eh_frame      0x0000000000118bfc       0x20 binaries/read.o
                                         0x38 (size before relaxing)
 .eh_frame      0x0000000000118c1c       0x24 binaries/ready.o
                                         0x3c (size before relaxing)
 .eh_frame      0x0000000000118c40       0x20 binaries/receive.o
                                         0x38 (size before relaxing)
 .eh_frame      0x0000000000118c60       0x20 binaries/recvclr.o
                                         0x38 (size before relaxing)
 .eh_frame      0x0000000000118c80       0x20 binaries/recvtime.o
                                         0x38 (size before relaxing)
 .eh_frame      0x0000000000118ca0       0x40 binaries/resched.o
                                         0x58 (size before relaxing)
 .eh_frame      0x0000000000118ce0       0x20 binaries/resume.o
                                         0x38 (size before relaxing)
 .eh_frame      0x0000000000118d00       0x20 binaries/seek.o
                                         0x38 (size before relaxing)
 .eh_frame      0x0000000000118d20       0x20 binaries/semcount.o
                                         0x38 (size before relaxing)
 .eh_frame      0x0000000000118d40       0x40 binaries/semcreate.o
                                         0x58 (size before relaxing)
 .eh_frame      0x0000000000118d80       0x20 binaries/semdelete.o
                                         0x38 (size before relaxing)
 .eh_frame      0x0000000000118da0       0x20 binaries/semreset.o
                                         0x38 (size before relaxing)
 .eh_frame      0x0000000000118dc0       0x20 binaries/send.o
                                         0x38 (size before relaxing)
 .eh_frame      0x0000000000118de0       0x20 binaries/signal.o
                                         0x38 (size before relaxing)
 .eh_frame      0x0000000000118e00       0x20 binaries/signaln.o
                                         0x38 (size before relaxing)
 .eh_frame      0x0000000000118e20       0x40 binaries/sleep.o
                                         0x58 (size before relaxing)
 .eh_frame      0x0000000000118e60       0x20 binaries/stacktrace.o
                                         0x38 (size before relaxing)
 .eh_frame      0x0000000000118e80       0x20 binaries/suspend.o
                                         0x38 (size before relaxing)
 .eh_frame      0x0000000000118ea0       0x20 binaries/unsleep.o
                                         0x38 (size before relaxing)
 .eh_frame      0x0000000000118ec0       0x20 binaries/userret.o
                                         0x38 (size before relaxing)
 .eh_frame      0x0000000000118ee0       0x20 binaries/wait.o
                                         0x38 (size before relaxing)
 .eh_frame      0x0000000000118f00       0x20 binaries/wakeup.o
                                         0x38 (size before relaxing)
 .eh_frame      0x0000000000118f20       0x20 binaries/write.o
                                         0x38 (size before relaxing)
 .eh_frame      0x0000000000118f40       0x20 binaries/xdone.o
                                         0x38 (size before relaxing)
 .eh_frame      0x0000000000118f60       0x20 binaries/yield.o
                                         0x38 (size before relaxing)
 .eh_frame      0x0000000000118f80       0x20 binaries/abs.o
                                         0x38 (size before relaxing)
 .eh_frame      0x0000000000118fa0       0x20 binaries/atoi.o
                                         0x38 (size before relaxing)
 .eh_frame      0x0000000000118fc0       0x20 binaries/atol.o
                                         0x38 (size before relaxing)
 .eh_frame      0x0000000000118fe0       0x20 binaries/bzero.o
                                         0x38 (size before relaxing)
 .eh_frame      0x0000000000119000       0xe0 binaries/doprnt.o
                                         0xf8 (size before relaxing)
 .eh_frame      0x00000000001190e0       0xb0 binaries/doscan.o
                                         0xc8 (size before relaxing)
 .eh_frame      0x0000000000119190       0xc0 binaries/fdoprnt.o
                                         0xd8 (size before relaxing)
 .eh_frame      0x0000000000119250       0x20 binaries/fgetc.o
                                         0x38 (size before relaxing)
 .eh_frame      0x0000000000119270       0x20 binaries/fgets.o
                                         0x38 (size before relaxing)
 .eh_frame      0x0000000000119290       0x20 binaries/fprintf.o
                                         0x38 (size before relaxing)
 .eh_frame      0x00000000001192b0       0x20 binaries/fputc.o
                                         0x38 (size before relaxing)
 .eh_frame      0x00000000001192d0       0x20 binaries/fputs.o
                                         0x38 (size before relaxing)
 .eh_frame      0x00000000001192f0       0x60 binaries/fscanf.o
                                         0x78 (size before relaxing)
 .eh_frame      0x0000000000119350       0x20 binaries/getchar.o
                                         0x38 (size before relaxing)
 .eh_frame      0x0000000000119370       0x20 binaries/labs.o
                                         0x38 (size before relaxing)
 .eh_frame      0x0000000000119390      0x420 binaries/list.o
                                        0x438 (size before relaxing)
 .eh_frame      0x00000000001197b0       0x20 binaries/memcmp.o
                                         0x38 (size before relaxing)
 .eh_frame      0x00000000001197d0       0x24 binaries/memcpy.o
                                         0x3c (size before relaxing)
 .eh_frame      0x00000000001197f4       0x24 binaries/memset.o
                                         0x3c (size before relaxing)
 .eh_frame      0x0000000000119818       0x20 binaries/printf.o
                                         0x38 (size before relaxing)
 .eh_frame      0x0000000000119838       0x20 binaries/putchar.o
                                         0x38 (size before relaxing)
 .eh_frame      0x0000000000119858       0xa8 binaries/qsort.o
                                         0xc0 (size before relaxing)
 .eh_frame      0x0000000000119900       0x60 binaries/rand.o
                                         0x78 (size before relaxing)
 .eh_frame      0x0000000000119960       0x40 binaries/sprintf.o
                                         0x58 (size before relaxing)
 .eh_frame      0x00000000001199a0       0x8c binaries/sscanf.o
                                         0xa4 (size before relaxing)
 .eh_frame      0x0000000000119a2c       0x20 binaries/strchr.o
                                         0x38 (size before relaxing)
 .eh_frame      0x0000000000119a4c       0x20 binaries/strcmp.o
                                         0x38 (size before relaxing)
 .eh_frame      0x0000000000119a6c       0x20 binaries/strcpy.o
                                         0x38 (size before relaxing)
 .eh_frame      0x0000000000119a8c       0x20 binaries/strlen.o
                                         0x38 (size before relaxing)
 .eh_frame      0x0000000000119aac       0x20 binaries/strncat.o
                                         0x38 (size before relaxing)
 .eh_frame      0x0000000000119acc       0x20 binaries/strncmp.o
                                         0x38 (size before relaxing)
 .eh_frame      0x0000000000119aec       0x28 binaries/strncpy.o
                                         0x40 (size before relaxing)
 .eh_frame      0x0000000000119b14       0x20 binaries/strnlen.o
                                         0x38 (size before relaxing)
 .eh_frame      0x0000000000119b34       0x20 binaries/strrchr.o
                                         0x38 (size before relaxing)
 .eh_frame      0x0000000000119b54       0x20 binaries/strstr.o
                                         0x38 (size before relaxing)
 .eh_frame      0x0000000000119b74       0x20 binaries/ttycontrol.o
                                         0x38 (size before relaxing)
 .eh_frame      0x0000000000119b94       0x20 binaries/ttygetc.o
                                         0x38 (size before relaxing)
 .eh_frame      0x0000000000119bb4       0x80 binaries/ttyhandle_in.o
                                         0x98 (size before relaxing)
 .eh_frame      0x0000000000119c34       0x20 binaries/ttyhandle_out.o
                                         0x38 (size before relaxing)
 .eh_frame      0x0000000000119c54       0x20 binaries/ttyhandler.o
                                         0x38 (size before relaxing)
 .eh_frame      0x0000000000119c74       0x20 binaries/ttyinit.o
                                         0x38 (size before relaxing)
 .eh_frame      0x0000000000119c94       0x20 binaries/ttykickout.o
                                         0x38 (size before relaxing)
 .eh_frame      0x0000000000119cb4       0x20 binaries/ttyputc.o
                                         0x38 (size before relaxing)
 .eh_frame      0x0000000000119cd4       0x24 binaries/ttyread.o
                                         0x3c (size before relaxing)
 .eh_frame      0x0000000000119cf8       0x20 binaries/ttywrite.o
                                         0x38 (size before relaxing)
 .eh_frame      0x0000000000119d18       0x40 binaries/mount.o
                                         0x58 (size before relaxing)
 .eh_frame      0x0000000000119d58       0x20 binaries/naminit.o
                                         0x38 (size before relaxing)
 .eh_frame      0x0000000000119d78       0x60 binaries/nammap.o
                                         0x78 (size before relaxing)
 .eh_frame      0x0000000000119dd8       0x20 binaries/namopen.o
                                         0x38 (size before relaxing)
 .eh_frame      0x0000000000119df8       0x20 binaries/ethcontrol.o
                                         0x38 (size before relaxing)
 .eh_frame      0x0000000000119e18       0x20 binaries/ethhandler.o
                                         0x38 (size before relaxing)
 .eh_frame      0x0000000000119e38       0x9c binaries/ethinit.o
                                         0xb4 (size before relaxing)
 .eh_frame      0x0000000000119ed4       0x40 binaries/ethmcast.o
                                         0x58 (size before relaxing)
 .eh_frame      0x0000000000119f14       0x20 binaries/ethread.o
                                         0x38 (size before relaxing)
 .eh_frame      0x0000000000119f34       0x20 binaries/ethwrite.o
                                         0x38 (size before relaxing)
 .eh_frame      0x0000000000119f54       0x20 binaries/rdsbufalloc.o
                                         0x38 (size before relaxing)
 .eh_frame      0x0000000000119f74       0x20 binaries/rdsclose.o
                                         0x38 (size before relaxing)
 .eh_frame      0x0000000000119f94       0x20 binaries/rdscomm.o
                                         0x38 (size before relaxing)
 .eh_frame      0x0000000000119fb4       0x20 binaries/rdscontrol.o
                                         0x38 (size before relaxing)
 .eh_frame      0x0000000000119fd4       0x20 binaries/rdsinit.o
                                         0x38 (size before relaxing)
 .eh_frame      0x0000000000119ff4       0x20 binaries/rdsopen.o
                                         0x38 (size before relaxing)
 .eh_frame      0x000000000011a014       0x1c binaries/rdsprocess.o
                                         0x34 (size before relaxing)
 .eh_frame      0x000000000011a030       0x20 binaries/rdsread.o
                                         0x38 (size before relaxing)
 .eh_frame      0x000000000011a050       0x20 binaries/rdswrite.o
                                         0x38 (size before relaxing)
 .eh_frame      0x000000000011a070       0x20 binaries/ramclose.o
                                         0x38 (size before relaxing)
 .eh_frame      0x000000000011a090       0x20 binaries/raminit.o
                                         0x38 (size before relaxing)
 .eh_frame      0x000000000011a0b0       0x20 binaries/ramopen.o
                                         0x38 (size before relaxing)
 .eh_frame      0x000000000011a0d0       0x20 binaries/ramread.o
                                         0x38 (size before relaxing)
 .eh_frame      0x000000000011a0f0       0x20 binaries/ramwrite.o
                                         0x38 (size before relaxing)
 .eh_frame      0x000000000011a110       0x20 binaries/lfdballoc.o
                                         0x38 (size before relaxing)
 .eh_frame      0x000000000011a130       0x20 binaries/lfdbfree.o
                                         0x38 (size before relaxing)
 .eh_frame      0x000000000011a150       0x20 binaries/lfflush.o
                                         0x38 (size before relaxing)
 .eh_frame      0x000000000011a170       0x20 binaries/lfgetmode.o
                                         0x38 (size before relaxing)
 .eh_frame      0x000000000011a190       0x20 binaries/lfiballoc.o
                                         0x38 (size before relaxing)
 .eh_frame      0x000000000011a1b0       0x20 binaries/lfibclear.o
                                         0x38 (size before relaxing)
 .eh_frame      0x000000000011a1d0       0x20 binaries/lfibget.o
                                         0x38 (size before relaxing)
 .eh_frame      0x000000000011a1f0       0x20 binaries/lfibput.o
                                         0x38 (size before relaxing)
 .eh_frame      0x000000000011a210       0x20 binaries/lflclose.o
                                         0x38 (size before relaxing)
 .eh_frame      0x000000000011a230       0x20 binaries/lflcontrol.o
                                         0x38 (size before relaxing)
 .eh_frame      0x000000000011a250       0x20 binaries/lflgetc.o
                                         0x38 (size before relaxing)
 .eh_frame      0x000000000011a270       0x20 binaries/lflinit.o
                                         0x38 (size before relaxing)
 .eh_frame      0x000000000011a290       0x20 binaries/lflputc.o
                                         0x38 (size before relaxing)
 .eh_frame      0x000000000011a2b0       0x20 binaries/lflread.o
                                         0x38 (size before relaxing)
 .eh_frame      0x000000000011a2d0       0x20 binaries/lflseek.o
                                         0x38 (size before relaxing)
 .eh_frame      0x000000000011a2f0       0x20 binaries/lflwrite.o
                                         0x38 (size before relaxing)
 .eh_frame      0x000000000011a310       0x20 binaries/lfscheck.o
                                         0x38 (size before relaxing)
 .eh_frame      0x000000000011a330       0x20 binaries/lfsckfmt.o
                                         0x38 (size before relaxing)
 .eh_frame      0x000000000011a350       0x20 binaries/lfscreate.o
                                         0x38 (size before relaxing)
 .eh_frame      0x000000000011a370       0x20 binaries/lfsetup.o
                                         0x38 (size before relaxing)
 .eh_frame      0x000000000011a390       0x20 binaries/lfsinit.o
                                         0x38 (size before relaxing)
 .eh_frame      0x000000000011a3b0       0x20 binaries/lfsopen.o
                                         0x38 (size before relaxing)
 .eh_frame      0x000000000011a3d0       0x20 binaries/lftruncate.o
                                         0x38 (size before relaxing)
 .eh_frame      0x000000000011a3f0       0x20 binaries/rflclose.o
                                         0x38 (size before relaxing)
 .eh_frame      0x000000000011a410       0x20 binaries/rflgetc.o
                                         0x38 (size before relaxing)
 .eh_frame      0x000000000011a430       0x20 binaries/rflinit.o
                                         0x38 (size before relaxing)
 .eh_frame      0x000000000011a450       0x20 binaries/rflputc.o
                                         0x38 (size before relaxing)
 .eh_frame      0x000000000011a470       0x20 binaries/rflread.o
                                         0x38 (size before relaxing)
 .eh_frame      0x000000000011a490       0x20 binaries/rflseek.o
                                         0x38 (size before relaxing)
 .eh_frame      0x000000000011a4b0       0x20 binaries/rflwrite.o
                                         0x38 (size before relaxing)
 .eh_frame      0x000000000011a4d0       0x20 binaries/rfscomm.o
                                         0x38 (size before relaxing)
 .eh_frame      0x000000000011a4f0       0x20 binaries/rfscontrol.o
                                         0x38 (size before relaxing)
 .eh_frame      0x000000000011a510       0x20 binaries/rfsgetmode.o
                                         0x38 (size before relaxing)
 .eh_frame      0x000000000011a530       0x20 binaries/rfsinit.o
                                         0x38 (size before relaxing)
 .eh_frame      0x000000000011a550       0x20 binaries/rfsndmsg.o
                                         0x38 (size before relaxing)
 .eh_frame      0x000000000011a570       0x20 binaries/rfsopen.o
                                         0x38 (size before relaxing)
 .eh_frame      0x000000000011a590       0x20 binaries/dns.o
                                         0x38 (size before relaxing)
 .eh_frame      0x000000000011a5b0       0x20 binaries/dot2ip.o
                                         0x38 (size before relaxing)
 .eh_frame      0x000000000011a5d0       0x40 binaries/hexdump.o
                                         0x58 (size before relaxing)
 .eh_frame      0x000000000011a610      0x164 binaries/icmpv6.o
                                        0x17c (size before relaxing)
 .eh_frame      0x000000000011a774       0x60 binaries/ipv6.o
                                         0x78 (size before relaxing)
 .eh_frame      0x000000000011a7d4      0x100 binaries/net.o
                                        0x118 (size before relaxing)
 .eh_frame      0x000000000011a8d4       0x8c binaries/pdump.o
                                         0xa4 (size before relaxing)
 .eh_frame      0x000000000011a960      0x140 binaries/udp.o
                                        0x158 (size before relaxing)
 .eh_frame      0x000000000011aaa0       0x60 binaries/uip_ds.o
                                         0x78 (size before relaxing)
 .eh_frame      0x000000000011ab00       0x20 binaries/addargs.o
                                         0x38 (size before relaxing)
 .eh_frame      0x000000000011ab20       0x20 binaries/lexan.o
                                         0x38 (size before relaxing)
 .eh_frame      0x000000000011ab40       0x20 binaries/shell.o
                                         0x38 (size before relaxing)
 .eh_frame      0x000000000011ab60       0x20 binaries/xsh_argecho.o
                                         0x38 (size before relaxing)
 .eh_frame      0x000000000011ab80       0x20 binaries/xsh_arp.o
                                         0x38 (size before relaxing)
 .eh_frame      0x000000000011aba0       0x20 binaries/xsh_cat.o
                                         0x38 (size before relaxing)
 .eh_frame      0x000000000011abc0       0x20 binaries/xsh_clear.o
                                         0x38 (size before relaxing)
 .eh_frame      0x000000000011abe0       0x20 binaries/xsh_date.o
                                         0x38 (size before relaxing)
 .eh_frame      0x000000000011ac00       0x20 binaries/xsh_devdump.o
                                         0x38 (size before relaxing)
 .eh_frame      0x000000000011ac20       0x20 binaries/xsh_echo.o
                                         0x38 (size before relaxing)
 .eh_frame      0x000000000011ac40       0x20 binaries/xsh_exit.o
                                         0x38 (size before relaxing)
 .eh_frame      0x000000000011ac60       0x20 binaries/xsh_help.o
                                         0x38 (size before relaxing)
 .eh_frame      0x000000000011ac80       0x20 binaries/xsh_kill.o
                                         0x38 (size before relaxing)
 .eh_frame      0x000000000011aca0       0x40 binaries/xsh_libtest.o
                                         0x58 (size before relaxing)
 .eh_frame      0x000000000011ace0       0x40 binaries/xsh_memdump.o
                                         0x58 (size before relaxing)
 .eh_frame      0x000000000011ad20       0x60 binaries/xsh_memstat.o
                                         0x78 (size before relaxing)
 .eh_frame      0x000000000011ad80       0x30 binaries/xsh_netinfo.o
                                         0x48 (size before relaxing)
 .eh_frame      0x000000000011adb0       0x24 binaries/xsh_pdump.o
                                         0x3c (size before relaxing)
 .eh_frame      0x000000000011add4       0x20 binaries/xsh_ping.o
                                         0x38 (size before relaxing)
 .eh_frame      0x000000000011adf4       0x30 binaries/xsh_ping6.o
                                         0x48 (size before relaxing)
 .eh_frame      0x000000000011ae24       0x30 binaries/xsh_ps.o
                                         0x48 (size before relaxing)
 .eh_frame      0x000000000011ae54       0x20 binaries/xsh_sleep.o
                                         0x38 (size before relaxing)
 .eh_frame      0x000000000011ae74       0x30 binaries/xsh_sp.o
                                         0x48 (size before relaxing)
 .eh_frame      0x000000000011aea4       0x20 binaries/xsh_udpdump.o
                                         0x38 (size before relaxing)
 .eh_frame      0x000000000011aec4       0x20 binaries/xsh_udpecho.o
                                         0x38 (size before relaxing)
 .eh_frame      0x000000000011aee4       0x20 binaries/xsh_udpserver.o
                                         0x38 (size before relaxing)
 .eh_frame      0x000000000011af04       0x20 binaries/xsh_uptime.o
                                         0x38 (size before relaxing)

.iplt           0x000000000011af30        0x0
 .iplt          0x000000000011af30        0x0 binaries/start.o

.rel.dyn        0x000000000011af24        0x0
 .rel.iplt      0x000000000011af24        0x0 binaries/start.o
 .rel.text      0x000000000011af24        0x0 binaries/start.o
 .rel.data      0x000000000011af24        0x0 binaries/start.o
 .rel.rodata    0x000000000011af24        0x0 binaries/start.o

.data           0x000000000011af40     0x20c0
                0x000000000011af40                data = ABSOLUTE (.)
 *(.data .data.*)
 .data          0x000000000011af40      0x83a binaries/start.o
                0x000000000011af40                gdt
                0x000000000011af70                idt
                0x000000000011b776                cpudelay
 *fill*         0x000000000011b77a        0x6 
 .data          0x000000000011b780       0x88 binaries/ascdate.o
                0x000000000011b780                Date
 .data          0x000000000011b808        0x0 binaries/bufinit.o
 .data          0x000000000011b808        0x0 binaries/chprio.o
 .data          0x000000000011b808        0x4 binaries/clkhandler.o
 .data          0x000000000011b80c        0x4 binaries/clkinit.o
                0x000000000011b80c                hpet
 .data          0x000000000011b810        0x0 binaries/close.o
 *fill*         0x000000000011b810       0x10 
 .data          0x000000000011b820      0x5a0 binaries/conf.o
                0x000000000011b820                devtab
 .data          0x000000000011bdc0        0x0 binaries/control.o
 .data          0x000000000011bdc0        0x4 binaries/create.o
 .data          0x000000000011bdc4        0x0 binaries/early_imr.o
 *fill*         0x000000000011bdc4       0x1c 
 .data          0x000000000011bde0       0x60 binaries/evec.o
                0x000000000011bde0                lapic
                0x000000000011be00                inames
 .data          0x000000000011be40        0x0 binaries/exit.o
 .data          0x000000000011be40        0x0 binaries/freebuf.o
 .data          0x000000000011be40        0x0 binaries/freemem.o
 .data          0x000000000011be40        0x0 binaries/getbuf.o
 .data          0x000000000011be40        0x0 binaries/getc.o
 .data          0x000000000011be40        0x0 binaries/getdev.o
 .data          0x000000000011be40        0x0 binaries/getitem.o
 .data          0x000000000011be40        0x0 binaries/getmem.o
[...]
 .comment       0x000000000000002a       0x2b binaries/shell.o
 .comment       0x000000000000002a       0x2b binaries/xsh_argecho.o
 .comment       0x000000000000002a       0x2b binaries/xsh_arp.o
 .comment       0x000000000000002a       0x2b binaries/xsh_cat.o
 .comment       0x000000000000002a       0x2b binaries/xsh_clear.o
 .comment       0x000000000000002a       0x2b binaries/xsh_date.o
 .comment       0x000000000000002a       0x2b binaries/xsh_devdump.o
 .comment       0x000000000000002a       0x2b binaries/xsh_echo.o
 .comment       0x000000000000002a       0x2b binaries/xsh_exit.o
 .comment       0x000000000000002a       0x2b binaries/xsh_help.o
 .comment       0x000000000000002a       0x2b binaries/xsh_kill.o
 .comment       0x000000000000002a       0x2b binaries/xsh_libtest.o
 .comment       0x000000000000002a       0x2b binaries/xsh_memdump.o
 .comment       0x000000000000002a       0x2b binaries/xsh_memstat.o
 .comment       0x000000000000002a       0x2b binaries/xsh_netinfo.o
 .comment       0x000000000000002a       0x2b binaries/xsh_pdump.o
 .comment       0x000000000000002a       0x2b binaries/xsh_ping.o
 .comment       0x000000000000002a       0x2b binaries/xsh_ping6.o
 .comment       0x000000000000002a       0x2b binaries/xsh_ps.o
 .comment       0x000000000000002a       0x2b binaries/xsh_sleep.o
 .comment       0x000000000000002a       0x2b binaries/xsh_sp.o
 .comment       0x000000000000002a       0x2b binaries/xsh_udpdump.o
 .comment       0x000000000000002a       0x2b binaries/xsh_udpecho.o
 .comment       0x000000000000002a       0x2b binaries/xsh_udpserver.o
 .comment       0x000000000000002a       0x2b binaries/xsh_uptime.o

.note.GNU-stack
                0x0000000000000000        0x0
 .note.GNU-stack
                0x0000000000000000        0x0 binaries/ascdate.o
 .note.GNU-stack
                0x0000000000000000        0x0 binaries/bufinit.o
 .note.GNU-stack
                0x0000000000000000        0x0 binaries/chprio.o
 .note.GNU-stack
                0x0000000000000000        0x0 binaries/clkhandler.o
 .note.GNU-stack
                0x0000000000000000        0x0 binaries/clkinit.o
 .note.GNU-stack
                0x0000000000000000        0x0 binaries/close.o
 .note.GNU-stack
                0x0000000000000000        0x0 binaries/conf.o
 .note.GNU-stack
                0x0000000000000000        0x0 binaries/control.o
 .note.GNU-stack
                0x0000000000000000        0x0 binaries/create.o
 .note.GNU-stack
                0x0000000000000000        0x0 binaries/early_imr.o
 .note.GNU-stack
                0x0000000000000000        0x0 binaries/evec.o
 .note.GNU-stack
                0x0000000000000000        0x0 binaries/exit.o
 .note.GNU-stack
                0x0000000000000000        0x0 binaries/freebuf.o
 .note.GNU-stack
                0x0000000000000000        0x0 binaries/freemem.o
 .note.GNU-stack
                0x0000000000000000        0x0 binaries/getbuf.o
 .note.GNU-stack
                0x0000000000000000        0x0 binaries/getc.o
 .note.GNU-stack
                0x0000000000000000        0x0 binaries/getdev.o
 .note.GNU-stack
                0x0000000000000000        0x0 binaries/getitem.o
 .note.GNU-stack
                0x0000000000000000        0x0 binaries/getmem.o
 .note.GNU-stack
                0x0000000000000000        0x0 binaries/getpid.o
 .note.GNU-stack
                0x0000000000000000        0x0 binaries/getprio.o
 .note.GNU-stack
                0x0000000000000000        0x0 binaries/getstk.o
 .note.GNU-stack
                0x0000000000000000        0x0 binaries/getticks.o
 .note.GNU-stack
                0x0000000000000000        0x0 binaries/gettime.o
 .note.GNU-stack
                0x0000000000000000        0x0 binaries/getutime.o
 .note.GNU-stack
                0x0000000000000000        0x0 binaries/init.o
 .note.GNU-stack
                0x0000000000000000        0x0 binaries/initialize.o
 .note.GNU-stack
                0x0000000000000000        0x0 binaries/insert.o
 .note.GNU-stack
                0x0000000000000000        0x0 binaries/insertd.o
 .note.GNU-stack
                0x0000000000000000        0x0 binaries/ioerr.o
 .note.GNU-stack
                0x0000000000000000        0x0 binaries/ionull.o
 .note.GNU-stack
                0x0000000000000000        0x0 binaries/kill.o
 .note.GNU-stack
                0x0000000000000000        0x0 binaries/kprintf.o
 .note.GNU-stack
                0x0000000000000000        0x0 binaries/main.o
 .note.GNU-stack
                0x0000000000000000        0x0 binaries/mark.o
 .note.GNU-stack
                0x0000000000000000        0x0 binaries/meminit.o
 .note.GNU-stack
                0x0000000000000000        0x0 binaries/mkbufpool.o
 .note.GNU-stack
                0x0000000000000000        0x0 binaries/newqueue.o
 .note.GNU-stack
                0x0000000000000000        0x0 binaries/open.o
 .note.GNU-stack
                0x0000000000000000        0x0 binaries/panic.o
 .note.GNU-stack
                0x0000000000000000        0x0 binaries/pci.o
 .note.GNU-stack
                0x0000000000000000        0x0 binaries/platinit.o
 .note.GNU-stack
                0x0000000000000000        0x0 binaries/ptclear.o
 .note.GNU-stack
                0x0000000000000000        0x0 binaries/ptcount.o
 .note.GNU-stack
                0x0000000000000000        0x0 binaries/ptcreate.o
 .note.GNU-stack
                0x0000000000000000        0x0 binaries/ptdelete.o
 .note.GNU-stack
                0x0000000000000000        0x0 binaries/ptinit.o
 .note.GNU-stack
                0x0000000000000000        0x0 binaries/ptrecv.o
 .note.GNU-stack
                0x0000000000000000        0x0 binaries/ptreset.o
 .note.GNU-stack
                0x0000000000000000        0x0 binaries/ptsend.o
 .note.GNU-stack
                0x0000000000000000        0x0 binaries/putc.o
 .note.GNU-stack
                0x0000000000000000        0x0 binaries/quark_irq.o
 .note.GNU-stack
                0x0000000000000000        0x0 binaries/quark_pdat.o
 .note.GNU-stack
                0x0000000000000000        0x0 binaries/queue.o
 .note.GNU-stack
                0x0000000000000000        0x0 binaries/read.o
 .note.GNU-stack
                0x0000000000000000        0x0 binaries/ready.o
 .note.GNU-stack
                0x0000000000000000        0x0 binaries/receive.o
 .note.GNU-stack
                0x0000000000000000        0x0 binaries/recvclr.o
 .note.GNU-stack
                0x0000000000000000        0x0 binaries/recvtime.o
 .note.GNU-stack
                0x0000000000000000        0x0 binaries/resched.o
 .note.GNU-stack
                0x0000000000000000        0x0 binaries/resume.o
 .note.GNU-stack
                0x0000000000000000        0x0 binaries/seek.o
 .note.GNU-stack
                0x0000000000000000        0x0 binaries/semcount.o
 .note.GNU-stack
                0x0000000000000000        0x0 binaries/semcreate.o
 .note.GNU-stack
                0x0000000000000000        0x0 binaries/semdelete.o
 .note.GNU-stack
                0x0000000000000000        0x0 binaries/semreset.o
 .note.GNU-stack
                0x0000000000000000        0x0 binaries/send.o
 .note.GNU-stack
                0x0000000000000000        0x0 binaries/signal.o
 .note.GNU-stack
                0x0000000000000000        0x0 binaries/signaln.o
 .note.GNU-stack
                0x0000000000000000        0x0 binaries/sleep.o
 .note.GNU-stack
                0x0000000000000000        0x0 binaries/stacktrace.o
 .note.GNU-stack
                0x0000000000000000        0x0 binaries/suspend.o
 .note.GNU-stack
                0x0000000000000000        0x0 binaries/unsleep.o
 .note.GNU-stack
                0x0000000000000000        0x0 binaries/userret.o
 .note.GNU-stack
                0x0000000000000000        0x0 binaries/wait.o
 .note.GNU-stack
                0x0000000000000000        0x0 binaries/wakeup.o
 .note.GNU-stack
                0x0000000000000000        0x0 binaries/write.o
 .note.GNU-stack
                0x0000000000000000        0x0 binaries/xdone.o
 .note.GNU-stack
                0x0000000000000000        0x0 binaries/yield.o
 .note.GNU-stack
                0x0000000000000000        0x0 binaries/abs.o
 .note.GNU-stack
                0x0000000000000000        0x0 binaries/atoi.o
 .note.GNU-stack
                0x0000000000000000        0x0 binaries/atol.o
 .note.GNU-stack
                0x0000000000000000        0x0 binaries/bzero.o
 .note.GNU-stack
                0x0000000000000000        0x0 binaries/ctype_.o
 .note.GNU-stack
                0x0000000000000000        0x0 binaries/doprnt.o
 .note.GNU-stack
                0x0000000000000000        0x0 binaries/doscan.o
 .note.GNU-stack
                0x0000000000000000        0x0 binaries/fdoprnt.o
 .note.GNU-stack
                0x0000000000000000        0x0 binaries/fgetc.o
 .note.GNU-stack
                0x0000000000000000        0x0 binaries/fgets.o
 .note.GNU-stack
                0x0000000000000000        0x0 binaries/fprintf.o
 .note.GNU-stack
                0x0000000000000000        0x0 binaries/fputc.o
 .note.GNU-stack
                0x0000000000000000        0x0 binaries/fputs.o
 .note.GNU-stack
                0x0000000000000000        0x0 binaries/fscanf.o
 .note.GNU-stack
                0x0000000000000000        0x0 binaries/getchar.o
 .note.GNU-stack
                0x0000000000000000        0x0 binaries/labs.o
 .note.GNU-stack
                0x0000000000000000        0x0 binaries/list.o
 .note.GNU-stack
                0x0000000000000000        0x0 binaries/memchr.o
 .note.GNU-stack
                0x0000000000000000        0x0 binaries/memcmp.o
 .note.GNU-stack
                0x0000000000000000        0x0 binaries/memcpy.o
 .note.GNU-stack
                0x0000000000000000        0x0 binaries/memset.o
 .note.GNU-stack
                0x0000000000000000        0x0 binaries/printf.o
 .note.GNU-stack
                0x0000000000000000        0x0 binaries/putchar.o
 .note.GNU-stack
                0x0000000000000000        0x0 binaries/qsort.o
 .note.GNU-stack
                0x0000000000000000        0x0 binaries/rand.o
 .note.GNU-stack
                0x0000000000000000        0x0 binaries/sprintf.o
 .note.GNU-stack
                0x0000000000000000        0x0 binaries/sscanf.o
 .note.GNU-stack
                0x0000000000000000        0x0 binaries/strchr.o
 .note.GNU-stack
                0x0000000000000000        0x0 binaries/strcmp.o
 .note.GNU-stack
                0x0000000000000000        0x0 binaries/strcpy.o
 .note.GNU-stack
                0x0000000000000000        0x0 binaries/strlen.o
 .note.GNU-stack
                0x0000000000000000        0x0 binaries/strncat.o
 .note.GNU-stack
                0x0000000000000000        0x0 binaries/strncmp.o
 .note.GNU-stack
                0x0000000000000000        0x0 binaries/strncpy.o
 .note.GNU-stack
                0x0000000000000000        0x0 binaries/strnlen.o
 .note.GNU-stack
                0x0000000000000000        0x0 binaries/strrchr.o
 .note.GNU-stack
                0x0000000000000000        0x0 binaries/strstr.o
 .note.GNU-stack
                0x0000000000000000        0x0 binaries/ttycontrol.o
 .note.GNU-stack
                0x0000000000000000        0x0 binaries/ttygetc.o
 .note.GNU-stack
                0x0000000000000000        0x0 binaries/ttyhandle_in.o
 .note.GNU-stack
                0x0000000000000000        0x0 binaries/ttyhandle_out.o
 .note.GNU-stack
                0x0000000000000000        0x0 binaries/ttyhandler.o
 .note.GNU-stack
                0x0000000000000000        0x0 binaries/ttyinit.o
 .note.GNU-stack
                0x0000000000000000        0x0 binaries/ttykickout.o
 .note.GNU-stack
                0x0000000000000000        0x0 binaries/ttyputc.o
 .note.GNU-stack
                0x0000000000000000        0x0 binaries/ttyread.o
 .note.GNU-stack
                0x0000000000000000        0x0 binaries/ttywrite.o
 .note.GNU-stack
                0x0000000000000000        0x0 binaries/mount.o
 .note.GNU-stack
                0x0000000000000000        0x0 binaries/naminit.o
 .note.GNU-stack
                0x0000000000000000        0x0 binaries/nammap.o
 .note.GNU-stack
                0x0000000000000000        0x0 binaries/namopen.o
 .note.GNU-stack
                0x0000000000000000        0x0 binaries/ethcontrol.o
 .note.GNU-stack
                0x0000000000000000        0x0 binaries/ethhandler.o
 .note.GNU-stack
                0x0000000000000000        0x0 binaries/ethinit.o
 .note.GNU-stack
                0x0000000000000000        0x0 binaries/ethmcast.o
 .note.GNU-stack
                0x0000000000000000        0x0 binaries/ethread.o
 .note.GNU-stack
                0x0000000000000000        0x0 binaries/ethwrite.o
 .note.GNU-stack
                0x0000000000000000        0x0 binaries/rdsbufalloc.o
 .note.GNU-stack
                0x0000000000000000        0x0 binaries/rdsclose.o
 .note.GNU-stack
                0x0000000000000000        0x0 binaries/rdscomm.o
 .note.GNU-stack
                0x0000000000000000        0x0 binaries/rdscontrol.o
 .note.GNU-stack
                0x0000000000000000        0x0 binaries/rdsinit.o
 .note.GNU-stack
                0x0000000000000000        0x0 binaries/rdsopen.o
 .note.GNU-stack
                0x0000000000000000        0x0 binaries/rdsprocess.o
 .note.GNU-stack
                0x0000000000000000        0x0 binaries/rdsread.o
 .note.GNU-stack
                0x0000000000000000        0x0 binaries/rdswrite.o
 .note.GNU-stack
                0x0000000000000000        0x0 binaries/ramclose.o
 .note.GNU-stack
                0x0000000000000000        0x0 binaries/raminit.o
 .note.GNU-stack
                0x0000000000000000        0x0 binaries/ramopen.o
 .note.GNU-stack
                0x0000000000000000        0x0 binaries/ramread.o
 .note.GNU-stack
                0x0000000000000000        0x0 binaries/ramwrite.o
 .note.GNU-stack
                0x0000000000000000        0x0 binaries/lfdballoc.o
 .note.GNU-stack
                0x0000000000000000        0x0 binaries/lfdbfree.o
 .note.GNU-stack
                0x0000000000000000        0x0 binaries/lfflush.o
 .note.GNU-stack
                0x0000000000000000        0x0 binaries/lfgetmode.o
 .note.GNU-stack
                0x0000000000000000        0x0 binaries/lfiballoc.o
 .note.GNU-stack
                0x0000000000000000        0x0 binaries/lfibclear.o
 .note.GNU-stack
                0x0000000000000000        0x0 binaries/lfibget.o
 .note.GNU-stack
                0x0000000000000000        0x0 binaries/lfibput.o
 .note.GNU-stack
                0x0000000000000000        0x0 binaries/lflclose.o
 .note.GNU-stack
                0x0000000000000000        0x0 binaries/lflcontrol.o
 .note.GNU-stack
                0x0000000000000000        0x0 binaries/lflgetc.o
 .note.GNU-stack
                0x0000000000000000        0x0 binaries/lflinit.o
 .note.GNU-stack
                0x0000000000000000        0x0 binaries/lflputc.o
 .note.GNU-stack
                0x0000000000000000        0x0 binaries/lflread.o
 .note.GNU-stack
                0x0000000000000000        0x0 binaries/lflseek.o
 .note.GNU-stack
                0x0000000000000000        0x0 binaries/lflwrite.o
 .note.GNU-stack
                0x0000000000000000        0x0 binaries/lfscheck.o
 .note.GNU-stack
                0x0000000000000000        0x0 binaries/lfsckfmt.o
 .note.GNU-stack
                0x0000000000000000        0x0 binaries/lfscreate.o
 .note.GNU-stack
                0x0000000000000000        0x0 binaries/lfsetup.o
 .note.GNU-stack
                0x0000000000000000        0x0 binaries/lfsinit.o
 .note.GNU-stack
                0x0000000000000000        0x0 binaries/lfsopen.o
 .note.GNU-stack
                0x0000000000000000        0x0 binaries/lftruncate.o
 .note.GNU-stack
                0x0000000000000000        0x0 binaries/rflclose.o
 .note.GNU-stack
                0x0000000000000000        0x0 binaries/rflgetc.o
 .note.GNU-stack
                0x0000000000000000        0x0 binaries/rflinit.o
 .note.GNU-stack
                0x0000000000000000        0x0 binaries/rflputc.o
 .note.GNU-stack
                0x0000000000000000        0x0 binaries/rflread.o
 .note.GNU-stack
                0x0000000000000000        0x0 binaries/rflseek.o
 .note.GNU-stack
                0x0000000000000000        0x0 binaries/rflwrite.o
 .note.GNU-stack
                0x0000000000000000        0x0 binaries/rfscomm.o
 .note.GNU-stack
                0x0000000000000000        0x0 binaries/rfscontrol.o
 .note.GNU-stack
                0x0000000000000000        0x0 binaries/rfsgetmode.o
 .note.GNU-stack
                0x0000000000000000        0x0 binaries/rfsinit.o
 .note.GNU-stack
                0x0000000000000000        0x0 binaries/rfsndmsg.o
 .note.GNU-stack
                0x0000000000000000        0x0 binaries/rfsopen.o
 .note.GNU-stack
                0x0000000000000000        0x0 binaries/dns.o
 .note.GNU-stack
                0x0000000000000000        0x0 binaries/dot2ip.o
 .note.GNU-stack
                0x0000000000000000        0x0 binaries/hexdump.o
 .note.GNU-stack
                0x0000000000000000        0x0 binaries/icmpv6.o
 .note.GNU-stack
                0x0000000000000000        0x0 binaries/ipv6.o
 .note.GNU-stack
                0x0000000000000000        0x0 binaries/net.o
 .note.GNU-stack
                0x0000000000000000        0x0 binaries/pdump.o
 .note.GNU-stack
                0x0000000000000000        0x0 binaries/udp.o
 .note.GNU-stack
                0x0000000000000000        0x0 binaries/uip_ds.o
 .note.GNU-stack
                0x0000000000000000        0x0 binaries/addargs.o
 .note.GNU-stack
                0x0000000000000000        0x0 binaries/lexan.o
 .note.GNU-stack
                0x0000000000000000        0x0 binaries/shell.o
 .note.GNU-stack
                0x0000000000000000        0x0 binaries/xsh_argecho.o
 .note.GNU-stack
                0x0000000000000000        0x0 binaries/xsh_arp.o
 .note.GNU-stack
                0x0000000000000000        0x0 binaries/xsh_cat.o
 .note.GNU-stack
                0x0000000000000000        0x0 binaries/xsh_clear.o
 .note.GNU-stack
                0x0000000000000000        0x0 binaries/xsh_date.o
 .note.GNU-stack
                0x0000000000000000        0x0 binaries/xsh_devdump.o
 .note.GNU-stack
                0x0000000000000000        0x0 binaries/xsh_echo.o
 .note.GNU-stack
                0x0000000000000000        0x0 binaries/xsh_exit.o
 .note.GNU-stack
                0x0000000000000000        0x0 binaries/xsh_help.o
 .note.GNU-stack
                0x0000000000000000        0x0 binaries/xsh_kill.o
 .note.GNU-stack
                0x0000000000000000        0x0 binaries/xsh_libtest.o
 .note.GNU-stack
                0x0000000000000000        0x0 binaries/xsh_memdump.o
 .note.GNU-stack
                0x0000000000000000        0x0 binaries/xsh_memstat.o
 .note.GNU-stack
                0x0000000000000000        0x0 binaries/xsh_netinfo.o
 .note.GNU-stack
                0x0000000000000000        0x0 binaries/xsh_pdump.o
 .note.GNU-stack
                0x0000000000000000        0x0 binaries/xsh_ping.o
 .note.GNU-stack
                0x0000000000000000        0x0 binaries/xsh_ping6.o
 .note.GNU-stack
                0x0000000000000000        0x0 binaries/xsh_ps.o
 .note.GNU-stack
                0x0000000000000000        0x0 binaries/xsh_sleep.o
 .note.GNU-stack
                0x0000000000000000        0x0 binaries/xsh_sp.o
 .note.GNU-stack
                0x0000000000000000        0x0 binaries/xsh_udpdump.o
 .note.GNU-stack
                0x0000000000000000        0x0 binaries/xsh_udpecho.o
 .note.GNU-stack
                0x0000000000000000        0x0 binaries/xsh_udpserver.o
 .note.GNU-stack
                0x0000000000000000        0x0 binaries/xsh_uptime.o
