
Allocating common symbols
Common symbol       size              file

netbufpool          0x4               binaries/net.o
readylist           0x2               binaries/ready.o
rfltab              0x5a0             binaries/rflinit.o
netportseed         0x8               binaries/net.o
sleepq              0x2               binaries/clkinit.o
host                0x1               binaries/net.o
nnames              0x4               binaries/naminit.o
udptab              0x168             binaries/udp.o
minheap             0x4               binaries/meminit.o
marks               0x50              binaries/mark.o
currpid             0x4               binaries/initialize.o
Lf_data             0x20c             binaries/lfsinit.o
porttab             0x2d0             binaries/ptinit.o
girmask             0x2               binaries/evec.o
ttytab              0x110             binaries/ttyinit.o
proctab             0x15e0            binaries/initialize.o
prcount             0x4               binaries/initialize.o
uip_lladdr          0x6               binaries/ipv6.o
int_actions         0x140             binaries/evec.o
lfltab              0xf00             binaries/lflinit.o
uip_next_hdr        0x4               binaries/ipv6.o
rdstab              0x8c              binaries/rdsinit.o
ethertab            0x13c             binaries/ethinit.o
nmarks              0x4               binaries/mark.o
if_tab              0x1b0             binaries/net.o
Defer               0x8               binaries/resched.o
semtab              0x4b0             binaries/initialize.o
maxheap             0x4               binaries/meminit.o
preempt             0x4               binaries/clkinit.o
buftab              0xf0              binaries/bufinit.o
Rf_data             0x18              binaries/rfsinit.o
ifprime             0x4               binaries/net.o
mkmutex             0x4               binaries/mark.o
clktime             0x4               binaries/clkinit.o
nbpools             0x4               binaries/bufinit.o
queuetab            0x980             binaries/queue.o
ptnextid            0x4               binaries/ptinit.o
Ram                 0x19000           binaries/raminit.o
memlist             0x8               binaries/initialize.o
uip_buf             0x4               binaries/ipv6.o
nametab             0x19a0            binaries/naminit.o
ptfree              0x4               binaries/ptinit.o

Memory Configuration

Name             Origin             Length             Attributes
*default*        0x0000000000000000 0xffffffffffffffff

Linker script and memory map

                0x0000000000100000                physbase = 0x100000
                0x0000000000100000                . = physbase
                0x0000000000100000                . = ALIGN (0x1000)

.text           0x0000000000100000    0x15000
                0x0000000000100000                text = ABSOLUTE (.)
 *(.text .text.*)
 .text          0x0000000000100000      0x1b8 binaries/start.o
                0x0000000000100028                start
                0x00000000001000fa                inb
                0x0000000000100102                inw
                0x000000000010010b                inl
                0x0000000000100113                outb
                0x000000000010011d                outw
                0x0000000000100128                outl
                0x0000000000100132                _rtcin
                0x000000000010013d                ___udivsi3
                0x0000000000100148                ___divsi3
                0x0000000000100154                sbzero
                0x0000000000100164                insw
                0x000000000010017a                outsw
                0x0000000000100190                bcopy
                0x00000000001001a4                lidt
                0x00000000001001ac                cpuid
 .text          0x00000000001001b8      0x3e3 binaries/ascdate.o
                0x00000000001001b8                ascdate
 .text          0x000000000010059b       0x14 binaries/bufinit.o
                0x000000000010059b                bufinit
 .text          0x00000000001005af       0x94 binaries/chprio.o
                0x00000000001005af                chprio
 .text          0x0000000000100643       0xbe binaries/clkhandler.o
                0x0000000000100643                clkhandler
 .text          0x0000000000100701       0xe2 binaries/clkinit.o
                0x0000000000100701                clkinit
 .text          0x00000000001007e3       0x75 binaries/close.o
                0x00000000001007e3                close
 .text          0x0000000000100858        0x0 binaries/conf.o
 .text          0x0000000000100858       0x7b binaries/control.o
                0x0000000000100858                control
 .text          0x00000000001008d3      0x2c0 binaries/create.o
                0x00000000001008d3                create
 .text          0x0000000000100b93      0x298 binaries/early_imr.o
                0x0000000000100b93                intel_cln_early_sb_read_reg
                0x0000000000100c12                intel_cln_early_sb_write_reg
                0x0000000000100da0                remove_irm_protections
 .text          0x0000000000100e2b      0x5d6 binaries/evec.o
                0x0000000000100e2b                initevec
                0x0000000000100f7d                set_evec
                0x0000000000100fea                set_ivec
                0x0000000000101089                ioapic_irq2vec
                0x00000000001010ca                int_dispatch
                0x000000000010115f                _8259_setirmask
                0x00000000001011b8                trap
 .text          0x0000000000101401       0x19 binaries/exit.o
                0x0000000000101401                exit
 .text          0x000000000010141a       0x8c binaries/freebuf.o
                0x000000000010141a                freebuf
 .text          0x00000000001014a6      0x172 binaries/freemem.o
                0x00000000001014a6                freemem
 .text          0x0000000000101618       0x8a binaries/getbuf.o
                0x0000000000101618                getbuf
 .text          0x00000000001016a2       0x75 binaries/getc.o
                0x00000000001016a2                getc
 .text          0x0000000000101717       0x74 binaries/getdev.o
                0x0000000000101717                getdev
 .text          0x000000000010178b       0xd0 binaries/getitem.o
                0x000000000010178b                getfirst
                0x00000000001017d0                getlast
                0x0000000000101817                getitem
 .text          0x000000000010185b      0x10a binaries/getmem.o
                0x000000000010185b                getmem
 .text          0x0000000000101965        0xa binaries/getpid.o
                0x0000000000101965                getpid
 .text          0x000000000010196f       0x7d binaries/getprio.o
                0x000000000010196f                getprio
 .text          0x00000000001019ec       0xfb binaries/getstk.o
                0x00000000001019ec                getstk
 .text          0x0000000000101ae7       0x16 binaries/getticks.o
                0x0000000000101ae7                getticks
 .text          0x0000000000101afd       0x3a binaries/gettime.o
                0x0000000000101afd                gettime
 .text          0x0000000000101b37        0xa binaries/getutime.o
                0x0000000000101b37                getutime
 .text          0x0000000000101b41       0x75 binaries/init.o
                0x0000000000101b41                init
 .text          0x0000000000101bb6      0x342 binaries/initialize.o
                0x0000000000101bb6                nulluser
                0x0000000000101e9f                stop
                0x0000000000101eca                delay
 .text          0x0000000000101ef8       0xde binaries/insert.o
                0x0000000000101ef8                insert
 .text          0x0000000000101fd6      0x110 binaries/insertd.o
                0x0000000000101fd6                insertd
 .text          0x00000000001020e6        0xa binaries/ioerr.o
                0x00000000001020e6                ioerr
 .text          0x00000000001020f0        0xa binaries/ionull.o
                0x00000000001020f0                ionull
 .text          0x00000000001020fa      0x19d binaries/kill.o
                0x00000000001020fa                kill
 .text          0x0000000000102297      0x138 binaries/kprintf.o
                0x0000000000102297                kputc
                0x0000000000102322                kgetc
                0x00000000001023a5                kprintf
 .text          0x00000000001023cf       0x95 binaries/main.o
                0x00000000001023cf                main
 .text          0x0000000000102464       0xb5 binaries/mark.o
                0x0000000000102464                markinit
                0x0000000000102488                mark
 .text          0x0000000000102519      0x2ca binaries/meminit.o
                0x0000000000102519                meminit
                0x0000000000102740                setsegs
 .text          0x00000000001027e3      0x174 binaries/mkbufpool.o
                0x00000000001027e3                mkbufpool
 .text          0x0000000000102957       0x94 binaries/newqueue.o
                0x0000000000102957                newqueue
 .text          0x00000000001029eb       0x7b binaries/open.o
                0x00000000001029eb                open
 .text          0x0000000000102a66       0x20 binaries/panic.o
                0x0000000000102a66                panic
 .text          0x0000000000102a86      0x56a binaries/pci.o
                0x0000000000102a86                pci_init
                0x0000000000102b10                find_pci_device
                0x0000000000102bf6                pci_read_config_byte
                0x0000000000102c54                pci_read_config_word
                0x0000000000102cb4                pci_read_config_dword
                0x0000000000102d12                pci_write_config_byte
                0x0000000000102d74                pci_write_config_word
                0x0000000000102dd8                pci_write_config_dword
                0x0000000000102e34                pci_get_dev_mmio_base_addr
                0x0000000000102ea0                pci_set_ivec
 .text          0x0000000000102ff0       0xc9 binaries/platinit.o
                0x0000000000102ff0                cpu_is_quark
                0x000000000010300d                console_init
                0x0000000000103056                platinit
 .text          0x00000000001030b9       0xf1 binaries/ptclear.o
                0x00000000001030b9                _ptclear
 .text          0x00000000001031aa       0x9d binaries/ptcount.o
                0x00000000001031aa                ptcount
 .text          0x0000000000103247      0x116 binaries/ptcreate.o
                0x0000000000103247                ptcreate
 .text          0x000000000010335d       0x7f binaries/ptdelete.o
                0x000000000010335d                ptdelete
 .text          0x00000000001033dc       0xbf binaries/ptinit.o
                0x00000000001033dc                ptinit
 .text          0x000000000010349b      0x11b binaries/ptrecv.o
                0x000000000010349b                ptrecv
 .text          0x00000000001035b6       0x77 binaries/ptreset.o
                0x00000000001035b6                ptreset
 .text          0x000000000010362d      0x13d binaries/ptsend.o
                0x000000000010362d                ptsend
 .text          0x000000000010376a       0x80 binaries/putc.o
                0x000000000010376a                putc
 .text          0x00000000001037ea       0xcc binaries/quark_irq.o
                0x00000000001037ea                quark_irq_routing
 .text          0x00000000001038b6      0x1e9 binaries/quark_pdat.o
                0x00000000001038b6                get_quark_pdat_entry_data_by_id
                0x00000000001039a5                get_quark_pdat_entry_data_by_desc
 .text          0x0000000000103a9f      0x111 binaries/queue.o
                0x0000000000103a9f                enqueue
                0x0000000000103b43                dequeue
 .text          0x0000000000103bb0       0x7b binaries/read.o
                0x0000000000103bb0                read
 .text          0x0000000000103c2b       0x7e binaries/ready.o
                0x0000000000103c2b                ready
 .text          0x0000000000103ca9       0x62 binaries/receive.o
                0x0000000000103ca9                receive
 .text          0x0000000000103d0b       0x5e binaries/recvclr.o
                0x0000000000103d0b                recvclr
 .text          0x0000000000103d69       0xbd binaries/recvtime.o
                0x0000000000103d69                recvtime
 .text          0x0000000000103e26      0x16c binaries/resched.o
                0x0000000000103e26                resched
                0x0000000000103f1d                resched_cntl
 .text          0x0000000000103f92       0xb1 binaries/resume.o
                0x0000000000103f92                resume
 .text          0x0000000000104043       0x79 binaries/seek.o
                0x0000000000104043                seek
 .text          0x00000000001040bc       0x70 binaries/semcount.o
                0x00000000001040bc                semcount
 .text          0x000000000010412c       0xd6 binaries/semcreate.o
                0x000000000010412c                semcreate
 .text          0x0000000000104202       0xcd binaries/semdelete.o
                0x0000000000104202                semdelete
 .text          0x00000000001042cf       0xcb binaries/semreset.o
                0x00000000001042cf                semreset
 .text          0x000000000010439a       0xed binaries/send.o
                0x000000000010439a                send
 .text          0x0000000000104487       0xa8 binaries/signal.o
                0x0000000000104487                signal
 .text          0x000000000010452f       0xd6 binaries/signaln.o
                0x000000000010452f                signaln
 .text          0x0000000000104605       0xed binaries/sleep.o
                0x0000000000104605                sleep
                0x0000000000104653                sleepms
 .text          0x00000000001046f2      0x192 binaries/stacktrace.o
                0x00000000001046f2                stacktrace
 .text          0x0000000000104884       0xe7 binaries/suspend.o
                0x0000000000104884                suspend
 .text          0x000000000010496b       0xe9 binaries/unsleep.o
                0x000000000010496b                unsleep
 .text          0x0000000000104a54       0x19 binaries/userret.o
                0x0000000000104a54                userret
 .text          0x0000000000104a6d       0xdd binaries/wait.o
                0x0000000000104a6d                wait
 .text          0x0000000000104b4a       0x72 binaries/wakeup.o
                0x0000000000104b4a                wakeup
 .text          0x0000000000104bbc       0x7b binaries/write.o
                0x0000000000104bbc                write
 .text          0x0000000000104c37       0x1d binaries/xdone.o
                0x0000000000104c37                xdone
 .text          0x0000000000104c54       0x28 binaries/yield.o
                0x0000000000104c54                yield
 .text          0x0000000000104c7c       0x11 binaries/abs.o
                0x0000000000104c7c                abs
 .text          0x0000000000104c8d       0x8f binaries/atoi.o
                0x0000000000104c8d                atoi
 .text          0x0000000000104d1c       0x8f binaries/atol.o
                0x0000000000104d1c                atol
 .text          0x0000000000104dab       0x31 binaries/bzero.o
                0x0000000000104dab                bzero
 .text          0x0000000000104ddc        0x0 binaries/ctype_.o
 .text          0x0000000000104ddc      0x8ed binaries/doprnt.o
                0x0000000000104ddc                _doprnt
 .text          0x00000000001056c9      0x65c binaries/doscan.o
                0x00000000001056c9                _doscan
 .text          0x0000000000105d25      0x711 binaries/fdoprnt.o
                0x0000000000105d25                _fdoprnt
 .text          0x0000000000106436       0x29 binaries/fgetc.o
                0x0000000000106436                fgetc
 .text          0x000000000010645f       0x75 binaries/fgets.o
                0x000000000010645f                fgets
 .text          0x00000000001064d4       0x2a binaries/fprintf.o
                0x00000000001064d4                fprintf
 .text          0x00000000001064fe       0x2c binaries/fputc.o
                0x00000000001064fe                fputc
 .text          0x000000000010652a       0x43 binaries/fputs.o
                0x000000000010652a                fputs
 .text          0x000000000010656d       0x8a binaries/fscanf.o
                0x000000000010656d                fscanf
 .text          0x00000000001065f7       0x31 binaries/getchar.o
                0x00000000001065f7                getchar
 .text          0x0000000000106628       0x11 binaries/labs.o
                0x0000000000106628                labs
 .text          0x0000000000106639        0x0 binaries/memchr.o
 .text          0x0000000000106639       0x51 binaries/memcmp.o
                0x0000000000106639                memcmp
 .text          0x000000000010668a       0x3f binaries/memcpy.o
                0x000000000010668a                memcpy
 .text          0x00000000001066c9       0x30 binaries/memset.o
                0x00000000001066c9                memset
 .text          0x00000000001066f9       0x47 binaries/printf.o
                0x00000000001066f9                printf
 .text          0x0000000000106740       0x34 binaries/putchar.o
                0x0000000000106740                putchar
 .text          0x0000000000106774      0x27e binaries/qsort.o
                0x0000000000106774                qsort
 .text          0x00000000001069f2       0x63 binaries/rand.o
                0x00000000001069f2                rand
                0x0000000000106a0a                rand_r
                0x0000000000106a48                srand
 .text          0x0000000000106a55       0x66 binaries/sprintf.o
                0x0000000000106a55                sprintf
 .text          0x0000000000106abb       0x70 binaries/sscanf.o
                0x0000000000106abb                sscanf
 .text          0x0000000000106b2b       0x3c binaries/strchr.o
                0x0000000000106b2b                strchr
 .text          0x0000000000106b67       0x45 binaries/strcmp.o
                0x0000000000106b67                strcmp
 .text          0x0000000000106bac       0x27 binaries/strcpy.o
                0x0000000000106bac                strcpy
 .text          0x0000000000106bd3       0x26 binaries/strlen.o
                0x0000000000106bd3                strlen
 .text          0x0000000000106bf9       0x56 binaries/strncat.o
                0x0000000000106bf9                strncat
 .text          0x0000000000106c4f       0x5f binaries/strncmp.o
                0x0000000000106c4f                strncmp
 .text          0x0000000000106cae       0x4f binaries/strncpy.o
                0x0000000000106cae                strncpy
 .text          0x0000000000106cfd       0x2e binaries/strnlen.o
                0x0000000000106cfd                strnlen
 .text          0x0000000000106d2b       0x45 binaries/strrchr.o
                0x0000000000106d2b                strrchr
 .text          0x0000000000106d70       0x6d binaries/strstr.o
                0x0000000000106d70                strstr
 .text          0x0000000000106ddd       0xe4 binaries/ttycontrol.o
                0x0000000000106ddd                ttycontrol
 .text          0x0000000000106ec1       0x97 binaries/ttygetc.o
                0x0000000000106ec1                ttygetc
 .text          0x0000000000106f58      0x6e4 binaries/ttyhandle_in.o
                0x0000000000106f58                ttyhandle_in
 .text          0x000000000010763c      0x183 binaries/ttyhandle_out.o
                0x000000000010763c                ttyhandle_out
 .text          0x00000000001077bf       0xb5 binaries/ttyhandler.o
                0x00000000001077bf                ttyhandler
 .text          0x0000000000107874      0x20d binaries/ttyinit.o
                0x0000000000107874                ttyinit
 .text          0x0000000000107a81       0x10 binaries/ttykickout.o
                0x0000000000107a81                ttykickout
 .text          0x0000000000107a91       0xb7 binaries/ttyputc.o
                0x0000000000107a91                ttyputc
 .text          0x0000000000107b48      0x11b binaries/ttyread.o
                0x0000000000107b48                ttyread
 .text          0x0000000000107c63       0x4f binaries/ttywrite.o
                0x0000000000107c63                ttywrite
 .text          0x0000000000107cb2      0x14b binaries/mount.o
                0x0000000000107cb2                mount
                0x0000000000107dc7                namlen
 .text          0x0000000000107dfd      0x1ea binaries/naminit.o
                0x0000000000107dfd                naminit
 .text          0x0000000000107fe7      0x211 binaries/nammap.o
                0x0000000000107fe7                nammap
                0x0000000000108072                namrepl
                0x00000000001081a8                namcpy
 .text          0x00000000001081f8       0x4e binaries/namopen.o
                0x00000000001081f8                namopen
 .text          0x0000000000108246       0x92 binaries/ethcontrol.o
                0x0000000000108246                ethcontrol
 .text          0x00000000001082d8      0x18b binaries/ethhandler.o
                0x00000000001082d8                ethhandler
 .text          0x0000000000108463      0x748 binaries/ethinit.o
                0x0000000000108463                eth_phy_read
                0x00000000001084cd                eth_phy_write
                0x0000000000108541                eth_phy_reset
                0x0000000000108685                ethinit
 .text          0x0000000000108bab      0x17c binaries/ethmcast.o
                0x0000000000108bab                ethmcast_add
                0x0000000000108c27                ethmcast_remove
 .text          0x0000000000108d27      0x18f binaries/ethread.o
                0x0000000000108d27                ethread
 .text          0x0000000000108eb6      0x136 binaries/ethwrite.o
                0x0000000000108eb6                ethwrite
 .text          0x0000000000108fec       0x9e binaries/rdsbufalloc.o
                0x0000000000108fec                rdsbufalloc
 .text          0x000000000010908a       0xcc binaries/rdsclose.o
                0x000000000010908a                rdsclose
 .text          0x0000000000109156        0xa binaries/rdscomm.o
                0x0000000000109156                rdscomm
 .text          0x0000000000109160      0x233 binaries/rdscontrol.o
                0x0000000000109160                rdscontrol
 .text          0x0000000000109393      0x1f3 binaries/rdsinit.o
                0x0000000000109393                rdsinit
 .text          0x0000000000109586      0x19b binaries/rdsopen.o
                0x0000000000109586                rdsopen
 .text          0x0000000000109721      0x461 binaries/rdsprocess.o
                0x0000000000109721                rdsprocess
 .text          0x0000000000109b82      0x259 binaries/rdsread.o
                0x0000000000109b82                rdsread
 .text          0x0000000000109ddb      0x1fe binaries/rdswrite.o
                0x0000000000109ddb                rdswrite
 .text          0x0000000000109fd9        0xa binaries/ramclose.o
                0x0000000000109fd9                ramclose
 .text          0x0000000000109fe3       0x3e binaries/raminit.o
                0x0000000000109fe3                raminit
 .text          0x000000000010a021        0xa binaries/ramopen.o
                0x000000000010a021                ramopen
 .text          0x000000000010a02b       0x32 binaries/ramread.o
                0x000000000010a02b                ramread
 .text          0x000000000010a05d       0x32 binaries/ramwrite.o
                0x000000000010a05d                ramwrite
 .text          0x000000000010a08f       0x98 binaries/lfdballoc.o
                0x000000000010a08f                lfdballoc
 .text          0x000000000010a127       0x58 binaries/lfdbfree.o
                0x000000000010a127                lfdbfree
 .text          0x000000000010a17f       0xb6 binaries/lfflush.o
                0x000000000010a17f                lfflush
 .text          0x000000000010a235       0xd8 binaries/lfgetmode.o
                0x000000000010a235                lfgetmode
 .text          0x000000000010a30d       0x68 binaries/lfiballoc.o
                0x000000000010a30d                lfiballoc
 .text          0x000000000010a375       0x3b binaries/lfibclear.o
                0x000000000010a375                lfibclear
 .text          0x000000000010a3b0       0xad binaries/lfibget.o
                0x000000000010a3b0                lfibget
 .text          0x000000000010a45d       0xdc binaries/lfibput.o
                0x000000000010a45d                lfibput
 .text          0x000000000010a539       0xa2 binaries/lflclose.o
                0x000000000010a539                lflclose
 .text          0x000000000010a5db       0xd0 binaries/lflcontrol.o
                0x000000000010a5db                lflcontrol
 .text          0x000000000010a6ab       0xf2 binaries/lflgetc.o
                0x000000000010a6ab                lflgetc
 .text          0x000000000010a79d       0xf1 binaries/lflinit.o
                0x000000000010a79d                lflinit
 .text          0x000000000010a88e      0x122 binaries/lflputc.o
                0x000000000010a88e                lflputc
 .text          0x000000000010a9b0       0x70 binaries/lflread.o
                0x000000000010a9b0                lflread
 .text          0x000000000010aa20       0xac binaries/lflseek.o
                0x000000000010aa20                lflseek
 .text          0x000000000010aacc       0x55 binaries/lflwrite.o
                0x000000000010aacc                lflwrite
 .text          0x000000000010ab21       0x62 binaries/lfscheck.o
                0x000000000010ab21                lfscheck
 .text          0x000000000010ab83      0x175 binaries/lfsckfmt.o
                0x000000000010ab83                lfsckfmt
 .text          0x000000000010acf8      0x1ad binaries/lfscreate.o
                0x000000000010acf8                lfscreate
 .text          0x000000000010aea5      0x278 binaries/lfsetup.o
                0x000000000010aea5                lfsetup
 .text          0x000000000010b11d       0x51 binaries/lfsinit.o
                0x000000000010b11d                lfsinit
 .text          0x000000000010b16e      0x3c0 binaries/lfsopen.o
                0x000000000010b16e                lfsopen
 .text          0x000000000010b52e      0x15e binaries/lftruncate.o
                0x000000000010b52e                lftruncate
 .text          0x000000000010b68c       0x71 binaries/rflclose.o
                0x000000000010b68c                rflclose
 .text          0x000000000010b6fd       0x32 binaries/rflgetc.o
                0x000000000010b6fd                rflgetc
 .text          0x000000000010b72f       0x76 binaries/rflinit.o
                0x000000000010b72f                rflinit
 .text          0x000000000010b7a5       0x33 binaries/rflputc.o
                0x000000000010b7a5                rflputc
 .text          0x000000000010b7d8      0x360 binaries/rflread.o
                0x000000000010b7d8                rflread
 .text          0x000000000010bb38       0x74 binaries/rflseek.o
                0x000000000010bb38                rflseek
 .text          0x000000000010bbac      0x34d binaries/rflwrite.o
                0x000000000010bbac                rflwrite
 .text          0x000000000010bef9        0xa binaries/rfscomm.o
                0x000000000010bef9                rfscomm
 .text          0x000000000010bf03      0x26d binaries/rfscontrol.o
                0x000000000010bf03                rfscontrol
 .text          0x000000000010c170       0xd8 binaries/rfsgetmode.o
                0x000000000010c170                rfsgetmode
 .text          0x000000000010c248       0x86 binaries/rfsinit.o
                0x000000000010c248                rfsinit
 .text          0x000000000010c2ce      0x111 binaries/rfsndmsg.o
                0x000000000010c2ce                rfsndmsg
 .text          0x000000000010c3df      0x2aa binaries/rfsopen.o
                0x000000000010c3df                rfsopen
 .text          0x000000000010c689        0xa binaries/dns.o
                0x000000000010c689                dnslookup
 .text          0x000000000010c693       0xe8 binaries/dot2ip.o
                0x000000000010c693                dot2ip
 .text          0x000000000010c77b      0x4c4 binaries/hexdump.o
                0x000000000010c77b                hexdump
                0x000000000010c922                hexadump
 .text          0x000000000010cc3f      0xdad binaries/ipv6.o
                0x000000000010cc3f                ipv6_in
                0x000000000010ccdb                upper_layer_chksum
                0x000000000010cdde                chksum
                0x000000000010ce89                uip_htons
                0x000000000010ceae                uip_icmp6chksum
                0x000000000010cec3                icmp6_input
                0x000000000010cf79                uip_icmp6_input
                0x000000000010d022                echo_request_input
                0x000000000010d981                memmove
 .text          0x000000000010d9ec      0xba7 binaries/net.o
                0x000000000010d9ec                net_init
                0x000000000010dfbf                netin
                0x000000000010e1e9                rawin
                0x000000000010e4ab                eth_hton
                0x000000000010e4d5                eth_ntoh
                0x000000000010e4ff                getport
 .text          0x000000000010e593      0x25e binaries/pdump.o
                0x000000000010e593                pdump
                0x000000000010e6fd                pdumph
 .text          0x000000000010e7f1       0x6f binaries/udp.o
                0x000000000010e7f1                udp_init
                0x000000000010e7f7                udp_in
                0x000000000010e7fd                udp_register
                0x000000000010e818                udp_recv
                0x000000000010e822                udp_recvaddr
                0x000000000010e82c                udp_send
                0x000000000010e836                udp_sendto
                0x000000000010e84a                udp_release
                0x000000000010e854                udp_ntoh
                0x000000000010e85a                udp_hton
 .text          0x000000000010e860      0x13b binaries/addargs.o
                0x000000000010e860                addargs
 .text          0x000000000010e99b      0x2c9 binaries/lexan.o
                0x000000000010e99b                lexan
 .text          0x000000000010ec64      0x665 binaries/shell.o
                0x000000000010ec64                shell
 .text          0x000000000010f2c9       0x69 binaries/xsh_argecho.o
                0x000000000010f2c9                xsh_argecho
 .text          0x000000000010f332        0xa binaries/xsh_arp.o
                0x000000000010f332                xsh_arp
 .text          0x000000000010f33c      0x26f binaries/xsh_cat.o
                0x000000000010f33c                xsh_cat
 .text          0x000000000010f5ab       0x5e binaries/xsh_clear.o
                0x000000000010f5ab                xsh_clear
 .text          0x000000000010f609      0x2f7 binaries/xsh_date.o
                0x000000000010f609                xsh_date
 .text          0x000000000010f900       0xae binaries/xsh_devdump.o
                0x000000000010f900                xsh_devdump
 .text          0x000000000010f9ae       0x72 binaries/xsh_echo.o
                0x000000000010f9ae                xsh_echo
 .text          0x000000000010fa20        0xa binaries/xsh_exit.o
                0x000000000010fa20                xsh_exit
 .text          0x000000000010fa2a      0x389 binaries/xsh_help.o
                0x000000000010fa2a                xsh_help
 .text          0x000000000010fdb3      0x249 binaries/xsh_kill.o
                0x000000000010fdb3                xsh_kill
 .text          0x000000000010fffc      0x545 binaries/xsh_memdump.o
                0x000000000010fffc                xsh_memdump
 .text          0x0000000000110541      0x2af binaries/xsh_memstat.o
                0x0000000000110541                xsh_memstat
 .text          0x00000000001107f0      0x172 binaries/xsh_netinfo.o
                0x00000000001107f0                xsh_netinfo
 .text          0x0000000000110962      0x1ec binaries/xsh_pdump.o
                0x0000000000110962                xsh_pdump
 .text          0x0000000000110b4e        0xa binaries/xsh_ping.o
                0x0000000000110b4e                xsh_ping
 .text          0x0000000000110b58      0x227 binaries/xsh_ps.o
                0x0000000000110b58                xsh_ps
 .text          0x0000000000110d7f      0x225 binaries/xsh_sleep.o
                0x0000000000110d7f                xsh_sleep
 .text          0x0000000000110fa4      0x3bf binaries/xsh_sp.o
                0x0000000000110fa4                xsh_sp
 .text          0x0000000000111363        0xa binaries/xsh_udpdump.o
                0x0000000000111363                xsh_udpdump
 .text          0x000000000011136d        0xa binaries/xsh_udpecho.o
                0x000000000011136d                xsh_udpecho
 .text          0x0000000000111377        0xa binaries/xsh_udpserver.o
                0x0000000000111377                xsh_udpeserver
 .text          0x0000000000111381      0x1f3 binaries/xsh_uptime.o
                0x0000000000111381                xsh_uptime
 .text          0x0000000000111574        0xe binaries/clkdisp.o
                0x0000000000111574                clkdisp
 .text          0x0000000000111582       0x19 binaries/ctxsw.o
                0x0000000000111582                ctxsw
 .text          0x000000000011159b      0x328 binaries/intr.o
                0x000000000011159b                disable
                0x00000000001115a4                restore
                0x00000000001115b2                enable
                0x00000000001115b4                pause
                0x00000000001115bb                halt
                0x00000000001115c1                spurious_irq7
                0x00000000001115c6                spurious_irq15
                0x00000000001115d5                _Xint0
                0x00000000001115dd                _Xint1
                0x00000000001115e5                _Xint2
                0x00000000001115ed                _Xint3
                0x00000000001115f5                _Xint4
                0x00000000001115fd                _Xint5
                0x0000000000111608                _Xint6
                0x0000000000111610                _Xint7
                0x0000000000111618                _Xint8
                0x0000000000111620                _Xint9
                0x0000000000111628                _Xint10
                0x0000000000111630                _Xint11
                0x0000000000111638                _Xint12
                0x0000000000111640                _Xint13
                0x0000000000111648                _Xint14
                0x0000000000111653                _Xint15
                0x000000000011165e                _Xint16
                0x0000000000111669                _Xint17
                0x0000000000111674                _Xint18
                0x000000000011167f                _Xint19
                0x000000000011168a                _Xint20
                0x0000000000111695                _Xint21
                0x00000000001116a0                _Xint22
                0x00000000001116ab                _Xint23
                0x00000000001116b6                _Xint24
                0x00000000001116c1                _Xint25
                0x00000000001116cc                _Xint26
                0x00000000001116d7                _Xint27
                0x00000000001116e2                _Xint28
                0x00000000001116ed                _Xint29
                0x00000000001116f8                _Xint30
                0x0000000000111703                _Xint31
                0x000000000011170e                _extint
                0x0000000000111722                _Xint32
                0x0000000000111731                _Xint33
                0x0000000000111740                _Xint34
                0x000000000011174f                _Xint35
                0x000000000011175e                _Xint36
                0x000000000011176d                _Xint37
                0x000000000011177c                _Xint38
                0x000000000011178b                _Xint39
                0x000000000011179a                _Xint40
                0x00000000001117a9                _Xint41
                0x00000000001117b8                _Xint42
                0x00000000001117c7                _Xint43
                0x00000000001117d6                _Xint44
                0x00000000001117e5                _Xint45
                0x00000000001117f4                _Xint46
                0x0000000000111803                defevec
 .text          0x00000000001118c3        0xf binaries/ttydispatch.o
                0x00000000001118c3                ttydispatch
 .text          0x00000000001118d2       0x13 binaries/ethdispatch.o
                0x00000000001118d2                ethdispatch
 *(.rodata .rodata.*)
 *fill*         0x00000000001118e5        0x3 
 .rodata        0x00000000001118e8       0x8e binaries/ascdate.o
 .rodata        0x0000000000111976       0xae binaries/conf.o
 .rodata        0x0000000000111a24       0x83 binaries/early_imr.o
 *fill*         0x0000000000111aa7        0x1 
 .rodata        0x0000000000111aa8      0x231 binaries/evec.o
 *fill*         0x0000000000111cd9        0x3 
 .rodata        0x0000000000111cdc      0x13b binaries/initialize.o
 *fill*         0x0000000000111e17        0x1 
 .rodata        0x0000000000111e18       0x20 binaries/kill.o
 .rodata        0x0000000000111e38       0x2a binaries/main.o
 *fill*         0x0000000000111e62        0x2 
 .rodata        0x0000000000111e64       0x3e binaries/meminit.o
 .rodata        0x0000000000111ea2        0xf binaries/panic.o
 *fill*         0x0000000000111eb1        0x3 
 .rodata        0x0000000000111eb4       0x20 binaries/pci.o
 .rodata        0x0000000000111ed4       0x1d binaries/ptinit.o
 *fill*         0x0000000000111ef1        0x3 
 .rodata        0x0000000000111ef4       0x25 binaries/ptsend.o
 .rodata        0x0000000000111f19       0x22 binaries/quark_pdat.o
 *fill*         0x0000000000111f3b        0x1 
 .rodata        0x0000000000111f3c       0xb7 binaries/stacktrace.o
 *fill*         0x0000000000111ff3        0x1 
 .rodata        0x0000000000111ff4       0x27 binaries/xdone.o
 *fill*         0x000000000011201b        0x5 
 .rodata        0x0000000000112020       0x81 binaries/ctype_.o
                0x0000000000112020                _ctype_
 *fill*         0x00000000001120a1        0x3 
 .rodata        0x00000000001120a4       0xee binaries/doprnt.o
 *fill*         0x0000000000112192        0x2 
 .rodata        0x0000000000112194       0x98 binaries/doscan.o
 .rodata        0x000000000011222c       0xae binaries/fdoprnt.o
 *fill*         0x00000000001122da        0x2 
 .rodata        0x00000000001122dc       0x20 binaries/ttycontrol.o
 .rodata        0x00000000001122fc       0x34 binaries/ttyhandler.o
 .rodata        0x0000000000112330       0x80 binaries/naminit.o
 .rodata        0x00000000001123b0       0x52 binaries/ethinit.o
 *fill*         0x0000000000112402        0x2 
 .rodata        0x0000000000112404       0x2c binaries/rdsbufalloc.o
 .rodata        0x0000000000112430       0x48 binaries/rdscontrol.o
 .rodata        0x0000000000112478       0x96 binaries/rdsinit.o
 *fill*         0x000000000011250e        0x2 
 .rodata        0x0000000000112510       0x22 binaries/rdsopen.o
 *fill*         0x0000000000112532        0x2 
 .rodata        0x0000000000112534       0x4d binaries/rdsprocess.o
 .rodata        0x0000000000112581        0x9 binaries/raminit.o
 *fill*         0x000000000011258a        0x2 
 .rodata        0x000000000011258c       0x37 binaries/lfdballoc.o
 .rodata        0x00000000001125c3       0x14 binaries/lfiballoc.o
 *fill*         0x00000000001125d7        0x1 
 .rodata        0x00000000001125d8       0x23 binaries/lflcontrol.o
 *fill*         0x00000000001125fb        0x1 
 .rodata        0x00000000001125fc      0x11b binaries/lfsckfmt.o
 *fill*         0x0000000000112717        0x1 
 .rodata        0x0000000000112718       0x2a binaries/lfsopen.o
 *fill*         0x0000000000112742        0x2 
 .rodata        0x0000000000112744       0x21 binaries/rflread.o
 *fill*         0x0000000000112765        0x3 
 .rodata        0x0000000000112768       0x21 binaries/rflwrite.o
 *fill*         0x0000000000112789        0x3 
 .rodata        0x000000000011278c       0x3c binaries/rfscontrol.o
 .rodata        0x00000000001127c8       0x63 binaries/rfsinit.o
 *fill*         0x000000000011282b        0x1 
 .rodata        0x000000000011282c       0x2a binaries/rfsndmsg.o
 *fill*         0x0000000000112856        0x2 
 .rodata        0x0000000000112858       0x22 binaries/rfsopen.o
 *fill*         0x000000000011287a        0x2 
 .rodata        0x000000000011287c       0xc9 binaries/hexdump.o
 *fill*         0x0000000000112945        0x3 
 .rodata        0x0000000000112948      0x16b binaries/ipv6.o
 *fill*         0x0000000000112ab3        0x1 
 .rodata        0x0000000000112ab4      0x1c9 binaries/net.o
 *fill*         0x0000000000112c7d        0x3 
 .rodata        0x0000000000112c80       0x6d binaries/pdump.o
 *fill*         0x0000000000112ced       0x13 
 .rodata        0x0000000000112d00      0x3f9 binaries/shell.o
                0x0000000000112da0                cmdtab
 .rodata        0x00000000001130f9       0x28 binaries/xsh_argecho.o
 *fill*         0x0000000000113121        0x3 
 .rodata        0x0000000000113124       0xc9 binaries/xsh_cat.o
 .rodata        0x00000000001131ed       0x19 binaries/xsh_clear.o
 *fill*         0x0000000000113206        0x2 
 .rodata        0x0000000000113208      0x1c3 binaries/xsh_date.o
 .rodata        0x00000000001133cb       0x5d binaries/xsh_devdump.o
 .rodata        0x0000000000113428        0x9 binaries/xsh_echo.o
 *fill*         0x0000000000113431        0x3 
 .rodata        0x0000000000113434      0x169 binaries/xsh_help.o
 *fill*         0x000000000011359d        0x3 
 .rodata        0x00000000001135a0      0x12e binaries/xsh_kill.o
 *fill*         0x00000000001136ce        0x2 
 .rodata        0x00000000001136d0      0x266 binaries/xsh_memdump.o
 *fill*         0x0000000000113936        0x2 
 .rodata        0x0000000000113938      0x225 binaries/xsh_memstat.o
 *fill*         0x0000000000113b5d        0x3 
 .rodata        0x0000000000113b60       0x80 binaries/xsh_netinfo.o
 .rodata        0x0000000000113be0       0xd1 binaries/xsh_pdump.o
 *fill*         0x0000000000113cb1        0xf 
 .rodata        0x0000000000113cc0      0x1e0 binaries/xsh_ps.o
 .rodata        0x0000000000113ea0       0xeb binaries/xsh_sleep.o
 *fill*         0x0000000000113f8b        0x1 
 .rodata        0x0000000000113f8c      0x252 binaries/xsh_sp.o
 *fill*         0x00000000001141de        0x2 
 .rodata        0x00000000001141e0      0x105 binaries/xsh_uptime.o
                0x00000000001142e5                etext = ABSOLUTE (.)
                0x0000000000115000                . = ALIGN (0x1000)
 *fill*         0x00000000001142e5      0xd1b 

.eh_frame       0x0000000000115000     0x2908
 .eh_frame      0x0000000000115000       0x38 binaries/ascdate.o
 .eh_frame      0x0000000000115038       0x20 binaries/bufinit.o
                                         0x38 (size before relaxing)
 .eh_frame      0x0000000000115058       0x20 binaries/chprio.o
                                         0x38 (size before relaxing)
 .eh_frame      0x0000000000115078       0x20 binaries/clkhandler.o
                                         0x38 (size before relaxing)
 .eh_frame      0x0000000000115098       0x20 binaries/clkinit.o
                                         0x38 (size before relaxing)
 .eh_frame      0x00000000001150b8       0x20 binaries/close.o
                                         0x38 (size before relaxing)
 .eh_frame      0x00000000001150d8       0x20 binaries/control.o
                                         0x38 (size before relaxing)
 .eh_frame      0x00000000001150f8       0x40 binaries/create.o
                                         0x58 (size before relaxing)
 .eh_frame      0x0000000000115138      0x104 binaries/early_imr.o
                                        0x11c (size before relaxing)
 .eh_frame      0x000000000011523c       0xe0 binaries/evec.o
                                         0xf8 (size before relaxing)
 .eh_frame      0x000000000011531c       0x20 binaries/exit.o
                                         0x38 (size before relaxing)
 .eh_frame      0x000000000011533c       0x20 binaries/freebuf.o
                                         0x38 (size before relaxing)
 .eh_frame      0x000000000011535c       0x20 binaries/freemem.o
                                         0x38 (size before relaxing)
 .eh_frame      0x000000000011537c       0x20 binaries/getbuf.o
                                         0x38 (size before relaxing)
 .eh_frame      0x000000000011539c       0x20 binaries/getc.o
                                         0x38 (size before relaxing)
 .eh_frame      0x00000000001153bc       0x20 binaries/getdev.o
                                         0x38 (size before relaxing)
 .eh_frame      0x00000000001153dc       0x60 binaries/getitem.o
                                         0x78 (size before relaxing)
 .eh_frame      0x000000000011543c       0x20 binaries/getmem.o
                                         0x38 (size before relaxing)
 .eh_frame      0x000000000011545c       0x20 binaries/getpid.o
                                         0x38 (size before relaxing)
 .eh_frame      0x000000000011547c       0x20 binaries/getprio.o
                                         0x38 (size before relaxing)
 .eh_frame      0x000000000011549c       0x20 binaries/getstk.o
                                         0x38 (size before relaxing)
 .eh_frame      0x00000000001154bc       0x20 binaries/getticks.o
                                         0x38 (size before relaxing)
 .eh_frame      0x00000000001154dc       0x20 binaries/gettime.o
                                         0x38 (size before relaxing)
 .eh_frame      0x00000000001154fc       0x20 binaries/getutime.o
                                         0x38 (size before relaxing)
 .eh_frame      0x000000000011551c       0x20 binaries/init.o
                                         0x38 (size before relaxing)
 .eh_frame      0x000000000011553c       0x9c binaries/initialize.o
                                         0xb4 (size before relaxing)
 .eh_frame      0x00000000001155d8       0x20 binaries/insert.o
                                         0x38 (size before relaxing)
 .eh_frame      0x00000000001155f8       0x20 binaries/insertd.o
                                         0x38 (size before relaxing)
 .eh_frame      0x0000000000115618       0x20 binaries/ioerr.o
                                         0x38 (size before relaxing)
 .eh_frame      0x0000000000115638       0x20 binaries/ionull.o
                                         0x38 (size before relaxing)
 .eh_frame      0x0000000000115658       0x20 binaries/kill.o
                                         0x38 (size before relaxing)
 .eh_frame      0x0000000000115678       0x60 binaries/kprintf.o
                                         0x78 (size before relaxing)
 .eh_frame      0x00000000001156d8       0x24 binaries/main.o
                                         0x3c (size before relaxing)
 .eh_frame      0x00000000001156fc       0x40 binaries/mark.o
                                         0x58 (size before relaxing)
 .eh_frame      0x000000000011573c       0x44 binaries/meminit.o
                                         0x5c (size before relaxing)
 .eh_frame      0x0000000000115780       0x20 binaries/mkbufpool.o
                                         0x38 (size before relaxing)
 .eh_frame      0x00000000001157a0       0x20 binaries/newqueue.o
                                         0x38 (size before relaxing)
 .eh_frame      0x00000000001157c0       0x20 binaries/open.o
                                         0x38 (size before relaxing)
 .eh_frame      0x00000000001157e0       0x1c binaries/panic.o
                                         0x34 (size before relaxing)
 .eh_frame      0x00000000001157fc      0x1e0 binaries/pci.o
                                        0x1f8 (size before relaxing)
 .eh_frame      0x00000000001159dc       0x60 binaries/platinit.o
                                         0x78 (size before relaxing)
 .eh_frame      0x0000000000115a3c       0x20 binaries/ptclear.o
                                         0x38 (size before relaxing)
 .eh_frame      0x0000000000115a5c       0x20 binaries/ptcount.o
                                         0x38 (size before relaxing)
 .eh_frame      0x0000000000115a7c       0x20 binaries/ptcreate.o
                                         0x38 (size before relaxing)
 .eh_frame      0x0000000000115a9c       0x20 binaries/ptdelete.o
                                         0x38 (size before relaxing)
 .eh_frame      0x0000000000115abc       0x20 binaries/ptinit.o
                                         0x38 (size before relaxing)
 .eh_frame      0x0000000000115adc       0x20 binaries/ptrecv.o
                                         0x38 (size before relaxing)
 .eh_frame      0x0000000000115afc       0x20 binaries/ptreset.o
                                         0x38 (size before relaxing)
 .eh_frame      0x0000000000115b1c       0x20 binaries/ptsend.o
                                         0x38 (size before relaxing)
 .eh_frame      0x0000000000115b3c       0x20 binaries/putc.o
                                         0x38 (size before relaxing)
 .eh_frame      0x0000000000115b5c       0x20 binaries/quark_irq.o
                                         0x38 (size before relaxing)
 .eh_frame      0x0000000000115b7c       0x40 binaries/quark_pdat.o
                                         0x58 (size before relaxing)
 .eh_frame      0x0000000000115bbc       0x40 binaries/queue.o
                                         0x58 (size before relaxing)
 .eh_frame      0x0000000000115bfc       0x20 binaries/read.o
                                         0x38 (size before relaxing)
 .eh_frame      0x0000000000115c1c       0x24 binaries/ready.o
                                         0x3c (size before relaxing)
 .eh_frame      0x0000000000115c40       0x20 binaries/receive.o
                                         0x38 (size before relaxing)
 .eh_frame      0x0000000000115c60       0x20 binaries/recvclr.o
                                         0x38 (size before relaxing)
 .eh_frame      0x0000000000115c80       0x20 binaries/recvtime.o
                                         0x38 (size before relaxing)
 .eh_frame      0x0000000000115ca0       0x40 binaries/resched.o
                                         0x58 (size before relaxing)
 .eh_frame      0x0000000000115ce0       0x20 binaries/resume.o
                                         0x38 (size before relaxing)
 .eh_frame      0x0000000000115d00       0x20 binaries/seek.o
                                         0x38 (size before relaxing)
 .eh_frame      0x0000000000115d20       0x20 binaries/semcount.o
                                         0x38 (size before relaxing)
 .eh_frame      0x0000000000115d40       0x40 binaries/semcreate.o
                                         0x58 (size before relaxing)
 .eh_frame      0x0000000000115d80       0x20 binaries/semdelete.o
                                         0x38 (size before relaxing)
 .eh_frame      0x0000000000115da0       0x20 binaries/semreset.o
                                         0x38 (size before relaxing)
 .eh_frame      0x0000000000115dc0       0x20 binaries/send.o
                                         0x38 (size before relaxing)
 .eh_frame      0x0000000000115de0       0x20 binaries/signal.o
                                         0x38 (size before relaxing)
 .eh_frame      0x0000000000115e00       0x20 binaries/signaln.o
                                         0x38 (size before relaxing)
 .eh_frame      0x0000000000115e20       0x40 binaries/sleep.o
                                         0x58 (size before relaxing)
 .eh_frame      0x0000000000115e60       0x20 binaries/stacktrace.o
                                         0x38 (size before relaxing)
 .eh_frame      0x0000000000115e80       0x20 binaries/suspend.o
                                         0x38 (size before relaxing)
 .eh_frame      0x0000000000115ea0       0x20 binaries/unsleep.o
                                         0x38 (size before relaxing)
 .eh_frame      0x0000000000115ec0       0x20 binaries/userret.o
                                         0x38 (size before relaxing)
 .eh_frame      0x0000000000115ee0       0x20 binaries/wait.o
                                         0x38 (size before relaxing)
 .eh_frame      0x0000000000115f00       0x20 binaries/wakeup.o
                                         0x38 (size before relaxing)
 .eh_frame      0x0000000000115f20       0x20 binaries/write.o
                                         0x38 (size before relaxing)
 .eh_frame      0x0000000000115f40       0x20 binaries/xdone.o
                                         0x38 (size before relaxing)
 .eh_frame      0x0000000000115f60       0x20 binaries/yield.o
                                         0x38 (size before relaxing)
 .eh_frame      0x0000000000115f80       0x20 binaries/abs.o
                                         0x38 (size before relaxing)
 .eh_frame      0x0000000000115fa0       0x20 binaries/atoi.o
                                         0x38 (size before relaxing)
 .eh_frame      0x0000000000115fc0       0x20 binaries/atol.o
                                         0x38 (size before relaxing)
 .eh_frame      0x0000000000115fe0       0x20 binaries/bzero.o
                                         0x38 (size before relaxing)
 .eh_frame      0x0000000000116000       0xe0 binaries/doprnt.o
                                         0xf8 (size before relaxing)
 .eh_frame      0x00000000001160e0       0xb0 binaries/doscan.o
                                         0xc8 (size before relaxing)
 .eh_frame      0x0000000000116190       0xc0 binaries/fdoprnt.o
                                         0xd8 (size before relaxing)
 .eh_frame      0x0000000000116250       0x20 binaries/fgetc.o
                                         0x38 (size before relaxing)
 .eh_frame      0x0000000000116270       0x20 binaries/fgets.o
                                         0x38 (size before relaxing)
 .eh_frame      0x0000000000116290       0x20 binaries/fprintf.o
                                         0x38 (size before relaxing)
 .eh_frame      0x00000000001162b0       0x20 binaries/fputc.o
                                         0x38 (size before relaxing)
 .eh_frame      0x00000000001162d0       0x20 binaries/fputs.o
                                         0x38 (size before relaxing)
 .eh_frame      0x00000000001162f0       0x60 binaries/fscanf.o
                                         0x78 (size before relaxing)
 .eh_frame      0x0000000000116350       0x20 binaries/getchar.o
                                         0x38 (size before relaxing)
 .eh_frame      0x0000000000116370       0x20 binaries/labs.o
                                         0x38 (size before relaxing)
 .eh_frame      0x0000000000116390       0x20 binaries/memcmp.o
                                         0x38 (size before relaxing)
 .eh_frame      0x00000000001163b0       0x24 binaries/memcpy.o
                                         0x3c (size before relaxing)
 .eh_frame      0x00000000001163d4       0x24 binaries/memset.o
                                         0x3c (size before relaxing)
 .eh_frame      0x00000000001163f8       0x20 binaries/printf.o
                                         0x38 (size before relaxing)
 .eh_frame      0x0000000000116418       0x20 binaries/putchar.o
                                         0x38 (size before relaxing)
 .eh_frame      0x0000000000116438       0xa8 binaries/qsort.o
                                         0xc0 (size before relaxing)
 .eh_frame      0x00000000001164e0       0x60 binaries/rand.o
                                         0x78 (size before relaxing)
 .eh_frame      0x0000000000116540       0x40 binaries/sprintf.o
                                         0x58 (size before relaxing)
 .eh_frame      0x0000000000116580       0x60 binaries/sscanf.o
                                         0x78 (size before relaxing)
 .eh_frame      0x00000000001165e0       0x20 binaries/strchr.o
                                         0x38 (size before relaxing)
 .eh_frame      0x0000000000116600       0x20 binaries/strcmp.o
                                         0x38 (size before relaxing)
 .eh_frame      0x0000000000116620       0x20 binaries/strcpy.o
                                         0x38 (size before relaxing)
 .eh_frame      0x0000000000116640       0x20 binaries/strlen.o
                                         0x38 (size before relaxing)
 .eh_frame      0x0000000000116660       0x20 binaries/strncat.o
                                         0x38 (size before relaxing)
 .eh_frame      0x0000000000116680       0x20 binaries/strncmp.o
                                         0x38 (size before relaxing)
 .eh_frame      0x00000000001166a0       0x28 binaries/strncpy.o
                                         0x40 (size before relaxing)
 .eh_frame      0x00000000001166c8       0x20 binaries/strnlen.o
                                         0x38 (size before relaxing)
 .eh_frame      0x00000000001166e8       0x20 binaries/strrchr.o
                                         0x38 (size before relaxing)
 .eh_frame      0x0000000000116708       0x20 binaries/strstr.o
                                         0x38 (size before relaxing)
 .eh_frame      0x0000000000116728       0x20 binaries/ttycontrol.o
                                         0x38 (size before relaxing)
 .eh_frame      0x0000000000116748       0x20 binaries/ttygetc.o
                                         0x38 (size before relaxing)
 .eh_frame      0x0000000000116768       0x80 binaries/ttyhandle_in.o
                                         0x98 (size before relaxing)
 .eh_frame      0x00000000001167e8       0x20 binaries/ttyhandle_out.o
                                         0x38 (size before relaxing)
 .eh_frame      0x0000000000116808       0x20 binaries/ttyhandler.o
                                         0x38 (size before relaxing)
 .eh_frame      0x0000000000116828       0x20 binaries/ttyinit.o
                                         0x38 (size before relaxing)
 .eh_frame      0x0000000000116848       0x20 binaries/ttykickout.o
                                         0x38 (size before relaxing)
 .eh_frame      0x0000000000116868       0x20 binaries/ttyputc.o
                                         0x38 (size before relaxing)
 .eh_frame      0x0000000000116888       0x24 binaries/ttyread.o
                                         0x3c (size before relaxing)
 .eh_frame      0x00000000001168ac       0x20 binaries/ttywrite.o
                                         0x38 (size before relaxing)
 .eh_frame      0x00000000001168cc       0x40 binaries/mount.o
                                         0x58 (size before relaxing)
 .eh_frame      0x000000000011690c       0x20 binaries/naminit.o
                                         0x38 (size before relaxing)
 .eh_frame      0x000000000011692c       0x60 binaries/nammap.o
                                         0x78 (size before relaxing)
 .eh_frame      0x000000000011698c       0x20 binaries/namopen.o
                                         0x38 (size before relaxing)
 .eh_frame      0x00000000001169ac       0x20 binaries/ethcontrol.o
                                         0x38 (size before relaxing)
 .eh_frame      0x00000000001169cc       0x20 binaries/ethhandler.o
                                         0x38 (size before relaxing)
 .eh_frame      0x00000000001169ec       0x9c binaries/ethinit.o
                                         0xb4 (size before relaxing)
 .eh_frame      0x0000000000116a88       0x40 binaries/ethmcast.o
                                         0x58 (size before relaxing)
 .eh_frame      0x0000000000116ac8       0x20 binaries/ethread.o
                                         0x38 (size before relaxing)
 .eh_frame      0x0000000000116ae8       0x20 binaries/ethwrite.o
                                         0x38 (size before relaxing)
 .eh_frame      0x0000000000116b08       0x20 binaries/rdsbufalloc.o
                                         0x38 (size before relaxing)
 .eh_frame      0x0000000000116b28       0x20 binaries/rdsclose.o
                                         0x38 (size before relaxing)
 .eh_frame      0x0000000000116b48       0x20 binaries/rdscomm.o
                                         0x38 (size before relaxing)
 .eh_frame      0x0000000000116b68       0x20 binaries/rdscontrol.o
                                         0x38 (size before relaxing)
 .eh_frame      0x0000000000116b88       0x20 binaries/rdsinit.o
                                         0x38 (size before relaxing)
 .eh_frame      0x0000000000116ba8       0x20 binaries/rdsopen.o
                                         0x38 (size before relaxing)
 .eh_frame      0x0000000000116bc8       0x1c binaries/rdsprocess.o
                                         0x34 (size before relaxing)
 .eh_frame      0x0000000000116be4       0x20 binaries/rdsread.o
                                         0x38 (size before relaxing)
 .eh_frame      0x0000000000116c04       0x20 binaries/rdswrite.o
                                         0x38 (size before relaxing)
 .eh_frame      0x0000000000116c24       0x20 binaries/ramclose.o
                                         0x38 (size before relaxing)
 .eh_frame      0x0000000000116c44       0x20 binaries/raminit.o
                                         0x38 (size before relaxing)
 .eh_frame      0x0000000000116c64       0x20 binaries/ramopen.o
                                         0x38 (size before relaxing)
 .eh_frame      0x0000000000116c84       0x20 binaries/ramread.o
                                         0x38 (size before relaxing)
 .eh_frame      0x0000000000116ca4       0x20 binaries/ramwrite.o
                                         0x38 (size before relaxing)
 .eh_frame      0x0000000000116cc4       0x20 binaries/lfdballoc.o
                                         0x38 (size before relaxing)
 .eh_frame      0x0000000000116ce4       0x20 binaries/lfdbfree.o
                                         0x38 (size before relaxing)
 .eh_frame      0x0000000000116d04       0x20 binaries/lfflush.o
                                         0x38 (size before relaxing)
 .eh_frame      0x0000000000116d24       0x20 binaries/lfgetmode.o
                                         0x38 (size before relaxing)
 .eh_frame      0x0000000000116d44       0x20 binaries/lfiballoc.o
                                         0x38 (size before relaxing)
 .eh_frame      0x0000000000116d64       0x20 binaries/lfibclear.o
                                         0x38 (size before relaxing)
 .eh_frame      0x0000000000116d84       0x20 binaries/lfibget.o
                                         0x38 (size before relaxing)
 .eh_frame      0x0000000000116da4       0x20 binaries/lfibput.o
                                         0x38 (size before relaxing)
 .eh_frame      0x0000000000116dc4       0x20 binaries/lflclose.o
                                         0x38 (size before relaxing)
 .eh_frame      0x0000000000116de4       0x20 binaries/lflcontrol.o
                                         0x38 (size before relaxing)
 .eh_frame      0x0000000000116e04       0x20 binaries/lflgetc.o
                                         0x38 (size before relaxing)
 .eh_frame      0x0000000000116e24       0x20 binaries/lflinit.o
                                         0x38 (size before relaxing)
 .eh_frame      0x0000000000116e44       0x20 binaries/lflputc.o
                                         0x38 (size before relaxing)
 .eh_frame      0x0000000000116e64       0x20 binaries/lflread.o
                                         0x38 (size before relaxing)
 .eh_frame      0x0000000000116e84       0x20 binaries/lflseek.o
                                         0x38 (size before relaxing)
 .eh_frame      0x0000000000116ea4       0x20 binaries/lflwrite.o
                                         0x38 (size before relaxing)
 .eh_frame      0x0000000000116ec4       0x20 binaries/lfscheck.o
                                         0x38 (size before relaxing)
 .eh_frame      0x0000000000116ee4       0x20 binaries/lfsckfmt.o
                                         0x38 (size before relaxing)
 .eh_frame      0x0000000000116f04       0x20 binaries/lfscreate.o
                                         0x38 (size before relaxing)
 .eh_frame      0x0000000000116f24       0x20 binaries/lfsetup.o
                                         0x38 (size before relaxing)
 .eh_frame      0x0000000000116f44       0x20 binaries/lfsinit.o
                                         0x38 (size before relaxing)
 .eh_frame      0x0000000000116f64       0x20 binaries/lfsopen.o
                                         0x38 (size before relaxing)
 .eh_frame      0x0000000000116f84       0x20 binaries/lftruncate.o
                                         0x38 (size before relaxing)
 .eh_frame      0x0000000000116fa4       0x20 binaries/rflclose.o
                                         0x38 (size before relaxing)
 .eh_frame      0x0000000000116fc4       0x20 binaries/rflgetc.o
                                         0x38 (size before relaxing)
 .eh_frame      0x0000000000116fe4       0x20 binaries/rflinit.o
                                         0x38 (size before relaxing)
 .eh_frame      0x0000000000117004       0x20 binaries/rflputc.o
                                         0x38 (size before relaxing)
 .eh_frame      0x0000000000117024       0x20 binaries/rflread.o
                                         0x38 (size before relaxing)
 .eh_frame      0x0000000000117044       0x20 binaries/rflseek.o
                                         0x38 (size before relaxing)
 .eh_frame      0x0000000000117064       0x20 binaries/rflwrite.o
                                         0x38 (size before relaxing)
 .eh_frame      0x0000000000117084       0x20 binaries/rfscomm.o
                                         0x38 (size before relaxing)
 .eh_frame      0x00000000001170a4       0x20 binaries/rfscontrol.o
                                         0x38 (size before relaxing)
 .eh_frame      0x00000000001170c4       0x20 binaries/rfsgetmode.o
                                         0x38 (size before relaxing)
 .eh_frame      0x00000000001170e4       0x20 binaries/rfsinit.o
                                         0x38 (size before relaxing)
 .eh_frame      0x0000000000117104       0x20 binaries/rfsndmsg.o
                                         0x38 (size before relaxing)
 .eh_frame      0x0000000000117124       0x20 binaries/rfsopen.o
                                         0x38 (size before relaxing)
 .eh_frame      0x0000000000117144       0x20 binaries/dns.o
                                         0x38 (size before relaxing)
 .eh_frame      0x0000000000117164       0x20 binaries/dot2ip.o
                                         0x38 (size before relaxing)
 .eh_frame      0x0000000000117184       0x40 binaries/hexdump.o
                                         0x58 (size before relaxing)
 .eh_frame      0x00000000001171c4      0x130 binaries/ipv6.o
                                        0x148 (size before relaxing)
 .eh_frame      0x00000000001172f4       0xc4 binaries/net.o
                                         0xdc (size before relaxing)
 .eh_frame      0x00000000001173b8       0x5c binaries/pdump.o
                                         0x74 (size before relaxing)
 .eh_frame      0x0000000000117414      0x140 binaries/udp.o
                                        0x158 (size before relaxing)
 .eh_frame      0x0000000000117554       0x20 binaries/addargs.o
                                         0x38 (size before relaxing)
 .eh_frame      0x0000000000117574       0x20 binaries/lexan.o
                                         0x38 (size before relaxing)
 .eh_frame      0x0000000000117594       0x20 binaries/shell.o
                                         0x38 (size before relaxing)
 .eh_frame      0x00000000001175b4       0x20 binaries/xsh_argecho.o
                                         0x38 (size before relaxing)
 .eh_frame      0x00000000001175d4       0x20 binaries/xsh_arp.o
                                         0x38 (size before relaxing)
 .eh_frame      0x00000000001175f4       0x20 binaries/xsh_cat.o
                                         0x38 (size before relaxing)
 .eh_frame      0x0000000000117614       0x20 binaries/xsh_clear.o
                                         0x38 (size before relaxing)
 .eh_frame      0x0000000000117634       0x20 binaries/xsh_date.o
                                         0x38 (size before relaxing)
 .eh_frame      0x0000000000117654       0x20 binaries/xsh_devdump.o
                                         0x38 (size before relaxing)
 .eh_frame      0x0000000000117674       0x20 binaries/xsh_echo.o
                                         0x38 (size before relaxing)
 .eh_frame      0x0000000000117694       0x20 binaries/xsh_exit.o
                                         0x38 (size before relaxing)
 .eh_frame      0x00000000001176b4       0x20 binaries/xsh_help.o
                                         0x38 (size before relaxing)
 .eh_frame      0x00000000001176d4       0x20 binaries/xsh_kill.o
                                         0x38 (size before relaxing)
 .eh_frame      0x00000000001176f4       0x40 binaries/xsh_memdump.o
                                         0x58 (size before relaxing)
 .eh_frame      0x0000000000117734       0x60 binaries/xsh_memstat.o
                                         0x78 (size before relaxing)
 .eh_frame      0x0000000000117794       0x30 binaries/xsh_netinfo.o
                                         0x48 (size before relaxing)
 .eh_frame      0x00000000001177c4       0x24 binaries/xsh_pdump.o
                                         0x3c (size before relaxing)
 .eh_frame      0x00000000001177e8       0x20 binaries/xsh_ping.o
                                         0x38 (size before relaxing)
 .eh_frame      0x0000000000117808       0x30 binaries/xsh_ps.o
                                         0x48 (size before relaxing)
 .eh_frame      0x0000000000117838       0x20 binaries/xsh_sleep.o
                                         0x38 (size before relaxing)
 .eh_frame      0x0000000000117858       0x30 binaries/xsh_sp.o
                                         0x48 (size before relaxing)
 .eh_frame      0x0000000000117888       0x20 binaries/xsh_udpdump.o
                                         0x38 (size before relaxing)
 .eh_frame      0x00000000001178a8       0x20 binaries/xsh_udpecho.o
                                         0x38 (size before relaxing)
 .eh_frame      0x00000000001178c8       0x20 binaries/xsh_udpserver.o
                                         0x38 (size before relaxing)
 .eh_frame      0x00000000001178e8       0x20 binaries/xsh_uptime.o
                                         0x38 (size before relaxing)

.iplt           0x0000000000117910        0x0
 .iplt          0x0000000000117910        0x0 binaries/start.o

.rel.dyn        0x0000000000117908        0x0
 .rel.iplt      0x0000000000117908        0x0 binaries/start.o
 .rel.text      0x0000000000117908        0x0 binaries/start.o
 .rel.data      0x0000000000117908        0x0 binaries/start.o
 .rel.rodata    0x0000000000117908        0x0 binaries/start.o

.data           0x0000000000117920     0x26e0
                0x0000000000117920                data = ABSOLUTE (.)
 *(.data .data.*)
 .data          0x0000000000117920      0x83a binaries/start.o
                0x0000000000117920                gdt
                0x0000000000117950                idt
                0x0000000000118156                cpudelay
 *fill*         0x000000000011815a        0x6 
 .data          0x0000000000118160       0x88 binaries/ascdate.o
                0x0000000000118160                Date
 .data          0x00000000001181e8        0x0 binaries/bufinit.o
 .data          0x00000000001181e8        0x0 binaries/chprio.o
 .data          0x00000000001181e8        0x4 binaries/clkhandler.o
 .data          0x00000000001181ec        0x4 binaries/clkinit.o
                0x00000000001181ec                hpet
 .data          0x00000000001181f0        0x0 binaries/close.o
 *fill*         0x00000000001181f0       0x10 
 .data          0x0000000000118200      0x5a0 binaries/conf.o
                0x0000000000118200                devtab
 .data          0x00000000001187a0        0x0 binaries/control.o
 .data          0x00000000001187a0        0x4 binaries/create.o
 .data          0x00000000001187a4        0x0 binaries/early_imr.o
 *fill*         0x00000000001187a4       0x1c 
 .data          0x00000000001187c0       0x60 binaries/evec.o
                0x00000000001187c0                lapic
                0x00000000001187e0                inames
 .data          0x0000000000118820        0x0 binaries/exit.o
 .data          0x0000000000118820        0x0 binaries/freebuf.o
 .data          0x0000000000118820        0x0 binaries/freemem.o
 .data          0x0000000000118820        0x0 binaries/getbuf.o
 .data          0x0000000000118820        0x0 binaries/getc.o
 .data          0x0000000000118820        0x0 binaries/getdev.o
 .data          0x0000000000118820        0x0 binaries/getitem.o
 .data          0x0000000000118820        0x0 binaries/getmem.o
 .data          0x0000000000118820        0x0 binaries/getpid.o
 .data          0x0000000000118820        0x0 binaries/getprio.o
 .data          0x0000000000118820        0x0 binaries/getstk.o
 .data          0x0000000000118820        0x0 binaries/getticks.o
 .data          0x0000000000118820        0x0 binaries/gettime.o
 .data          0x0000000000118820        0x0 binaries/getutime.o
 .data          0x0000000000118820        0x0 binaries/init.o
 .data          0x0000000000118820        0x0 binaries/initialize.o
 .data          0x0000000000118820        0x0 binaries/insert.o
 .data          0x0000000000118820        0x0 binaries/insertd.o
 .data          0x0000000000118820        0x0 binaries/ioerr.o
 .data          0x0000000000118820        0x0 binaries/ionull.o
 .data          0x0000000000118820        0x0 binaries/kill.o
 .data          0x0000000000118820        0x0 binaries/kprintf.o
 .data          0x0000000000118820        0x0 binaries/main.o
 .data          0x0000000000118820        0x0 binaries/mark.o
 .data          0x0000000000118820       0x40 binaries/meminit.o
                0x0000000000118820                bootsign
                0x0000000000118824                bootinfo
                0x0000000000118840                gdt_copy
 .data          0x0000000000118860        0x0 binaries/mkbufpool.o
 .data          0x0000000000118860        0x2 binaries/newqueue.o
 .data          0x0000000000118862        0x0 binaries/open.o
 .data          0x0000000000118862        0x0 binaries/panic.o
 .data          0x0000000000118862        0x0 binaries/pci.o
 .data          0x0000000000118862        0x0 binaries/platinit.o
 .data          0x0000000000118862        0x0 binaries/ptclear.o
 .data          0x0000000000118862        0x0 binaries/ptcount.o
 .data          0x0000000000118862        0x0 binaries/ptcreate.o
 .data          0x0000000000118862        0x0 binaries/ptdelete.o
 .data          0x0000000000118862        0x0 binaries/ptinit.o
 .data          0x0000000000118862        0x0 binaries/ptrecv.o
 .data          0x0000000000118862        0x0 binaries/ptreset.o
 .data          0x0000000000118862        0x0 binaries/ptsend.o
 .data          0x0000000000118862        0x0 binaries/putc.o
 .data          0x0000000000118862        0x0 binaries/quark_irq.o
 .data          0x0000000000118862        0x0 binaries/quark_pdat.o
 .data          0x0000000000118862        0x0 binaries/queue.o
 .data          0x0000000000118862        0x0 binaries/read.o
 .data          0x0000000000118862        0x0 binaries/ready.o
 .data          0x0000000000118862        0x0 binaries/receive.o
 .data          0x0000000000118862        0x0 binaries/recvclr.o
 .data          0x0000000000118862        0x0 binaries/recvtime.o
 .data          0x0000000000118862        0x0 binaries/resched.o
 .data          0x0000000000118862        0x0 binaries/resume.o
 .data          0x0000000000118862        0x0 binaries/seek.o
 .data          0x0000000000118862        0x0 binaries/semcount.o
 .data          0x0000000000118862        0x0 binaries/semcreate.o
 .data          0x0000000000118862        0x0 binaries/semdelete.o
 .data          0x0000000000118862        0x0 binaries/semreset.o
 .data          0x0000000000118862        0x0 binaries/send.o
 .data          0x0000000000118862        0x0 binaries/signal.o
 .data          0x0000000000118862        0x0 binaries/signaln.o
 .data          0x0000000000118862        0x0 binaries/sleep.o
 .data          0x0000000000118862        0x0 binaries/stacktrace.o
 .data          0x0000000000118862        0x0 binaries/suspend.o
 .data          0x0000000000118862        0x0 binaries/unsleep.o
 .data          0x0000000000118862        0x0 binaries/userret.o
 .data          0x0000000000118862        0x0 binaries/wait.o
 .data          0x0000000000118862        0x0 binaries/wakeup.o
 .data          0x0000000000118862        0x0 binaries/write.o
 .data          0x0000000000118862        0x0 binaries/xdone.o
 .data          0x0000000000118862        0x0 binaries/yield.o
 .data          0x0000000000118862        0x0 binaries/abs.o
 .data          0x0000000000118862        0x0 binaries/atoi.o
 .data          0x0000000000118862        0x0 binaries/atol.o
 .data          0x0000000000118862        0x0 binaries/bzero.o
 .data          0x0000000000118862        0x0 binaries/ctype_.o
[...]
 .comment       0x000000000000002a       0x2b binaries/dns.o
 .comment       0x000000000000002a       0x2b binaries/dot2ip.o
 .comment       0x000000000000002a       0x2b binaries/hexdump.o
 .comment       0x000000000000002a       0x2b binaries/ipv6.o
 .comment       0x000000000000002a       0x2b binaries/net.o
 .comment       0x000000000000002a       0x2b binaries/pdump.o
 .comment       0x000000000000002a       0x2b binaries/udp.o
 .comment       0x000000000000002a       0x2b binaries/addargs.o
 .comment       0x000000000000002a       0x2b binaries/lexan.o
 .comment       0x000000000000002a       0x2b binaries/shell.o
 .comment       0x000000000000002a       0x2b binaries/xsh_argecho.o
 .comment       0x000000000000002a       0x2b binaries/xsh_arp.o
 .comment       0x000000000000002a       0x2b binaries/xsh_cat.o
 .comment       0x000000000000002a       0x2b binaries/xsh_clear.o
 .comment       0x000000000000002a       0x2b binaries/xsh_date.o
 .comment       0x000000000000002a       0x2b binaries/xsh_devdump.o
 .comment       0x000000000000002a       0x2b binaries/xsh_echo.o
 .comment       0x000000000000002a       0x2b binaries/xsh_exit.o
 .comment       0x000000000000002a       0x2b binaries/xsh_help.o
 .comment       0x000000000000002a       0x2b binaries/xsh_kill.o
 .comment       0x000000000000002a       0x2b binaries/xsh_memdump.o
 .comment       0x000000000000002a       0x2b binaries/xsh_memstat.o
 .comment       0x000000000000002a       0x2b binaries/xsh_netinfo.o
 .comment       0x000000000000002a       0x2b binaries/xsh_pdump.o
 .comment       0x000000000000002a       0x2b binaries/xsh_ping.o
 .comment       0x000000000000002a       0x2b binaries/xsh_ps.o
 .comment       0x000000000000002a       0x2b binaries/xsh_sleep.o
 .comment       0x000000000000002a       0x2b binaries/xsh_sp.o
 .comment       0x000000000000002a       0x2b binaries/xsh_udpdump.o
 .comment       0x000000000000002a       0x2b binaries/xsh_udpecho.o
 .comment       0x000000000000002a       0x2b binaries/xsh_udpserver.o
 .comment       0x000000000000002a       0x2b binaries/xsh_uptime.o

.note.GNU-stack
                0x0000000000000000        0x0
 .note.GNU-stack
                0x0000000000000000        0x0 binaries/ascdate.o
 .note.GNU-stack
                0x0000000000000000        0x0 binaries/bufinit.o
 .note.GNU-stack
                0x0000000000000000        0x0 binaries/chprio.o
 .note.GNU-stack
                0x0000000000000000        0x0 binaries/clkhandler.o
 .note.GNU-stack
                0x0000000000000000        0x0 binaries/clkinit.o
 .note.GNU-stack
                0x0000000000000000        0x0 binaries/close.o
 .note.GNU-stack
                0x0000000000000000        0x0 binaries/conf.o
 .note.GNU-stack
                0x0000000000000000        0x0 binaries/control.o
 .note.GNU-stack
                0x0000000000000000        0x0 binaries/create.o
 .note.GNU-stack
                0x0000000000000000        0x0 binaries/early_imr.o
 .note.GNU-stack
                0x0000000000000000        0x0 binaries/evec.o
 .note.GNU-stack
                0x0000000000000000        0x0 binaries/exit.o
 .note.GNU-stack
                0x0000000000000000        0x0 binaries/freebuf.o
 .note.GNU-stack
                0x0000000000000000        0x0 binaries/freemem.o
 .note.GNU-stack
                0x0000000000000000        0x0 binaries/getbuf.o
 .note.GNU-stack
                0x0000000000000000        0x0 binaries/getc.o
 .note.GNU-stack
                0x0000000000000000        0x0 binaries/getdev.o
 .note.GNU-stack
                0x0000000000000000        0x0 binaries/getitem.o
 .note.GNU-stack
                0x0000000000000000        0x0 binaries/getmem.o
 .note.GNU-stack
                0x0000000000000000        0x0 binaries/getpid.o
 .note.GNU-stack
                0x0000000000000000        0x0 binaries/getprio.o
 .note.GNU-stack
                0x0000000000000000        0x0 binaries/getstk.o
 .note.GNU-stack
                0x0000000000000000        0x0 binaries/getticks.o
 .note.GNU-stack
                0x0000000000000000        0x0 binaries/gettime.o
 .note.GNU-stack
                0x0000000000000000        0x0 binaries/getutime.o
 .note.GNU-stack
                0x0000000000000000        0x0 binaries/init.o
 .note.GNU-stack
                0x0000000000000000        0x0 binaries/initialize.o
 .note.GNU-stack
                0x0000000000000000        0x0 binaries/insert.o
 .note.GNU-stack
                0x0000000000000000        0x0 binaries/insertd.o
 .note.GNU-stack
                0x0000000000000000        0x0 binaries/ioerr.o
 .note.GNU-stack
                0x0000000000000000        0x0 binaries/ionull.o
 .note.GNU-stack
                0x0000000000000000        0x0 binaries/kill.o
 .note.GNU-stack
                0x0000000000000000        0x0 binaries/kprintf.o
 .note.GNU-stack
                0x0000000000000000        0x0 binaries/main.o
 .note.GNU-stack
                0x0000000000000000        0x0 binaries/mark.o
 .note.GNU-stack
                0x0000000000000000        0x0 binaries/meminit.o
 .note.GNU-stack
                0x0000000000000000        0x0 binaries/mkbufpool.o
 .note.GNU-stack
                0x0000000000000000        0x0 binaries/newqueue.o
 .note.GNU-stack
                0x0000000000000000        0x0 binaries/open.o
 .note.GNU-stack
                0x0000000000000000        0x0 binaries/panic.o
 .note.GNU-stack
                0x0000000000000000        0x0 binaries/pci.o
 .note.GNU-stack
                0x0000000000000000        0x0 binaries/platinit.o
 .note.GNU-stack
                0x0000000000000000        0x0 binaries/ptclear.o
 .note.GNU-stack
                0x0000000000000000        0x0 binaries/ptcount.o
 .note.GNU-stack
                0x0000000000000000        0x0 binaries/ptcreate.o
 .note.GNU-stack
                0x0000000000000000        0x0 binaries/ptdelete.o
 .note.GNU-stack
                0x0000000000000000        0x0 binaries/ptinit.o
 .note.GNU-stack
                0x0000000000000000        0x0 binaries/ptrecv.o
 .note.GNU-stack
                0x0000000000000000        0x0 binaries/ptreset.o
 .note.GNU-stack
                0x0000000000000000        0x0 binaries/ptsend.o
 .note.GNU-stack
                0x0000000000000000        0x0 binaries/putc.o
 .note.GNU-stack
                0x0000000000000000        0x0 binaries/quark_irq.o
 .note.GNU-stack
                0x0000000000000000        0x0 binaries/quark_pdat.o
 .note.GNU-stack
                0x0000000000000000        0x0 binaries/queue.o
 .note.GNU-stack
                0x0000000000000000        0x0 binaries/read.o
 .note.GNU-stack
                0x0000000000000000        0x0 binaries/ready.o
 .note.GNU-stack
                0x0000000000000000        0x0 binaries/receive.o
 .note.GNU-stack
                0x0000000000000000        0x0 binaries/recvclr.o
 .note.GNU-stack
                0x0000000000000000        0x0 binaries/recvtime.o
 .note.GNU-stack
                0x0000000000000000        0x0 binaries/resched.o
 .note.GNU-stack
                0x0000000000000000        0x0 binaries/resume.o
 .note.GNU-stack
                0x0000000000000000        0x0 binaries/seek.o
 .note.GNU-stack
                0x0000000000000000        0x0 binaries/semcount.o
 .note.GNU-stack
                0x0000000000000000        0x0 binaries/semcreate.o
 .note.GNU-stack
                0x0000000000000000        0x0 binaries/semdelete.o
 .note.GNU-stack
                0x0000000000000000        0x0 binaries/semreset.o
 .note.GNU-stack
                0x0000000000000000        0x0 binaries/send.o
 .note.GNU-stack
                0x0000000000000000        0x0 binaries/signal.o
 .note.GNU-stack
                0x0000000000000000        0x0 binaries/signaln.o
 .note.GNU-stack
                0x0000000000000000        0x0 binaries/sleep.o
 .note.GNU-stack
                0x0000000000000000        0x0 binaries/stacktrace.o
 .note.GNU-stack
                0x0000000000000000        0x0 binaries/suspend.o
 .note.GNU-stack
                0x0000000000000000        0x0 binaries/unsleep.o
 .note.GNU-stack
                0x0000000000000000        0x0 binaries/userret.o
 .note.GNU-stack
                0x0000000000000000        0x0 binaries/wait.o
 .note.GNU-stack
                0x0000000000000000        0x0 binaries/wakeup.o
 .note.GNU-stack
                0x0000000000000000        0x0 binaries/write.o
 .note.GNU-stack
                0x0000000000000000        0x0 binaries/xdone.o
 .note.GNU-stack
                0x0000000000000000        0x0 binaries/yield.o
 .note.GNU-stack
                0x0000000000000000        0x0 binaries/abs.o
 .note.GNU-stack
                0x0000000000000000        0x0 binaries/atoi.o
 .note.GNU-stack
                0x0000000000000000        0x0 binaries/atol.o
 .note.GNU-stack
                0x0000000000000000        0x0 binaries/bzero.o
 .note.GNU-stack
                0x0000000000000000        0x0 binaries/ctype_.o
 .note.GNU-stack
                0x0000000000000000        0x0 binaries/doprnt.o
 .note.GNU-stack
                0x0000000000000000        0x0 binaries/doscan.o
 .note.GNU-stack
                0x0000000000000000        0x0 binaries/fdoprnt.o
 .note.GNU-stack
                0x0000000000000000        0x0 binaries/fgetc.o
 .note.GNU-stack
                0x0000000000000000        0x0 binaries/fgets.o
 .note.GNU-stack
                0x0000000000000000        0x0 binaries/fprintf.o
 .note.GNU-stack
                0x0000000000000000        0x0 binaries/fputc.o
 .note.GNU-stack
                0x0000000000000000        0x0 binaries/fputs.o
 .note.GNU-stack
                0x0000000000000000        0x0 binaries/fscanf.o
 .note.GNU-stack
                0x0000000000000000        0x0 binaries/getchar.o
 .note.GNU-stack
                0x0000000000000000        0x0 binaries/labs.o
 .note.GNU-stack
                0x0000000000000000        0x0 binaries/memchr.o
 .note.GNU-stack
                0x0000000000000000        0x0 binaries/memcmp.o
 .note.GNU-stack
                0x0000000000000000        0x0 binaries/memcpy.o
 .note.GNU-stack
                0x0000000000000000        0x0 binaries/memset.o
 .note.GNU-stack
                0x0000000000000000        0x0 binaries/printf.o
 .note.GNU-stack
                0x0000000000000000        0x0 binaries/putchar.o
 .note.GNU-stack
                0x0000000000000000        0x0 binaries/qsort.o
 .note.GNU-stack
                0x0000000000000000        0x0 binaries/rand.o
 .note.GNU-stack
                0x0000000000000000        0x0 binaries/sprintf.o
 .note.GNU-stack
                0x0000000000000000        0x0 binaries/sscanf.o
 .note.GNU-stack
                0x0000000000000000        0x0 binaries/strchr.o
 .note.GNU-stack
                0x0000000000000000        0x0 binaries/strcmp.o
 .note.GNU-stack
                0x0000000000000000        0x0 binaries/strcpy.o
 .note.GNU-stack
                0x0000000000000000        0x0 binaries/strlen.o
 .note.GNU-stack
                0x0000000000000000        0x0 binaries/strncat.o
 .note.GNU-stack
                0x0000000000000000        0x0 binaries/strncmp.o
 .note.GNU-stack
                0x0000000000000000        0x0 binaries/strncpy.o
 .note.GNU-stack
                0x0000000000000000        0x0 binaries/strnlen.o
 .note.GNU-stack
                0x0000000000000000        0x0 binaries/strrchr.o
 .note.GNU-stack
                0x0000000000000000        0x0 binaries/strstr.o
 .note.GNU-stack
                0x0000000000000000        0x0 binaries/ttycontrol.o
 .note.GNU-stack
                0x0000000000000000        0x0 binaries/ttygetc.o
 .note.GNU-stack
                0x0000000000000000        0x0 binaries/ttyhandle_in.o
 .note.GNU-stack
                0x0000000000000000        0x0 binaries/ttyhandle_out.o
 .note.GNU-stack
                0x0000000000000000        0x0 binaries/ttyhandler.o
 .note.GNU-stack
                0x0000000000000000        0x0 binaries/ttyinit.o
 .note.GNU-stack
                0x0000000000000000        0x0 binaries/ttykickout.o
 .note.GNU-stack
                0x0000000000000000        0x0 binaries/ttyputc.o
 .note.GNU-stack
                0x0000000000000000        0x0 binaries/ttyread.o
 .note.GNU-stack
                0x0000000000000000        0x0 binaries/ttywrite.o
 .note.GNU-stack
                0x0000000000000000        0x0 binaries/mount.o
 .note.GNU-stack
                0x0000000000000000        0x0 binaries/naminit.o
 .note.GNU-stack
                0x0000000000000000        0x0 binaries/nammap.o
 .note.GNU-stack
                0x0000000000000000        0x0 binaries/namopen.o
 .note.GNU-stack
                0x0000000000000000        0x0 binaries/ethcontrol.o
 .note.GNU-stack
                0x0000000000000000        0x0 binaries/ethhandler.o
 .note.GNU-stack
                0x0000000000000000        0x0 binaries/ethinit.o
 .note.GNU-stack
                0x0000000000000000        0x0 binaries/ethmcast.o
 .note.GNU-stack
                0x0000000000000000        0x0 binaries/ethread.o
 .note.GNU-stack
                0x0000000000000000        0x0 binaries/ethwrite.o
 .note.GNU-stack
                0x0000000000000000        0x0 binaries/rdsbufalloc.o
 .note.GNU-stack
                0x0000000000000000        0x0 binaries/rdsclose.o
 .note.GNU-stack
                0x0000000000000000        0x0 binaries/rdscomm.o
 .note.GNU-stack
                0x0000000000000000        0x0 binaries/rdscontrol.o
 .note.GNU-stack
                0x0000000000000000        0x0 binaries/rdsinit.o
 .note.GNU-stack
                0x0000000000000000        0x0 binaries/rdsopen.o
 .note.GNU-stack
                0x0000000000000000        0x0 binaries/rdsprocess.o
 .note.GNU-stack
                0x0000000000000000        0x0 binaries/rdsread.o
 .note.GNU-stack
                0x0000000000000000        0x0 binaries/rdswrite.o
 .note.GNU-stack
                0x0000000000000000        0x0 binaries/ramclose.o
 .note.GNU-stack
                0x0000000000000000        0x0 binaries/raminit.o
 .note.GNU-stack
                0x0000000000000000        0x0 binaries/ramopen.o
 .note.GNU-stack
                0x0000000000000000        0x0 binaries/ramread.o
 .note.GNU-stack
                0x0000000000000000        0x0 binaries/ramwrite.o
 .note.GNU-stack
                0x0000000000000000        0x0 binaries/lfdballoc.o
 .note.GNU-stack
                0x0000000000000000        0x0 binaries/lfdbfree.o
 .note.GNU-stack
                0x0000000000000000        0x0 binaries/lfflush.o
 .note.GNU-stack
                0x0000000000000000        0x0 binaries/lfgetmode.o
 .note.GNU-stack
                0x0000000000000000        0x0 binaries/lfiballoc.o
 .note.GNU-stack
                0x0000000000000000        0x0 binaries/lfibclear.o
 .note.GNU-stack
                0x0000000000000000        0x0 binaries/lfibget.o
 .note.GNU-stack
                0x0000000000000000        0x0 binaries/lfibput.o
 .note.GNU-stack
                0x0000000000000000        0x0 binaries/lflclose.o
 .note.GNU-stack
                0x0000000000000000        0x0 binaries/lflcontrol.o
 .note.GNU-stack
                0x0000000000000000        0x0 binaries/lflgetc.o
 .note.GNU-stack
                0x0000000000000000        0x0 binaries/lflinit.o
 .note.GNU-stack
                0x0000000000000000        0x0 binaries/lflputc.o
 .note.GNU-stack
                0x0000000000000000        0x0 binaries/lflread.o
 .note.GNU-stack
                0x0000000000000000        0x0 binaries/lflseek.o
 .note.GNU-stack
                0x0000000000000000        0x0 binaries/lflwrite.o
 .note.GNU-stack
                0x0000000000000000        0x0 binaries/lfscheck.o
 .note.GNU-stack
                0x0000000000000000        0x0 binaries/lfsckfmt.o
 .note.GNU-stack
                0x0000000000000000        0x0 binaries/lfscreate.o
 .note.GNU-stack
                0x0000000000000000        0x0 binaries/lfsetup.o
 .note.GNU-stack
                0x0000000000000000        0x0 binaries/lfsinit.o
 .note.GNU-stack
                0x0000000000000000        0x0 binaries/lfsopen.o
 .note.GNU-stack
                0x0000000000000000        0x0 binaries/lftruncate.o
 .note.GNU-stack
                0x0000000000000000        0x0 binaries/rflclose.o
 .note.GNU-stack
                0x0000000000000000        0x0 binaries/rflgetc.o
 .note.GNU-stack
                0x0000000000000000        0x0 binaries/rflinit.o
 .note.GNU-stack
                0x0000000000000000        0x0 binaries/rflputc.o
 .note.GNU-stack
                0x0000000000000000        0x0 binaries/rflread.o
 .note.GNU-stack
                0x0000000000000000        0x0 binaries/rflseek.o
 .note.GNU-stack
                0x0000000000000000        0x0 binaries/rflwrite.o
 .note.GNU-stack
                0x0000000000000000        0x0 binaries/rfscomm.o
 .note.GNU-stack
                0x0000000000000000        0x0 binaries/rfscontrol.o
 .note.GNU-stack
                0x0000000000000000        0x0 binaries/rfsgetmode.o
 .note.GNU-stack
                0x0000000000000000        0x0 binaries/rfsinit.o
 .note.GNU-stack
                0x0000000000000000        0x0 binaries/rfsndmsg.o
 .note.GNU-stack
                0x0000000000000000        0x0 binaries/rfsopen.o
 .note.GNU-stack
                0x0000000000000000        0x0 binaries/dns.o
 .note.GNU-stack
                0x0000000000000000        0x0 binaries/dot2ip.o
 .note.GNU-stack
                0x0000000000000000        0x0 binaries/hexdump.o
 .note.GNU-stack
                0x0000000000000000        0x0 binaries/ipv6.o
 .note.GNU-stack
                0x0000000000000000        0x0 binaries/net.o
 .note.GNU-stack
                0x0000000000000000        0x0 binaries/pdump.o
 .note.GNU-stack
                0x0000000000000000        0x0 binaries/udp.o
 .note.GNU-stack
                0x0000000000000000        0x0 binaries/addargs.o
 .note.GNU-stack
                0x0000000000000000        0x0 binaries/lexan.o
 .note.GNU-stack
                0x0000000000000000        0x0 binaries/shell.o
 .note.GNU-stack
                0x0000000000000000        0x0 binaries/xsh_argecho.o
 .note.GNU-stack
                0x0000000000000000        0x0 binaries/xsh_arp.o
 .note.GNU-stack
                0x0000000000000000        0x0 binaries/xsh_cat.o
 .note.GNU-stack
                0x0000000000000000        0x0 binaries/xsh_clear.o
 .note.GNU-stack
                0x0000000000000000        0x0 binaries/xsh_date.o
 .note.GNU-stack
                0x0000000000000000        0x0 binaries/xsh_devdump.o
 .note.GNU-stack
                0x0000000000000000        0x0 binaries/xsh_echo.o
 .note.GNU-stack
                0x0000000000000000        0x0 binaries/xsh_exit.o
 .note.GNU-stack
                0x0000000000000000        0x0 binaries/xsh_help.o
 .note.GNU-stack
                0x0000000000000000        0x0 binaries/xsh_kill.o
 .note.GNU-stack
                0x0000000000000000        0x0 binaries/xsh_memdump.o
 .note.GNU-stack
                0x0000000000000000        0x0 binaries/xsh_memstat.o
 .note.GNU-stack
                0x0000000000000000        0x0 binaries/xsh_netinfo.o
 .note.GNU-stack
                0x0000000000000000        0x0 binaries/xsh_pdump.o
 .note.GNU-stack
                0x0000000000000000        0x0 binaries/xsh_ping.o
 .note.GNU-stack
                0x0000000000000000        0x0 binaries/xsh_ps.o
 .note.GNU-stack
                0x0000000000000000        0x0 binaries/xsh_sleep.o
 .note.GNU-stack
                0x0000000000000000        0x0 binaries/xsh_sp.o
 .note.GNU-stack
                0x0000000000000000        0x0 binaries/xsh_udpdump.o
 .note.GNU-stack
                0x0000000000000000        0x0 binaries/xsh_udpecho.o
 .note.GNU-stack
                0x0000000000000000        0x0 binaries/xsh_udpserver.o
 .note.GNU-stack
                0x0000000000000000        0x0 binaries/xsh_uptime.o
