
Allocating common symbols
Common symbol       size              file

netbufpool          0x4               binaries/net.o
readylist           0x2               binaries/ready.o
rfltab              0x5a0             binaries/rflinit.o
netportseed         0x8               binaries/net.o
queueArr            0x28              binaries/initialize.o
sleepq              0x2               binaries/clkinit.o
uip_ds6_if          0xc8              binaries/uip_ds.o
uip_ds6_netif_addr_list_offset
                    0x1               binaries/uip_ds.o
uip_len             0x2               binaries/alarm.o
host                0x1               binaries/net.o
nnames              0x4               binaries/naminit.o
alarmq              0x2               binaries/clkinit.o
udptab              0x168             binaries/udp.o
minheap             0x4               binaries/meminit.o
marks               0x50              binaries/mark.o
currpid             0x4               binaries/initialize.o
uip_ds6_addr_size   0x1               binaries/uip_ds.o
Lf_data             0x20c             binaries/lfsinit.o
porttab             0x2d0             binaries/ptinit.o
girmask             0x2               binaries/evec.o
ttytab              0x110             binaries/ttyinit.o
uip_ds6_prefix_list
                    0x48              binaries/uip_ds.o
proctab             0x2580            binaries/initialize.o
prcount             0x4               binaries/initialize.o
dest_addr           0x10              binaries/xsh_ping6.o
uip_lladdr          0x6               binaries/alarm.o
int_actions         0x140             binaries/evec.o
macbcast            0x6               binaries/alarm.o
lfltab              0xf00             binaries/lflinit.o
uip_next_hdr        0x4               binaries/alarm.o
linkaddr_node_addr  0x2               binaries/uip_nbr.o
rdstab              0x8c              binaries/rdsinit.o
ethertab            0x13c             binaries/ethinit.o
NetData             0xb0              binaries/net.o
nmarks              0x4               binaries/mark.o
if_tab              0x1b0             binaries/net.o
Defer               0x8               binaries/resched.o
semtab              0x4b0             binaries/initialize.o
useSigRecv          0x1               binaries/lab4q3.o
maxheap             0x4               binaries/meminit.o
preempt             0x4               binaries/clkinit.o
buftab              0xf0              binaries/bufinit.o
Rf_data             0x18              binaries/rfsinit.o
ifprime             0x4               binaries/net.o
myqueuetab          0x980             binaries/myqueue.o
mkmutex             0x4               binaries/mark.o
alarmqueuetab       0x960             binaries/alarmqueue.o
clktimemsec         0x4               binaries/clkinit.o
msgglob             0x4               binaries/lab4q3.o
clktime             0x4               binaries/clkinit.o
nbpools             0x4               binaries/bufinit.o
queuetab            0x980             binaries/queue.o
uip_ext_len         0x1               binaries/alarm.o
ptnextid            0x4               binaries/ptinit.o
Ram                 0x19000           binaries/raminit.o
memlist             0x8               binaries/initialize.o
uip_buf             0x4               binaries/alarm.o
nametab             0x19a0            binaries/naminit.o
ptfree              0x4               binaries/ptinit.o

Memory Configuration

Name             Origin             Length             Attributes
*default*        0x0000000000000000 0xffffffffffffffff

Linker script and memory map

                0x0000000000100000                physbase = 0x100000
                0x0000000000100000                . = physbase
                0x0000000000100000                . = ALIGN (0x1000)

.text           0x0000000000100000    0x1e000
                0x0000000000100000                text = ABSOLUTE (.)
 *(.text .text.*)
 .text          0x0000000000100000      0x1b8 binaries/start.o
                0x0000000000100028                start
                0x00000000001000fa                inb
                0x0000000000100102                inw
                0x000000000010010b                inl
                0x0000000000100113                outb
                0x000000000010011d                outw
                0x0000000000100128                outl
                0x0000000000100132                _rtcin
                0x000000000010013d                ___udivsi3
                0x0000000000100148                ___divsi3
                0x0000000000100154                sbzero
                0x0000000000100164                insw
                0x000000000010017a                outsw
                0x0000000000100190                bcopy
                0x00000000001001a4                lidt
                0x00000000001001ac                cpuid
 .text          0x00000000001001b8      0x165 binaries/alarm.o
                0x00000000001001b8                alarm
                0x0000000000100200                alarmms
 .text          0x000000000010031d      0x4bf binaries/alarmqueue.o
                0x000000000010031d                alarmenqueue
                0x00000000001003b8                alarmdequeue
                0x0000000000100425                alarminsertd
                0x0000000000100530                alarmgetfirst
                0x0000000000100575                alarmgetlast
                0x00000000001005bc                alarmgetitem
                0x0000000000100600                alarmnewqueue
                0x0000000000100694                alarmprintQueue
                0x000000000010072b                alarmcontains
 .text          0x00000000001007dc       0xfe binaries/alarmwakeup.o
                0x00000000001007dc                alarmwakeup
 .text          0x00000000001008da      0x3e3 binaries/ascdate.o
                0x00000000001008da                ascdate
 .text          0x0000000000100cbd       0x14 binaries/bufinit.o
                0x0000000000100cbd                bufinit
 .text          0x0000000000100cd1       0x8b binaries/chprio.o
                0x0000000000100cd1                chprio
 .text          0x0000000000100d5c      0x157 binaries/clkhandler.o
                0x0000000000100d5c                clkhandler
 .text          0x0000000000100eb3       0xe2 binaries/clkinit.o
                0x0000000000100eb3                clkinit
 .text          0x0000000000100f95       0x75 binaries/close.o
                0x0000000000100f95                close
 .text          0x000000000010100a        0x0 binaries/conf.o
 .text          0x000000000010100a       0x7b binaries/control.o
                0x000000000010100a                control
 .text          0x0000000000101085      0x32f binaries/create.o
                0x0000000000101085                create
 .text          0x00000000001013b4      0x298 binaries/early_imr.o
                0x00000000001013b4                intel_cln_early_sb_read_reg
                0x0000000000101433                intel_cln_early_sb_write_reg
                0x00000000001015c1                remove_irm_protections
 .text          0x000000000010164c      0x5d2 binaries/evec.o
                0x000000000010164c                initevec
                0x000000000010179e                set_evec
                0x000000000010180b                set_ivec
                0x00000000001018aa                ioapic_irq2vec
                0x00000000001018eb                int_dispatch
                0x0000000000101980                _8259_setirmask
                0x00000000001019d9                trap
 .text          0x0000000000101c1e       0x19 binaries/exit.o
                0x0000000000101c1e                exit
 .text          0x0000000000101c37       0x8c binaries/freebuf.o
                0x0000000000101c37                freebuf
 .text          0x0000000000101cc3      0x172 binaries/freemem.o
                0x0000000000101cc3                freemem
 .text          0x0000000000101e35       0x8a binaries/getbuf.o
                0x0000000000101e35                getbuf
 .text          0x0000000000101ebf       0x75 binaries/getc.o
                0x0000000000101ebf                getc
 .text          0x0000000000101f34       0x74 binaries/getdev.o
                0x0000000000101f34                getdev
 .text          0x0000000000101fa8      0x1a0 binaries/getitem.o
                0x0000000000101fa8                getfirst
                0x0000000000101fed                getlast
                0x0000000000102034                getitem
                0x0000000000102078                mygetfirst
                0x00000000001020bd                mygetlast
                0x0000000000102104                mygetitem
 .text          0x0000000000102148      0x10a binaries/getmem.o
                0x0000000000102148                getmem
 .text          0x0000000000102252        0xa binaries/getpid.o
                0x0000000000102252                getpid
 .text          0x000000000010225c       0x73 binaries/getprio.o
                0x000000000010225c                getprio
 .text          0x00000000001022cf       0xfb binaries/getstk.o
                0x00000000001022cf                getstk
 .text          0x00000000001023ca       0x16 binaries/getticks.o
                0x00000000001023ca                getticks
 .text          0x00000000001023e0       0x3a binaries/gettime.o
                0x00000000001023e0                gettime
 .text          0x000000000010241a        0xa binaries/getutime.o
                0x000000000010241a                getutime
 .text          0x0000000000102424       0x75 binaries/init.o
                0x0000000000102424                init
 .text          0x0000000000102499      0x3dc binaries/initialize.o
                0x0000000000102499                nulluser
                0x000000000010281c                stop
                0x0000000000102847                delay
 .text          0x0000000000102875       0xd9 binaries/insert.o
                0x0000000000102875                insert
 .text          0x000000000010294e      0x10b binaries/insertd.o
                0x000000000010294e                insertd
 .text          0x0000000000102a59        0xa binaries/ioerr.o
                0x0000000000102a59                ioerr
 .text          0x0000000000102a63        0xa binaries/ionull.o
                0x0000000000102a63                ionull
 .text          0x0000000000102a6d      0x194 binaries/kill.o
                0x0000000000102a6d                kill
 .text          0x0000000000102c01      0x138 binaries/kprintf.o
                0x0000000000102c01                kputc
                0x0000000000102c8c                kgetc
                0x0000000000102d0f                kprintf
 .text          0x0000000000102d39      0x2ca binaries/lab4q3.o
                0x0000000000102d39                lab4q3_AllTests
                0x0000000000102d51                myalarmhandler
                0x0000000000102d76                myxcpuhandler
                0x0000000000102dc4                myxcpuhandler_alternate
                0x0000000000102e12                registerSignal
                0x0000000000102ef5                AlarmTest1
                0x0000000000102f29                AlarmTest2
                0x0000000000102f6a                XCputest1
                0x0000000000102f84                XCputest2
                0x0000000000102fcb                mixedProcess
 .text          0x0000000000103003       0x95 binaries/main.o
                0x0000000000103003                main
 .text          0x0000000000103098       0xb5 binaries/mark.o
                0x0000000000103098                markinit
                0x00000000001030bc                mark
 .text          0x000000000010314d      0x2ca binaries/meminit.o
                0x000000000010314d                meminit
                0x0000000000103374                setsegs
 .text          0x0000000000103417      0x174 binaries/mkbufpool.o
                0x0000000000103417                mkbufpool
 .text          0x000000000010358b       0x94 binaries/mynewqueue.o
                0x000000000010358b                mynewqueue
 .text          0x000000000010361f      0x1f2 binaries/myqueue.o
                0x000000000010361f                myenqueue
                0x000000000010370d                mydequeue
                0x000000000010377a                myprintQueue
 .text          0x0000000000103811       0x94 binaries/newqueue.o
                0x0000000000103811                newqueue
 .text          0x00000000001038a5       0x7b binaries/open.o
                0x00000000001038a5                open
 .text          0x0000000000103920       0x20 binaries/panic.o
                0x0000000000103920                panic
 .text          0x0000000000103940      0x56a binaries/pci.o
                0x0000000000103940                pci_init
                0x00000000001039ca                find_pci_device
                0x0000000000103ab0                pci_read_config_byte
                0x0000000000103b0e                pci_read_config_word
                0x0000000000103b6e                pci_read_config_dword
                0x0000000000103bcc                pci_write_config_byte
                0x0000000000103c2e                pci_write_config_word
                0x0000000000103c92                pci_write_config_dword
                0x0000000000103cee                pci_get_dev_mmio_base_addr
                0x0000000000103d5a                pci_set_ivec
 .text          0x0000000000103eaa       0xc9 binaries/platinit.o
                0x0000000000103eaa                cpu_is_quark
                0x0000000000103ec7                console_init
                0x0000000000103f10                platinit
 .text          0x0000000000103f73       0xf1 binaries/ptclear.o
                0x0000000000103f73                _ptclear
 .text          0x0000000000104064       0x9d binaries/ptcount.o
                0x0000000000104064                ptcount
 .text          0x0000000000104101      0x116 binaries/ptcreate.o
                0x0000000000104101                ptcreate
 .text          0x0000000000104217       0x7f binaries/ptdelete.o
                0x0000000000104217                ptdelete
 .text          0x0000000000104296       0xbf binaries/ptinit.o
                0x0000000000104296                ptinit
 .text          0x0000000000104355      0x11b binaries/ptrecv.o
                0x0000000000104355                ptrecv
 .text          0x0000000000104470       0x77 binaries/ptreset.o
                0x0000000000104470                ptreset
 .text          0x00000000001044e7      0x13d binaries/ptsend.o
                0x00000000001044e7                ptsend
 .text          0x0000000000104624       0x80 binaries/putc.o
                0x0000000000104624                putc
 .text          0x00000000001046a4       0xcc binaries/quark_irq.o
                0x00000000001046a4                quark_irq_routing
 .text          0x0000000000104770      0x1e9 binaries/quark_pdat.o
                0x0000000000104770                get_quark_pdat_entry_data_by_id
                0x000000000010485f                get_quark_pdat_entry_data_by_desc
 .text          0x0000000000104959      0x10c binaries/queue.o
                0x0000000000104959                enqueue
                0x00000000001049f8                dequeue
 .text          0x0000000000104a65       0x7b binaries/read.o
                0x0000000000104a65                read
 .text          0x0000000000104ae0       0x76 binaries/ready.o
                0x0000000000104ae0                ready
 .text          0x0000000000104b56       0x5f binaries/receive.o
                0x0000000000104b56                receive
 .text          0x0000000000104bb5       0x5b binaries/recvclr.o
                0x0000000000104bb5                recvclr
 .text          0x0000000000104c10       0xba binaries/recvtime.o
                0x0000000000104c10                recvtime
 .text          0x0000000000104cca      0x1ba binaries/registercbsig.o
                0x0000000000104cca                registercbsig
 .text          0x0000000000104e84      0x1f0 binaries/resched.o
                0x0000000000104e84                handleCallback
                0x0000000000104f09                resched
                0x0000000000104fff                resched_cntl
 .text          0x0000000000105074       0xa8 binaries/resume.o
                0x0000000000105074                resume
 .text          0x000000000010511c       0x79 binaries/seek.o
                0x000000000010511c                seek
 .text          0x0000000000105195       0x70 binaries/semcount.o
                0x0000000000105195                semcount
 .text          0x0000000000105205       0xd6 binaries/semcreate.o
                0x0000000000105205                semcreate
 .text          0x00000000001052db       0xcd binaries/semdelete.o
                0x00000000001052db                semdelete
 .text          0x00000000001053a8       0xcb binaries/semreset.o
                0x00000000001053a8                semreset
 .text          0x0000000000105473       0xe4 binaries/send.o
                0x0000000000105473                send
 .text          0x0000000000105557       0xa8 binaries/signal.o
                0x0000000000105557                signal
 .text          0x00000000001055ff       0xd6 binaries/signaln.o
                0x00000000001055ff                signaln
 .text          0x00000000001056d5       0xe9 binaries/sleep.o
                0x00000000001056d5                sleep
                0x0000000000105723                sleepms
 .text          0x00000000001057be      0x189 binaries/stacktrace.o
                0x00000000001057be                stacktrace
 .text          0x0000000000105947       0xde binaries/suspend.o
                0x0000000000105947                suspend
 .text          0x0000000000105a25       0xe0 binaries/unsleep.o
                0x0000000000105a25                unsleep
 .text          0x0000000000105b05       0x19 binaries/userret.o
                0x0000000000105b05                userret
 .text          0x0000000000105b1e       0xda binaries/wait.o
                0x0000000000105b1e                wait
 .text          0x0000000000105bf8       0x72 binaries/wakeup.o
                0x0000000000105bf8                wakeup
 .text          0x0000000000105c6a       0x7b binaries/write.o
                0x0000000000105c6a                write
 .text          0x0000000000105ce5       0x1d binaries/xdone.o
                0x0000000000105ce5                xdone
 .text          0x0000000000105d02       0x28 binaries/yield.o
                0x0000000000105d02                yield
 .text          0x0000000000105d2a       0x11 binaries/abs.o
                0x0000000000105d2a                abs
 .text          0x0000000000105d3b       0x8f binaries/atoi.o
                0x0000000000105d3b                atoi
 .text          0x0000000000105dca       0x8f binaries/atol.o
                0x0000000000105dca                atol
 .text          0x0000000000105e59       0x31 binaries/bzero.o
                0x0000000000105e59                bzero
 .text          0x0000000000105e8a        0x0 binaries/ctype_.o
 .text          0x0000000000105e8a      0x8ed binaries/doprnt.o
                0x0000000000105e8a                _doprnt
 .text          0x0000000000106777      0x65c binaries/doscan.o
                0x0000000000106777                _doscan
 .text          0x0000000000106dd3      0x711 binaries/fdoprnt.o
                0x0000000000106dd3                _fdoprnt
 .text          0x00000000001074e4       0x29 binaries/fgetc.o
                0x00000000001074e4                fgetc
 .text          0x000000000010750d       0x75 binaries/fgets.o
                0x000000000010750d                fgets
 .text          0x0000000000107582       0x2a binaries/fprintf.o
                0x0000000000107582                fprintf
 .text          0x00000000001075ac       0x2c binaries/fputc.o
                0x00000000001075ac                fputc
 .text          0x00000000001075d8       0x43 binaries/fputs.o
                0x00000000001075d8                fputs
 .text          0x000000000010761b       0x8a binaries/fscanf.o
                0x000000000010761b                fscanf
 .text          0x00000000001076a5       0x2d binaries/getchar.o
                0x00000000001076a5                getchar
 .text          0x00000000001076d2       0x11 binaries/labs.o
                0x00000000001076d2                labs
 .text          0x00000000001076e3      0x243 binaries/list.o
                0x00000000001076e3                list_init
                0x00000000001076f1                list_head
                0x00000000001076fb                list_copy
                0x000000000010770a                list_tail
                0x0000000000107740                list_add
                0x000000000010778b                list_push
                0x00000000001077b6                list_chop
                0x0000000000107820                list_pop
                0x0000000000107848                list_remove
                0x00000000001078af                list_length
                0x00000000001078dc                list_insert
                0x000000000010790f                list_item_next
 .text          0x0000000000107926      0x1b4 binaries/memb.o
                0x0000000000107926                memb_init
                0x000000000010797d                memb_alloc
                0x00000000001079e0                memb_free
                0x0000000000107a55                memb_inmemb
                0x0000000000107a97                memb_numfree
 .text          0x0000000000107ada        0x0 binaries/memchr.o
 .text          0x0000000000107ada       0x51 binaries/memcmp.o
                0x0000000000107ada                memcmp
 .text          0x0000000000107b2b       0x3f binaries/memcpy.o
                0x0000000000107b2b                memcpy
 .text          0x0000000000107b6a       0x30 binaries/memset.o
                0x0000000000107b6a                memset
 .text          0x0000000000107b9a       0x43 binaries/printf.o
                0x0000000000107b9a                printf
 .text          0x0000000000107bdd       0x30 binaries/putchar.o
                0x0000000000107bdd                putchar
 .text          0x0000000000107c0d      0x27e binaries/qsort.o
                0x0000000000107c0d                qsort
 .text          0x0000000000107e8b       0x63 binaries/rand.o
                0x0000000000107e8b                rand
                0x0000000000107ea3                rand_r
                0x0000000000107ee1                srand
 .text          0x0000000000107eee       0x66 binaries/sprintf.o
                0x0000000000107eee                sprintf
 .text          0x0000000000107f54      0x113 binaries/sscanf.o
                0x0000000000107f54                strtok
                0x0000000000107ff7                sscanf
 .text          0x0000000000108067       0x3c binaries/strchr.o
                0x0000000000108067                strchr
 .text          0x00000000001080a3       0x45 binaries/strcmp.o
                0x00000000001080a3                strcmp
 .text          0x00000000001080e8       0x27 binaries/strcpy.o
                0x00000000001080e8                strcpy
 .text          0x000000000010810f       0x26 binaries/strlen.o
                0x000000000010810f                strlen
 .text          0x0000000000108135       0x56 binaries/strncat.o
                0x0000000000108135                strncat
 .text          0x000000000010818b       0x5f binaries/strncmp.o
                0x000000000010818b                strncmp
 .text          0x00000000001081ea       0x4f binaries/strncpy.o
                0x00000000001081ea                strncpy
 .text          0x0000000000108239       0x2e binaries/strnlen.o
                0x0000000000108239                strnlen
 .text          0x0000000000108267       0x45 binaries/strrchr.o
                0x0000000000108267                strrchr
 .text          0x00000000001082ac       0x6d binaries/strstr.o
                0x00000000001082ac                strstr
 .text          0x0000000000108319       0xe4 binaries/ttycontrol.o
                0x0000000000108319                ttycontrol
 .text          0x00000000001083fd       0x97 binaries/ttygetc.o
                0x00000000001083fd                ttygetc
 .text          0x0000000000108494      0x6e4 binaries/ttyhandle_in.o
                0x0000000000108494                ttyhandle_in
 .text          0x0000000000108b78      0x183 binaries/ttyhandle_out.o
                0x0000000000108b78                ttyhandle_out
 .text          0x0000000000108cfb       0xb5 binaries/ttyhandler.o
                0x0000000000108cfb                ttyhandler
 .text          0x0000000000108db0      0x20d binaries/ttyinit.o
                0x0000000000108db0                ttyinit
 .text          0x0000000000108fbd       0x10 binaries/ttykickout.o
                0x0000000000108fbd                ttykickout
 .text          0x0000000000108fcd       0xb7 binaries/ttyputc.o
                0x0000000000108fcd                ttyputc
 .text          0x0000000000109084      0x11b binaries/ttyread.o
                0x0000000000109084                ttyread
 .text          0x000000000010919f       0x4f binaries/ttywrite.o
                0x000000000010919f                ttywrite
 .text          0x00000000001091ee      0x14b binaries/mount.o
                0x00000000001091ee                mount
                0x0000000000109303                namlen
 .text          0x0000000000109339      0x1ea binaries/naminit.o
                0x0000000000109339                naminit
 .text          0x0000000000109523      0x211 binaries/nammap.o
                0x0000000000109523                nammap
                0x00000000001095ae                namrepl
                0x00000000001096e4                namcpy
 .text          0x0000000000109734       0x4e binaries/namopen.o
                0x0000000000109734                namopen
 .text          0x0000000000109782       0x92 binaries/ethcontrol.o
                0x0000000000109782                ethcontrol
 .text          0x0000000000109814      0x18b binaries/ethhandler.o
                0x0000000000109814                ethhandler
 .text          0x000000000010999f      0x730 binaries/ethinit.o
                0x000000000010999f                eth_phy_read
                0x0000000000109a09                eth_phy_write
                0x0000000000109a7d                eth_phy_reset
                0x0000000000109bc1                ethinit
 .text          0x000000000010a0cf      0x17c binaries/ethmcast.o
                0x000000000010a0cf                ethmcast_add
                0x000000000010a14b                ethmcast_remove
 .text          0x000000000010a24b      0x20f binaries/ethread.o
                0x000000000010a24b                ethread
 .text          0x000000000010a45a      0x136 binaries/ethwrite.o
                0x000000000010a45a                ethwrite
 .text          0x000000000010a590       0x9e binaries/rdsbufalloc.o
                0x000000000010a590                rdsbufalloc
 .text          0x000000000010a62e       0xcc binaries/rdsclose.o
                0x000000000010a62e                rdsclose
 .text          0x000000000010a6fa        0xa binaries/rdscomm.o
                0x000000000010a6fa                rdscomm
 .text          0x000000000010a704      0x233 binaries/rdscontrol.o
                0x000000000010a704                rdscontrol
 .text          0x000000000010a937      0x1f3 binaries/rdsinit.o
                0x000000000010a937                rdsinit
 .text          0x000000000010ab2a      0x19b binaries/rdsopen.o
                0x000000000010ab2a                rdsopen
 .text          0x000000000010acc5      0x461 binaries/rdsprocess.o
                0x000000000010acc5                rdsprocess
 .text          0x000000000010b126      0x259 binaries/rdsread.o
                0x000000000010b126                rdsread
 .text          0x000000000010b37f      0x1fe binaries/rdswrite.o
                0x000000000010b37f                rdswrite
 .text          0x000000000010b57d        0xa binaries/ramclose.o
                0x000000000010b57d                ramclose
 .text          0x000000000010b587       0x3e binaries/raminit.o
                0x000000000010b587                raminit
 .text          0x000000000010b5c5        0xa binaries/ramopen.o
                0x000000000010b5c5                ramopen
 .text          0x000000000010b5cf       0x32 binaries/ramread.o
                0x000000000010b5cf                ramread
 .text          0x000000000010b601       0x32 binaries/ramwrite.o
                0x000000000010b601                ramwrite
 .text          0x000000000010b633       0x98 binaries/lfdballoc.o
                0x000000000010b633                lfdballoc
 .text          0x000000000010b6cb       0x58 binaries/lfdbfree.o
                0x000000000010b6cb                lfdbfree
 .text          0x000000000010b723       0xb6 binaries/lfflush.o
                0x000000000010b723                lfflush
 .text          0x000000000010b7d9       0xd8 binaries/lfgetmode.o
                0x000000000010b7d9                lfgetmode
 .text          0x000000000010b8b1       0x68 binaries/lfiballoc.o
                0x000000000010b8b1                lfiballoc
 .text          0x000000000010b919       0x3b binaries/lfibclear.o
                0x000000000010b919                lfibclear
 .text          0x000000000010b954       0xad binaries/lfibget.o
                0x000000000010b954                lfibget
 .text          0x000000000010ba01       0xdc binaries/lfibput.o
                0x000000000010ba01                lfibput
 .text          0x000000000010badd       0xa2 binaries/lflclose.o
                0x000000000010badd                lflclose
 .text          0x000000000010bb7f       0xd0 binaries/lflcontrol.o
                0x000000000010bb7f                lflcontrol
 .text          0x000000000010bc4f       0xf2 binaries/lflgetc.o
                0x000000000010bc4f                lflgetc
 .text          0x000000000010bd41       0xf1 binaries/lflinit.o
                0x000000000010bd41                lflinit
 .text          0x000000000010be32      0x122 binaries/lflputc.o
                0x000000000010be32                lflputc
 .text          0x000000000010bf54       0x70 binaries/lflread.o
                0x000000000010bf54                lflread
 .text          0x000000000010bfc4       0xac binaries/lflseek.o
                0x000000000010bfc4                lflseek
 .text          0x000000000010c070       0x55 binaries/lflwrite.o
                0x000000000010c070                lflwrite
 .text          0x000000000010c0c5       0x62 binaries/lfscheck.o
                0x000000000010c0c5                lfscheck
 .text          0x000000000010c127      0x175 binaries/lfsckfmt.o
                0x000000000010c127                lfsckfmt
 .text          0x000000000010c29c      0x1ad binaries/lfscreate.o
                0x000000000010c29c                lfscreate
 .text          0x000000000010c449      0x278 binaries/lfsetup.o
                0x000000000010c449                lfsetup
 .text          0x000000000010c6c1       0x51 binaries/lfsinit.o
                0x000000000010c6c1                lfsinit
 .text          0x000000000010c712      0x3c0 binaries/lfsopen.o
                0x000000000010c712                lfsopen
 .text          0x000000000010cad2      0x15e binaries/lftruncate.o
                0x000000000010cad2                lftruncate
 .text          0x000000000010cc30       0x71 binaries/rflclose.o
                0x000000000010cc30                rflclose
 .text          0x000000000010cca1       0x32 binaries/rflgetc.o
                0x000000000010cca1                rflgetc
 .text          0x000000000010ccd3       0x76 binaries/rflinit.o
                0x000000000010ccd3                rflinit
 .text          0x000000000010cd49       0x33 binaries/rflputc.o
                0x000000000010cd49                rflputc
 .text          0x000000000010cd7c      0x360 binaries/rflread.o
                0x000000000010cd7c                rflread
 .text          0x000000000010d0dc       0x74 binaries/rflseek.o
                0x000000000010d0dc                rflseek
 .text          0x000000000010d150      0x34d binaries/rflwrite.o
                0x000000000010d150                rflwrite
 .text          0x000000000010d49d        0xa binaries/rfscomm.o
                0x000000000010d49d                rfscomm
 .text          0x000000000010d4a7      0x26d binaries/rfscontrol.o
                0x000000000010d4a7                rfscontrol
 .text          0x000000000010d714       0xd8 binaries/rfsgetmode.o
                0x000000000010d714                rfsgetmode
 .text          0x000000000010d7ec       0x86 binaries/rfsinit.o
                0x000000000010d7ec                rfsinit
 .text          0x000000000010d872      0x111 binaries/rfsndmsg.o
                0x000000000010d872                rfsndmsg
 .text          0x000000000010d983      0x2aa binaries/rfsopen.o
                0x000000000010d983                rfsopen
 .text          0x000000000010dc2d        0xa binaries/dns.o
                0x000000000010dc2d                dnslookup
 .text          0x000000000010dc37       0xe8 binaries/dot2ip.o
                0x000000000010dc37                dot2ip
 .text          0x000000000010dd1f      0x4c4 binaries/hexdump.o
                0x000000000010dd1f                hexdump
                0x000000000010dec6                hexadump
 .text          0x000000000010e1e3     0x467f binaries/icmpv6.o
                0x000000000010e378                uip_icmp6chksum
                0x000000000010e38d                icmp6_input
                0x000000000010e5a2                echo_request_input
                0x000000000010eee7                uip_icmp6_error_output
                0x000000000010f64b                ns_input
                0x0000000000110597                uip_nd6_ns_output
                0x0000000000110e39                uip_nd6_rs_output
                0x0000000000111422                ra_input
                0x00000000001127b9                uip_icmp6_input
 .text          0x0000000000112862      0x2b1 binaries/ipv6.o
                0x0000000000112862                ipv6_in
                0x0000000000112a3d                ip_ntoh
                0x0000000000112aa8                ip_hton
 .text          0x0000000000112b13      0xbf7 binaries/net.o
                0x0000000000112b13                net_init
                0x00000000001130e6                netin
                0x0000000000113289                test_send_packet
                0x000000000011332f                periodic_process
                0x0000000000113360                rawin
                0x0000000000113622                eth_hton
                0x000000000011364c                eth_ntoh
                0x0000000000113676                getport
 .text          0x000000000011370a      0x716 binaries/pdump.o
                0x000000000011370a                pdump
                0x0000000000113874                pdumph
                0x0000000000113968                ip_debug_print
 .text          0x0000000000113e20       0x6f binaries/udp.o
                0x0000000000113e20                udp_init
                0x0000000000113e26                udp_in
                0x0000000000113e2c                udp_register
                0x0000000000113e47                udp_recv
                0x0000000000113e51                udp_recvaddr
                0x0000000000113e5b                udp_send
                0x0000000000113e65                udp_sendto
                0x0000000000113e79                udp_release
                0x0000000000113e83                udp_ntoh
                0x0000000000113e89                udp_hton
 .text          0x0000000000113e8f     0x101b binaries/uip_ds.o
                0x0000000000113e8f                uip_ds6_send_rs
                0x0000000000113f1c                create_ethernet__packet
                0x0000000000113f85                uip_ds6_init
                0x00000000001140ea                uip_ds6_periodic
                0x00000000001140ef                uip_ds6_list_loop
                0x0000000000114195                uip_ds6_prefix_add
                0x00000000001143eb                uip_ds6_prefix_rm
                0x00000000001143fd                uip_ds6_prefix_lookup
                0x0000000000114440                uip_ds6_is_addr_onlink
                0x00000000001144ab                uip_ds6_addr_add
                0x0000000000114762                uip_ds6_addr_rm
                0x0000000000114809                uip_ds6_addr_lookup
                0x0000000000114842                uip_ds6_get_link_local
                0x00000000001148be                uip_ds6_get_global
                0x000000000011493a                uip_ds6_maddr_add
                0x000000000011499a                uip_ds6_maddr_rm
                0x00000000001149ac                uip_ds6_maddr_lookup
                0x00000000001149e5                uip_ds6_aaddr_add
                0x00000000001149ef                uip_ds6_aaddr_rm
                0x0000000000114a01                uip_ds6_aaddr_lookup
                0x0000000000114a0b                uip_ds6_select_src
                0x0000000000114b48                uip_ds6_set_addr_iid
                0x0000000000114ba1                get_match_length
                0x0000000000114c34                uip_ds6_dad
                0x0000000000114e14                uip_ds6_dad_failed
                0x0000000000114e5a                uip_ds6_compute_reachable_time
 .text          0x0000000000114eaa      0x753 binaries/uip_nbr.o
                0x0000000000114eaa                linkaddr_copy
                0x0000000000114ec5                linkaddr_cmp
                0x0000000000114eea                linkaddr_set_node_addr
                0x0000000000114f05                uip_ds6_neighbors_init
                0x0000000000114f23                uip_ds6_nbr_add
                0x000000000011534b                uip_ds6_nbr_rm
                0x0000000000115374                uip_ds6_nbr_get_ipaddr
                0x0000000000115389                uip_ds6_nbr_get_ll
                0x00000000001153a5                uip_ds6_nbr_num
                0x00000000001153ed                uip_ds6_nbr_lookup
                0x0000000000115450                uip_ds6_nbr_ll_lookup
                0x000000000011546c                uip_ds6_nbr_ipaddr_from_lladdr
                0x0000000000115495                uip_ds6_nbr_lladdr_from_ipaddr
                0x00000000001154c9                uip_ds6_link_neighbor_callback
                0x00000000001154e1                uip_ds6_neighbor_periodic
                0x0000000000115585                uip_ds6_nbr_refresh_reachable_state
                0x00000000001155b2                uip_ds6_get_least_lifetime_neighbor
 .text          0x00000000001155fd      0x88d binaries/uip_nbr_table.o
                0x00000000001159f0                nbr_table_register
                0x0000000000115a38                nbr_table_head
                0x0000000000115a93                nbr_table_next
                0x0000000000115af4                nbr_table_add_lladdr
                0x0000000000115bc6                nbr_table_get_from_lladdr
                0x0000000000115c12                nbr_table_remove
                0x0000000000115c4a                nbr_table_lock
                0x0000000000115c8b                nbr_table_unlock
                0x0000000000115ccc                nbr_table_get_lladdr
                0x0000000000115cf8                nbr_table_update_lladdr
 .text          0x0000000000115e8a      0xa2b binaries/uip_route.o
                0x0000000000115e8a                uip_ds6_route_init
                0x0000000000115eb3                uip_ds6_route_nexthop
                0x0000000000115ebd                uip_ds6_route_head
                0x0000000000115ec7                uip_ds6_route_next
                0x0000000000115ed1                uip_ds6_route_is_nexthop
                0x0000000000115edb                uip_ds6_route_num_routes
                0x0000000000115ee5                uip_ds6_route_lookup
                0x0000000000115eef                uip_ds6_route_add
                0x0000000000115f02                uip_ds6_route_rm
                0x0000000000115f08                uip_ds6_route_rm_by_nexthop
                0x0000000000115f0d                uip_ds6_defrt_add
                0x0000000000116276                uip_ds6_defrt_rm
                0x00000000001162ec                uip_ds6_defrt_lookup
                0x0000000000116346                uip_ds6_defrt_choose
                0x0000000000116880                uip_ds6_defrt_periodic
 .text          0x00000000001168b5      0x137 binaries/addargs.o
                0x00000000001168b5                addargs
 .text          0x00000000001169ec      0x2c9 binaries/lexan.o
                0x00000000001169ec                lexan
 .text          0x0000000000116cb5      0x65b binaries/shell.o
                0x0000000000116cb5                shell
 .text          0x0000000000117310       0x69 binaries/xsh_argecho.o
                0x0000000000117310                xsh_argecho
 .text          0x0000000000117379        0xa binaries/xsh_arp.o
                0x0000000000117379                xsh_arp
 .text          0x0000000000117383      0x257 binaries/xsh_cat.o
                0x0000000000117383                xsh_cat
 .text          0x00000000001175da       0x5a binaries/xsh_clear.o
                0x00000000001175da                xsh_clear
 .text          0x0000000000117634      0x2e3 binaries/xsh_date.o
                0x0000000000117634                xsh_date
 .text          0x0000000000117917       0xaa binaries/xsh_devdump.o
                0x0000000000117917                xsh_devdump
 .text          0x00000000001179c1       0x72 binaries/xsh_echo.o
                0x00000000001179c1                xsh_echo
 .text          0x0000000000117a33        0xa binaries/xsh_exit.o
                0x0000000000117a33                xsh_exit
 .text          0x0000000000117a3d      0x381 binaries/xsh_help.o
                0x0000000000117a3d                xsh_help
 .text          0x0000000000117dbe      0x235 binaries/xsh_kill.o
                0x0000000000117dbe                xsh_kill
 .text          0x0000000000117ff3       0x11 binaries/xsh_libtest.o
                0x0000000000117ff3                xsh_libtest
                0x0000000000117ffd                example_list_test
 .text          0x0000000000118004      0x52d binaries/xsh_memdump.o
                0x0000000000118004                xsh_memdump
 .text          0x0000000000118531      0x29a binaries/xsh_memstat.o
                0x0000000000118531                xsh_memstat
 .text          0x00000000001187cb      0x16e binaries/xsh_netinfo.o
                0x00000000001187cb                xsh_netinfo
 .text          0x0000000000118939      0x1dc binaries/xsh_pdump.o
                0x0000000000118939                xsh_pdump
 .text          0x0000000000118b15        0xa binaries/xsh_ping.o
                0x0000000000118b15                xsh_ping
 .text          0x0000000000118b1f      0xaea binaries/xsh_ping6.o
                0x0000000000118b1f                xsh_ping6
 .text          0x0000000000119609      0x217 binaries/xsh_ps.o
                0x0000000000119609                xsh_ps
 .text          0x0000000000119820      0x211 binaries/xsh_sleep.o
                0x0000000000119820                xsh_sleep
 .text          0x0000000000119a31      0x3af binaries/xsh_sp.o
                0x0000000000119a31                xsh_sp
 .text          0x0000000000119de0        0xa binaries/xsh_udpdump.o
                0x0000000000119de0                xsh_udpdump
 .text          0x0000000000119dea        0xa binaries/xsh_udpecho.o
                0x0000000000119dea                xsh_udpecho
 .text          0x0000000000119df4        0xa binaries/xsh_udpserver.o
                0x0000000000119df4                xsh_udpeserver
 .text          0x0000000000119dfe      0x1eb binaries/xsh_uptime.o
                0x0000000000119dfe                xsh_uptime
 .text          0x0000000000119fe9        0xe binaries/clkdisp.o
                0x0000000000119fe9                clkdisp
 .text          0x0000000000119ff7       0x19 binaries/ctxsw.o
                0x0000000000119ff7                ctxsw
 .text          0x000000000011a010      0x328 binaries/intr.o
                0x000000000011a010                disable
                0x000000000011a019                restore
                0x000000000011a027                enable
                0x000000000011a029                pause
                0x000000000011a030                halt
                0x000000000011a036                spurious_irq7
                0x000000000011a03b                spurious_irq15
                0x000000000011a04a                _Xint0
                0x000000000011a052                _Xint1
                0x000000000011a05a                _Xint2
                0x000000000011a062                _Xint3
                0x000000000011a06a                _Xint4
                0x000000000011a072                _Xint5
                0x000000000011a07d                _Xint6
                0x000000000011a085                _Xint7
                0x000000000011a08d                _Xint8
                0x000000000011a095                _Xint9
                0x000000000011a09d                _Xint10
                0x000000000011a0a5                _Xint11
                0x000000000011a0ad                _Xint12
                0x000000000011a0b5                _Xint13
                0x000000000011a0bd                _Xint14
                0x000000000011a0c8                _Xint15
                0x000000000011a0d3                _Xint16
                0x000000000011a0de                _Xint17
                0x000000000011a0e9                _Xint18
                0x000000000011a0f4                _Xint19
                0x000000000011a0ff                _Xint20
                0x000000000011a10a                _Xint21
                0x000000000011a115                _Xint22
                0x000000000011a120                _Xint23
                0x000000000011a12b                _Xint24
                0x000000000011a136                _Xint25
                0x000000000011a141                _Xint26
                0x000000000011a14c                _Xint27
                0x000000000011a157                _Xint28
                0x000000000011a162                _Xint29
                0x000000000011a16d                _Xint30
                0x000000000011a178                _Xint31
                0x000000000011a183                _extint
                0x000000000011a197                _Xint32
                0x000000000011a1a6                _Xint33
                0x000000000011a1b5                _Xint34
                0x000000000011a1c4                _Xint35
                0x000000000011a1d3                _Xint36
                0x000000000011a1e2                _Xint37
                0x000000000011a1f1                _Xint38
                0x000000000011a200                _Xint39
                0x000000000011a20f                _Xint40
                0x000000000011a21e                _Xint41
                0x000000000011a22d                _Xint42
                0x000000000011a23c                _Xint43
                0x000000000011a24b                _Xint44
                0x000000000011a25a                _Xint45
                0x000000000011a269                _Xint46
                0x000000000011a278                defevec
 .text          0x000000000011a338        0xf binaries/ttydispatch.o
                0x000000000011a338                ttydispatch
 .text          0x000000000011a347       0x13 binaries/ethdispatch.o
                0x000000000011a347                ethdispatch
 *(.rodata .rodata.*)
 *fill*         0x000000000011a35a        0x2 
 .rodata        0x000000000011a35c       0x26 binaries/alarm.o
 .rodata        0x000000000011a382       0x1b binaries/alarmqueue.o
 *fill*         0x000000000011a39d        0x3 
 .rodata        0x000000000011a3a0       0x8e binaries/ascdate.o
 *fill*         0x000000000011a42e        0x2 
 .rodata        0x000000000011a430        0x4 binaries/clkhandler.o
                0x000000000011a430                MAX_UINT32
 .rodata        0x000000000011a434       0xae binaries/conf.o
 .rodata        0x000000000011a4e2        0x7 binaries/create.o
 *fill*         0x000000000011a4e9        0x3 
 .rodata        0x000000000011a4ec       0x83 binaries/early_imr.o
 *fill*         0x000000000011a56f        0x1 
 .rodata        0x000000000011a570      0x231 binaries/evec.o
 *fill*         0x000000000011a7a1        0x3 
 .rodata        0x000000000011a7a4       0xfd binaries/initialize.o
 *fill*         0x000000000011a8a1        0x3 
 .rodata        0x000000000011a8a4       0x20 binaries/kill.o
 .rodata        0x000000000011a8c4      0x174 binaries/lab4q3.o
 .rodata        0x000000000011aa38       0x2a binaries/main.o
 *fill*         0x000000000011aa62        0x2 
 .rodata        0x000000000011aa64       0x3e binaries/meminit.o
 .rodata        0x000000000011aaa2       0x2f binaries/myqueue.o
 .rodata        0x000000000011aad1        0xf binaries/panic.o
 .rodata        0x000000000011aae0       0x20 binaries/pci.o
 .rodata        0x000000000011ab00       0x1d binaries/ptinit.o
 *fill*         0x000000000011ab1d        0x3 
 .rodata        0x000000000011ab20       0x25 binaries/ptsend.o
 .rodata        0x000000000011ab45       0x22 binaries/quark_pdat.o
 *fill*         0x000000000011ab67        0x1 
 .rodata        0x000000000011ab68       0xa7 binaries/registercbsig.o
 *fill*         0x000000000011ac0f        0x1 
 .rodata        0x000000000011ac10       0xb7 binaries/stacktrace.o
 *fill*         0x000000000011acc7        0x1 
 .rodata        0x000000000011acc8       0x27 binaries/xdone.o
 *fill*         0x000000000011acef       0x11 
 .rodata        0x000000000011ad00       0x81 binaries/ctype_.o
                0x000000000011ad00                _ctype_
 *fill*         0x000000000011ad81        0x3 
 .rodata        0x000000000011ad84       0xee binaries/doprnt.o
 *fill*         0x000000000011ae72        0x2 
 .rodata        0x000000000011ae74       0x98 binaries/doscan.o
 .rodata        0x000000000011af0c       0xae binaries/fdoprnt.o
 *fill*         0x000000000011afba        0x2 
 .rodata        0x000000000011afbc       0x20 binaries/ttycontrol.o
 .rodata        0x000000000011afdc       0x34 binaries/ttyhandler.o
 .rodata        0x000000000011b010       0x80 binaries/naminit.o
 .rodata        0x000000000011b090       0x52 binaries/ethinit.o
 *fill*         0x000000000011b0e2        0x2 
 .rodata        0x000000000011b0e4       0x2c binaries/rdsbufalloc.o
 .rodata        0x000000000011b110       0x48 binaries/rdscontrol.o
 .rodata        0x000000000011b158       0x96 binaries/rdsinit.o
 *fill*         0x000000000011b1ee        0x2 
 .rodata        0x000000000011b1f0       0x22 binaries/rdsopen.o
 *fill*         0x000000000011b212        0x2 
 .rodata        0x000000000011b214       0x4d binaries/rdsprocess.o
 .rodata        0x000000000011b261        0x9 binaries/raminit.o
 *fill*         0x000000000011b26a        0x2 
 .rodata        0x000000000011b26c       0x37 binaries/lfdballoc.o
 .rodata        0x000000000011b2a3       0x14 binaries/lfiballoc.o
 *fill*         0x000000000011b2b7        0x1 
 .rodata        0x000000000011b2b8       0x23 binaries/lflcontrol.o
 *fill*         0x000000000011b2db        0x1 
 .rodata        0x000000000011b2dc      0x11b binaries/lfsckfmt.o
 *fill*         0x000000000011b3f7        0x1 
 .rodata        0x000000000011b3f8       0x2a binaries/lfsopen.o
 *fill*         0x000000000011b422        0x2 
 .rodata        0x000000000011b424       0x21 binaries/rflread.o
 *fill*         0x000000000011b445        0x3 
 .rodata        0x000000000011b448       0x21 binaries/rflwrite.o
 *fill*         0x000000000011b469        0x3 
 .rodata        0x000000000011b46c       0x3c binaries/rfscontrol.o
 .rodata        0x000000000011b4a8       0x63 binaries/rfsinit.o
 *fill*         0x000000000011b50b        0x1 
 .rodata        0x000000000011b50c       0x2a binaries/rfsndmsg.o
 *fill*         0x000000000011b536        0x2 
 .rodata        0x000000000011b538       0x22 binaries/rfsopen.o
 *fill*         0x000000000011b55a        0x2 
 .rodata        0x000000000011b55c       0xc9 binaries/hexdump.o
 *fill*         0x000000000011b625        0x3 
 .rodata        0x000000000011b628      0x368 binaries/icmpv6.o
 .rodata        0x000000000011b990       0xbe binaries/ipv6.o
 *fill*         0x000000000011ba4e        0x2 
 .rodata        0x000000000011ba50      0x1b5 binaries/net.o
 *fill*         0x000000000011bc05        0x3 
 .rodata        0x000000000011bc08      0x1d4 binaries/pdump.o
 .rodata        0x000000000011bddc      0x18d binaries/uip_ds.o
 *fill*         0x000000000011bf69        0x3 
 .rodata        0x000000000011bf6c       0xf8 binaries/uip_nbr.o
                0x000000000011bf6c                linkaddr_null
 .rodata        0x000000000011c064       0x3e binaries/uip_nbr_table.o
 *fill*         0x000000000011c0a2        0x2 
 .rodata        0x000000000011c0a4      0x13c binaries/uip_route.o
 .rodata        0x000000000011c1e0      0x411 binaries/shell.o
                0x000000000011c280                cmdtab
 .rodata        0x000000000011c5f1       0x28 binaries/xsh_argecho.o
 *fill*         0x000000000011c619        0x3 
 .rodata        0x000000000011c61c       0xc9 binaries/xsh_cat.o
 .rodata        0x000000000011c6e5       0x19 binaries/xsh_clear.o
 *fill*         0x000000000011c6fe        0x2 
 .rodata        0x000000000011c700      0x1c3 binaries/xsh_date.o
 .rodata        0x000000000011c8c3       0x5d binaries/xsh_devdump.o
 .rodata        0x000000000011c920        0x9 binaries/xsh_echo.o
 *fill*         0x000000000011c929        0x3 
 .rodata        0x000000000011c92c      0x169 binaries/xsh_help.o
 *fill*         0x000000000011ca95        0x3 
 .rodata        0x000000000011ca98      0x12e binaries/xsh_kill.o
 *fill*         0x000000000011cbc6        0x2 
 .rodata        0x000000000011cbc8      0x266 binaries/xsh_memdump.o
 *fill*         0x000000000011ce2e        0x2 
 .rodata        0x000000000011ce30      0x225 binaries/xsh_memstat.o
 *fill*         0x000000000011d055        0x3 
 .rodata        0x000000000011d058       0x80 binaries/xsh_netinfo.o
 .rodata        0x000000000011d0d8       0xd1 binaries/xsh_pdump.o
 *fill*         0x000000000011d1a9        0x3 
 .rodata        0x000000000011d1ac      0x1a9 binaries/xsh_ping6.o
 *fill*         0x000000000011d355        0xb 
 .rodata        0x000000000011d360      0x1e0 binaries/xsh_ps.o
 .rodata        0x000000000011d540       0xeb binaries/xsh_sleep.o
 *fill*         0x000000000011d62b        0x1 
 .rodata        0x000000000011d62c      0x252 binaries/xsh_sp.o
 *fill*         0x000000000011d87e        0x2 
 .rodata        0x000000000011d880      0x105 binaries/xsh_uptime.o
                0x000000000011d985                etext = ABSOLUTE (.)
                0x000000000011e000                . = ALIGN (0x1000)
 *fill*         0x000000000011d985      0x67b 

.eh_frame       0x000000000011e000     0x3bc8
 .eh_frame      0x000000000011e000       0x58 binaries/alarm.o
 .eh_frame      0x000000000011e058      0x120 binaries/alarmqueue.o
                                        0x138 (size before relaxing)
 .eh_frame      0x000000000011e178       0x20 binaries/alarmwakeup.o
                                         0x38 (size before relaxing)
 .eh_frame      0x000000000011e198       0x20 binaries/ascdate.o
                                         0x38 (size before relaxing)
 .eh_frame      0x000000000011e1b8       0x20 binaries/bufinit.o
                                         0x38 (size before relaxing)
 .eh_frame      0x000000000011e1d8       0x20 binaries/chprio.o
                                         0x38 (size before relaxing)
 .eh_frame      0x000000000011e1f8       0x20 binaries/clkhandler.o
                                         0x38 (size before relaxing)
 .eh_frame      0x000000000011e218       0x20 binaries/clkinit.o
                                         0x38 (size before relaxing)
 .eh_frame      0x000000000011e238       0x20 binaries/close.o
                                         0x38 (size before relaxing)
 .eh_frame      0x000000000011e258       0x20 binaries/control.o
                                         0x38 (size before relaxing)
 .eh_frame      0x000000000011e278       0x40 binaries/create.o
                                         0x58 (size before relaxing)
 .eh_frame      0x000000000011e2b8      0x104 binaries/early_imr.o
                                        0x11c (size before relaxing)
 .eh_frame      0x000000000011e3bc       0xe0 binaries/evec.o
                                         0xf8 (size before relaxing)
 .eh_frame      0x000000000011e49c       0x20 binaries/exit.o
                                         0x38 (size before relaxing)
 .eh_frame      0x000000000011e4bc       0x20 binaries/freebuf.o
                                         0x38 (size before relaxing)
 .eh_frame      0x000000000011e4dc       0x20 binaries/freemem.o
                                         0x38 (size before relaxing)
 .eh_frame      0x000000000011e4fc       0x20 binaries/getbuf.o
                                         0x38 (size before relaxing)
 .eh_frame      0x000000000011e51c       0x20 binaries/getc.o
                                         0x38 (size before relaxing)
 .eh_frame      0x000000000011e53c       0x20 binaries/getdev.o
                                         0x38 (size before relaxing)
 .eh_frame      0x000000000011e55c       0xc0 binaries/getitem.o
                                         0xd8 (size before relaxing)
 .eh_frame      0x000000000011e61c       0x20 binaries/getmem.o
                                         0x38 (size before relaxing)
 .eh_frame      0x000000000011e63c       0x20 binaries/getpid.o
                                         0x38 (size before relaxing)
 .eh_frame      0x000000000011e65c       0x20 binaries/getprio.o
                                         0x38 (size before relaxing)
 .eh_frame      0x000000000011e67c       0x20 binaries/getstk.o
                                         0x38 (size before relaxing)
 .eh_frame      0x000000000011e69c       0x20 binaries/getticks.o
                                         0x38 (size before relaxing)
 .eh_frame      0x000000000011e6bc       0x20 binaries/gettime.o
                                         0x38 (size before relaxing)
 .eh_frame      0x000000000011e6dc       0x20 binaries/getutime.o
                                         0x38 (size before relaxing)
 .eh_frame      0x000000000011e6fc       0x20 binaries/init.o
                                         0x38 (size before relaxing)
 .eh_frame      0x000000000011e71c       0x9c binaries/initialize.o
                                         0xb4 (size before relaxing)
 .eh_frame      0x000000000011e7b8       0x20 binaries/insert.o
                                         0x38 (size before relaxing)
 .eh_frame      0x000000000011e7d8       0x20 binaries/insertd.o
                                         0x38 (size before relaxing)
 .eh_frame      0x000000000011e7f8       0x20 binaries/ioerr.o
                                         0x38 (size before relaxing)
 .eh_frame      0x000000000011e818       0x20 binaries/ionull.o
                                         0x38 (size before relaxing)
 .eh_frame      0x000000000011e838       0x20 binaries/kill.o
                                         0x38 (size before relaxing)
 .eh_frame      0x000000000011e858       0x60 binaries/kprintf.o
                                         0x78 (size before relaxing)
 .eh_frame      0x000000000011e8b8      0x130 binaries/lab4q3.o
                                        0x148 (size before relaxing)
 .eh_frame      0x000000000011e9e8       0x24 binaries/main.o
                                         0x3c (size before relaxing)
 .eh_frame      0x000000000011ea0c       0x40 binaries/mark.o
                                         0x58 (size before relaxing)
 .eh_frame      0x000000000011ea4c       0x44 binaries/meminit.o
                                         0x5c (size before relaxing)
 .eh_frame      0x000000000011ea90       0x20 binaries/mkbufpool.o
                                         0x38 (size before relaxing)
 .eh_frame      0x000000000011eab0       0x20 binaries/mynewqueue.o
                                         0x38 (size before relaxing)
 .eh_frame      0x000000000011ead0       0x60 binaries/myqueue.o
                                         0x78 (size before relaxing)
 .eh_frame      0x000000000011eb30       0x20 binaries/newqueue.o
                                         0x38 (size before relaxing)
 .eh_frame      0x000000000011eb50       0x20 binaries/open.o
                                         0x38 (size before relaxing)
 .eh_frame      0x000000000011eb70       0x1c binaries/panic.o
                                         0x34 (size before relaxing)
 .eh_frame      0x000000000011eb8c      0x1e0 binaries/pci.o
                                        0x1f8 (size before relaxing)
 .eh_frame      0x000000000011ed6c       0x60 binaries/platinit.o
                                         0x78 (size before relaxing)
 .eh_frame      0x000000000011edcc       0x20 binaries/ptclear.o
                                         0x38 (size before relaxing)
 .eh_frame      0x000000000011edec       0x20 binaries/ptcount.o
                                         0x38 (size before relaxing)
 .eh_frame      0x000000000011ee0c       0x20 binaries/ptcreate.o
                                         0x38 (size before relaxing)
 .eh_frame      0x000000000011ee2c       0x20 binaries/ptdelete.o
                                         0x38 (size before relaxing)
 .eh_frame      0x000000000011ee4c       0x20 binaries/ptinit.o
                                         0x38 (size before relaxing)
 .eh_frame      0x000000000011ee6c       0x20 binaries/ptrecv.o
                                         0x38 (size before relaxing)
 .eh_frame      0x000000000011ee8c       0x20 binaries/ptreset.o
                                         0x38 (size before relaxing)
 .eh_frame      0x000000000011eeac       0x20 binaries/ptsend.o
                                         0x38 (size before relaxing)
 .eh_frame      0x000000000011eecc       0x20 binaries/putc.o
                                         0x38 (size before relaxing)
 .eh_frame      0x000000000011eeec       0x20 binaries/quark_irq.o
                                         0x38 (size before relaxing)
 .eh_frame      0x000000000011ef0c       0x40 binaries/quark_pdat.o
                                         0x58 (size before relaxing)
 .eh_frame      0x000000000011ef4c       0x40 binaries/queue.o
                                         0x58 (size before relaxing)
 .eh_frame      0x000000000011ef8c       0x20 binaries/read.o
                                         0x38 (size before relaxing)
 .eh_frame      0x000000000011efac       0x24 binaries/ready.o
                                         0x3c (size before relaxing)
 .eh_frame      0x000000000011efd0       0x20 binaries/receive.o
                                         0x38 (size before relaxing)
 .eh_frame      0x000000000011eff0       0x20 binaries/recvclr.o
                                         0x38 (size before relaxing)
 .eh_frame      0x000000000011f010       0x20 binaries/recvtime.o
                                         0x38 (size before relaxing)
 .eh_frame      0x000000000011f030       0x20 binaries/registercbsig.o
                                         0x38 (size before relaxing)
 .eh_frame      0x000000000011f050       0x60 binaries/resched.o
                                         0x78 (size before relaxing)
 .eh_frame      0x000000000011f0b0       0x20 binaries/resume.o
                                         0x38 (size before relaxing)
 .eh_frame      0x000000000011f0d0       0x20 binaries/seek.o
                                         0x38 (size before relaxing)
 .eh_frame      0x000000000011f0f0       0x20 binaries/semcount.o
                                         0x38 (size before relaxing)
 .eh_frame      0x000000000011f110       0x40 binaries/semcreate.o
                                         0x58 (size before relaxing)
 .eh_frame      0x000000000011f150       0x20 binaries/semdelete.o
                                         0x38 (size before relaxing)
 .eh_frame      0x000000000011f170       0x20 binaries/semreset.o
                                         0x38 (size before relaxing)
 .eh_frame      0x000000000011f190       0x20 binaries/send.o
                                         0x38 (size before relaxing)
 .eh_frame      0x000000000011f1b0       0x20 binaries/signal.o
                                         0x38 (size before relaxing)
 .eh_frame      0x000000000011f1d0       0x20 binaries/signaln.o
                                         0x38 (size before relaxing)
 .eh_frame      0x000000000011f1f0       0x40 binaries/sleep.o
                                         0x58 (size before relaxing)
 .eh_frame      0x000000000011f230       0x20 binaries/stacktrace.o
                                         0x38 (size before relaxing)
 .eh_frame      0x000000000011f250       0x20 binaries/suspend.o
                                         0x38 (size before relaxing)
 .eh_frame      0x000000000011f270       0x20 binaries/unsleep.o
                                         0x38 (size before relaxing)
 .eh_frame      0x000000000011f290       0x20 binaries/userret.o
                                         0x38 (size before relaxing)
 .eh_frame      0x000000000011f2b0       0x20 binaries/wait.o
                                         0x38 (size before relaxing)
 .eh_frame      0x000000000011f2d0       0x20 binaries/wakeup.o
                                         0x38 (size before relaxing)
 .eh_frame      0x000000000011f2f0       0x20 binaries/write.o
                                         0x38 (size before relaxing)
 .eh_frame      0x000000000011f310       0x20 binaries/xdone.o
                                         0x38 (size before relaxing)
 .eh_frame      0x000000000011f330       0x20 binaries/yield.o
                                         0x38 (size before relaxing)
 .eh_frame      0x000000000011f350       0x20 binaries/abs.o
                                         0x38 (size before relaxing)
 .eh_frame      0x000000000011f370       0x20 binaries/atoi.o
                                         0x38 (size before relaxing)
 .eh_frame      0x000000000011f390       0x20 binaries/atol.o
                                         0x38 (size before relaxing)
 .eh_frame      0x000000000011f3b0       0x20 binaries/bzero.o
                                         0x38 (size before relaxing)
 .eh_frame      0x000000000011f3d0       0xe0 binaries/doprnt.o
                                         0xf8 (size before relaxing)
 .eh_frame      0x000000000011f4b0       0xb0 binaries/doscan.o
                                         0xc8 (size before relaxing)
 .eh_frame      0x000000000011f560       0xc0 binaries/fdoprnt.o
                                         0xd8 (size before relaxing)
 .eh_frame      0x000000000011f620       0x20 binaries/fgetc.o
                                         0x38 (size before relaxing)
 .eh_frame      0x000000000011f640       0x20 binaries/fgets.o
                                         0x38 (size before relaxing)
 .eh_frame      0x000000000011f660       0x20 binaries/fprintf.o
                                         0x38 (size before relaxing)
 .eh_frame      0x000000000011f680       0x20 binaries/fputc.o
                                         0x38 (size before relaxing)
 .eh_frame      0x000000000011f6a0       0x20 binaries/fputs.o
                                         0x38 (size before relaxing)
 .eh_frame      0x000000000011f6c0       0x60 binaries/fscanf.o
                                         0x78 (size before relaxing)
 .eh_frame      0x000000000011f720       0x20 binaries/getchar.o
                                         0x38 (size before relaxing)
 .eh_frame      0x000000000011f740       0x20 binaries/labs.o
                                         0x38 (size before relaxing)
 .eh_frame      0x000000000011f760      0x180 binaries/list.o
                                        0x198 (size before relaxing)
 .eh_frame      0x000000000011f8e0       0xa0 binaries/memb.o
                                         0xb8 (size before relaxing)
 .eh_frame      0x000000000011f980       0x20 binaries/memcmp.o
                                         0x38 (size before relaxing)
 .eh_frame      0x000000000011f9a0       0x24 binaries/memcpy.o
                                         0x3c (size before relaxing)
 .eh_frame      0x000000000011f9c4       0x24 binaries/memset.o
                                         0x3c (size before relaxing)
 .eh_frame      0x000000000011f9e8       0x20 binaries/printf.o
                                         0x38 (size before relaxing)
 .eh_frame      0x000000000011fa08       0x20 binaries/putchar.o
                                         0x38 (size before relaxing)
 .eh_frame      0x000000000011fa28       0xa8 binaries/qsort.o
                                         0xc0 (size before relaxing)
 .eh_frame      0x000000000011fad0       0x60 binaries/rand.o
                                         0x78 (size before relaxing)
 .eh_frame      0x000000000011fb30       0x40 binaries/sprintf.o
                                         0x58 (size before relaxing)
 .eh_frame      0x000000000011fb70       0x8c binaries/sscanf.o
                                         0xa4 (size before relaxing)
 .eh_frame      0x000000000011fbfc       0x20 binaries/strchr.o
                                         0x38 (size before relaxing)
 .eh_frame      0x000000000011fc1c       0x20 binaries/strcmp.o
                                         0x38 (size before relaxing)
 .eh_frame      0x000000000011fc3c       0x20 binaries/strcpy.o
                                         0x38 (size before relaxing)
 .eh_frame      0x000000000011fc5c       0x20 binaries/strlen.o
                                         0x38 (size before relaxing)
 .eh_frame      0x000000000011fc7c       0x20 binaries/strncat.o
                                         0x38 (size before relaxing)
 .eh_frame      0x000000000011fc9c       0x20 binaries/strncmp.o
                                         0x38 (size before relaxing)
 .eh_frame      0x000000000011fcbc       0x28 binaries/strncpy.o
                                         0x40 (size before relaxing)
 .eh_frame      0x000000000011fce4       0x20 binaries/strnlen.o
                                         0x38 (size before relaxing)
 .eh_frame      0x000000000011fd04       0x20 binaries/strrchr.o
                                         0x38 (size before relaxing)
 .eh_frame      0x000000000011fd24       0x20 binaries/strstr.o
                                         0x38 (size before relaxing)
 .eh_frame      0x000000000011fd44       0x20 binaries/ttycontrol.o
                                         0x38 (size before relaxing)
 .eh_frame      0x000000000011fd64       0x20 binaries/ttygetc.o
                                         0x38 (size before relaxing)
 .eh_frame      0x000000000011fd84       0x80 binaries/ttyhandle_in.o
                                         0x98 (size before relaxing)
 .eh_frame      0x000000000011fe04       0x20 binaries/ttyhandle_out.o
                                         0x38 (size before relaxing)
 .eh_frame      0x000000000011fe24       0x20 binaries/ttyhandler.o
                                         0x38 (size before relaxing)
 .eh_frame      0x000000000011fe44       0x20 binaries/ttyinit.o
                                         0x38 (size before relaxing)
 .eh_frame      0x000000000011fe64       0x20 binaries/ttykickout.o
                                         0x38 (size before relaxing)
 .eh_frame      0x000000000011fe84       0x20 binaries/ttyputc.o
                                         0x38 (size before relaxing)
 .eh_frame      0x000000000011fea4       0x24 binaries/ttyread.o
                                         0x3c (size before relaxing)
 .eh_frame      0x000000000011fec8       0x20 binaries/ttywrite.o
                                         0x38 (size before relaxing)
 .eh_frame      0x000000000011fee8       0x40 binaries/mount.o
                                         0x58 (size before relaxing)
 .eh_frame      0x000000000011ff28       0x20 binaries/naminit.o
                                         0x38 (size before relaxing)
 .eh_frame      0x000000000011ff48       0x60 binaries/nammap.o
                                         0x78 (size before relaxing)
 .eh_frame      0x000000000011ffa8       0x20 binaries/namopen.o
                                         0x38 (size before relaxing)
 .eh_frame      0x000000000011ffc8       0x20 binaries/ethcontrol.o
                                         0x38 (size before relaxing)
 .eh_frame      0x000000000011ffe8       0x20 binaries/ethhandler.o
                                         0x38 (size before relaxing)
 .eh_frame      0x0000000000120008       0x9c binaries/ethinit.o
                                         0xb4 (size before relaxing)
 .eh_frame      0x00000000001200a4       0x40 binaries/ethmcast.o
                                         0x58 (size before relaxing)
 .eh_frame      0x00000000001200e4       0x20 binaries/ethread.o
                                         0x38 (size before relaxing)
 .eh_frame      0x0000000000120104       0x20 binaries/ethwrite.o
                                         0x38 (size before relaxing)
 .eh_frame      0x0000000000120124       0x20 binaries/rdsbufalloc.o
                                         0x38 (size before relaxing)
 .eh_frame      0x0000000000120144       0x20 binaries/rdsclose.o
                                         0x38 (size before relaxing)
 .eh_frame      0x0000000000120164       0x20 binaries/rdscomm.o
                                         0x38 (size before relaxing)
 .eh_frame      0x0000000000120184       0x20 binaries/rdscontrol.o
                                         0x38 (size before relaxing)
 .eh_frame      0x00000000001201a4       0x20 binaries/rdsinit.o
                                         0x38 (size before relaxing)
 .eh_frame      0x00000000001201c4       0x20 binaries/rdsopen.o
                                         0x38 (size before relaxing)
 .eh_frame      0x00000000001201e4       0x1c binaries/rdsprocess.o
                                         0x34 (size before relaxing)
 .eh_frame      0x0000000000120200       0x20 binaries/rdsread.o
                                         0x38 (size before relaxing)
 .eh_frame      0x0000000000120220       0x20 binaries/rdswrite.o
                                         0x38 (size before relaxing)
 .eh_frame      0x0000000000120240       0x20 binaries/ramclose.o
                                         0x38 (size before relaxing)
 .eh_frame      0x0000000000120260       0x20 binaries/raminit.o
                                         0x38 (size before relaxing)
 .eh_frame      0x0000000000120280       0x20 binaries/ramopen.o
                                         0x38 (size before relaxing)
 .eh_frame      0x00000000001202a0       0x20 binaries/ramread.o
                                         0x38 (size before relaxing)
 .eh_frame      0x00000000001202c0       0x20 binaries/ramwrite.o
                                         0x38 (size before relaxing)
 .eh_frame      0x00000000001202e0       0x20 binaries/lfdballoc.o
                                         0x38 (size before relaxing)
 .eh_frame      0x0000000000120300       0x20 binaries/lfdbfree.o
                                         0x38 (size before relaxing)
 .eh_frame      0x0000000000120320       0x20 binaries/lfflush.o
                                         0x38 (size before relaxing)
 .eh_frame      0x0000000000120340       0x20 binaries/lfgetmode.o
                                         0x38 (size before relaxing)
 .eh_frame      0x0000000000120360       0x20 binaries/lfiballoc.o
                                         0x38 (size before relaxing)
 .eh_frame      0x0000000000120380       0x20 binaries/lfibclear.o
                                         0x38 (size before relaxing)
 .eh_frame      0x00000000001203a0       0x20 binaries/lfibget.o
                                         0x38 (size before relaxing)
 .eh_frame      0x00000000001203c0       0x20 binaries/lfibput.o
                                         0x38 (size before relaxing)
 .eh_frame      0x00000000001203e0       0x20 binaries/lflclose.o
                                         0x38 (size before relaxing)
 .eh_frame      0x0000000000120400       0x20 binaries/lflcontrol.o
                                         0x38 (size before relaxing)
 .eh_frame      0x0000000000120420       0x20 binaries/lflgetc.o
                                         0x38 (size before relaxing)
 .eh_frame      0x0000000000120440       0x20 binaries/lflinit.o
                                         0x38 (size before relaxing)
 .eh_frame      0x0000000000120460       0x20 binaries/lflputc.o
                                         0x38 (size before relaxing)
 .eh_frame      0x0000000000120480       0x20 binaries/lflread.o
                                         0x38 (size before relaxing)
 .eh_frame      0x00000000001204a0       0x20 binaries/lflseek.o
                                         0x38 (size before relaxing)
 .eh_frame      0x00000000001204c0       0x20 binaries/lflwrite.o
                                         0x38 (size before relaxing)
 .eh_frame      0x00000000001204e0       0x20 binaries/lfscheck.o
                                         0x38 (size before relaxing)
 .eh_frame      0x0000000000120500       0x20 binaries/lfsckfmt.o
                                         0x38 (size before relaxing)
 .eh_frame      0x0000000000120520       0x20 binaries/lfscreate.o
                                         0x38 (size before relaxing)
 .eh_frame      0x0000000000120540       0x20 binaries/lfsetup.o
                                         0x38 (size before relaxing)
 .eh_frame      0x0000000000120560       0x20 binaries/lfsinit.o
                                         0x38 (size before relaxing)
 .eh_frame      0x0000000000120580       0x20 binaries/lfsopen.o
                                         0x38 (size before relaxing)
 .eh_frame      0x00000000001205a0       0x20 binaries/lftruncate.o
[...]
 .comment       0x000000000000002a       0x2b binaries/xsh_netinfo.o
 .comment       0x000000000000002a       0x2b binaries/xsh_pdump.o
 .comment       0x000000000000002a       0x2b binaries/xsh_ping.o
 .comment       0x000000000000002a       0x2b binaries/xsh_ping6.o
 .comment       0x000000000000002a       0x2b binaries/xsh_ps.o
 .comment       0x000000000000002a       0x2b binaries/xsh_sleep.o
 .comment       0x000000000000002a       0x2b binaries/xsh_sp.o
 .comment       0x000000000000002a       0x2b binaries/xsh_udpdump.o
 .comment       0x000000000000002a       0x2b binaries/xsh_udpecho.o
 .comment       0x000000000000002a       0x2b binaries/xsh_udpserver.o
 .comment       0x000000000000002a       0x2b binaries/xsh_uptime.o

.note.GNU-stack
                0x0000000000000000        0x0
 .note.GNU-stack
                0x0000000000000000        0x0 binaries/alarm.o
 .note.GNU-stack
                0x0000000000000000        0x0 binaries/alarmqueue.o
 .note.GNU-stack
                0x0000000000000000        0x0 binaries/alarmwakeup.o
 .note.GNU-stack
                0x0000000000000000        0x0 binaries/ascdate.o
 .note.GNU-stack
                0x0000000000000000        0x0 binaries/bufinit.o
 .note.GNU-stack
                0x0000000000000000        0x0 binaries/chprio.o
 .note.GNU-stack
                0x0000000000000000        0x0 binaries/clkhandler.o
 .note.GNU-stack
                0x0000000000000000        0x0 binaries/clkinit.o
 .note.GNU-stack
                0x0000000000000000        0x0 binaries/close.o
 .note.GNU-stack
                0x0000000000000000        0x0 binaries/conf.o
 .note.GNU-stack
                0x0000000000000000        0x0 binaries/control.o
 .note.GNU-stack
                0x0000000000000000        0x0 binaries/create.o
 .note.GNU-stack
                0x0000000000000000        0x0 binaries/early_imr.o
 .note.GNU-stack
                0x0000000000000000        0x0 binaries/evec.o
 .note.GNU-stack
                0x0000000000000000        0x0 binaries/exit.o
 .note.GNU-stack
                0x0000000000000000        0x0 binaries/freebuf.o
 .note.GNU-stack
                0x0000000000000000        0x0 binaries/freemem.o
 .note.GNU-stack
                0x0000000000000000        0x0 binaries/getbuf.o
 .note.GNU-stack
                0x0000000000000000        0x0 binaries/getc.o
 .note.GNU-stack
                0x0000000000000000        0x0 binaries/getdev.o
 .note.GNU-stack
                0x0000000000000000        0x0 binaries/getitem.o
 .note.GNU-stack
                0x0000000000000000        0x0 binaries/getmem.o
 .note.GNU-stack
                0x0000000000000000        0x0 binaries/getpid.o
 .note.GNU-stack
                0x0000000000000000        0x0 binaries/getprio.o
 .note.GNU-stack
                0x0000000000000000        0x0 binaries/getstk.o
 .note.GNU-stack
                0x0000000000000000        0x0 binaries/getticks.o
 .note.GNU-stack
                0x0000000000000000        0x0 binaries/gettime.o
 .note.GNU-stack
                0x0000000000000000        0x0 binaries/getutime.o
 .note.GNU-stack
                0x0000000000000000        0x0 binaries/init.o
 .note.GNU-stack
                0x0000000000000000        0x0 binaries/initialize.o
 .note.GNU-stack
                0x0000000000000000        0x0 binaries/insert.o
 .note.GNU-stack
                0x0000000000000000        0x0 binaries/insertd.o
 .note.GNU-stack
                0x0000000000000000        0x0 binaries/ioerr.o
 .note.GNU-stack
                0x0000000000000000        0x0 binaries/ionull.o
 .note.GNU-stack
                0x0000000000000000        0x0 binaries/kill.o
 .note.GNU-stack
                0x0000000000000000        0x0 binaries/kprintf.o
 .note.GNU-stack
                0x0000000000000000        0x0 binaries/lab4q3.o
 .note.GNU-stack
                0x0000000000000000        0x0 binaries/main.o
 .note.GNU-stack
                0x0000000000000000        0x0 binaries/mark.o
 .note.GNU-stack
                0x0000000000000000        0x0 binaries/meminit.o
 .note.GNU-stack
                0x0000000000000000        0x0 binaries/mkbufpool.o
 .note.GNU-stack
                0x0000000000000000        0x0 binaries/mynewqueue.o
 .note.GNU-stack
                0x0000000000000000        0x0 binaries/myqueue.o
 .note.GNU-stack
                0x0000000000000000        0x0 binaries/newqueue.o
 .note.GNU-stack
                0x0000000000000000        0x0 binaries/open.o
 .note.GNU-stack
                0x0000000000000000        0x0 binaries/panic.o
 .note.GNU-stack
                0x0000000000000000        0x0 binaries/pci.o
 .note.GNU-stack
                0x0000000000000000        0x0 binaries/platinit.o
 .note.GNU-stack
                0x0000000000000000        0x0 binaries/ptclear.o
 .note.GNU-stack
                0x0000000000000000        0x0 binaries/ptcount.o
 .note.GNU-stack
                0x0000000000000000        0x0 binaries/ptcreate.o
 .note.GNU-stack
                0x0000000000000000        0x0 binaries/ptdelete.o
 .note.GNU-stack
                0x0000000000000000        0x0 binaries/ptinit.o
 .note.GNU-stack
                0x0000000000000000        0x0 binaries/ptrecv.o
 .note.GNU-stack
                0x0000000000000000        0x0 binaries/ptreset.o
 .note.GNU-stack
                0x0000000000000000        0x0 binaries/ptsend.o
 .note.GNU-stack
                0x0000000000000000        0x0 binaries/putc.o
 .note.GNU-stack
                0x0000000000000000        0x0 binaries/quark_irq.o
 .note.GNU-stack
                0x0000000000000000        0x0 binaries/quark_pdat.o
 .note.GNU-stack
                0x0000000000000000        0x0 binaries/queue.o
 .note.GNU-stack
                0x0000000000000000        0x0 binaries/read.o
 .note.GNU-stack
                0x0000000000000000        0x0 binaries/ready.o
 .note.GNU-stack
                0x0000000000000000        0x0 binaries/receive.o
 .note.GNU-stack
                0x0000000000000000        0x0 binaries/recvclr.o
 .note.GNU-stack
                0x0000000000000000        0x0 binaries/recvtime.o
 .note.GNU-stack
                0x0000000000000000        0x0 binaries/registercbsig.o
 .note.GNU-stack
                0x0000000000000000        0x0 binaries/resched.o
 .note.GNU-stack
                0x0000000000000000        0x0 binaries/resume.o
 .note.GNU-stack
                0x0000000000000000        0x0 binaries/seek.o
 .note.GNU-stack
                0x0000000000000000        0x0 binaries/semcount.o
 .note.GNU-stack
                0x0000000000000000        0x0 binaries/semcreate.o
 .note.GNU-stack
                0x0000000000000000        0x0 binaries/semdelete.o
 .note.GNU-stack
                0x0000000000000000        0x0 binaries/semreset.o
 .note.GNU-stack
                0x0000000000000000        0x0 binaries/send.o
 .note.GNU-stack
                0x0000000000000000        0x0 binaries/signal.o
 .note.GNU-stack
                0x0000000000000000        0x0 binaries/signaln.o
 .note.GNU-stack
                0x0000000000000000        0x0 binaries/sleep.o
 .note.GNU-stack
                0x0000000000000000        0x0 binaries/stacktrace.o
 .note.GNU-stack
                0x0000000000000000        0x0 binaries/suspend.o
 .note.GNU-stack
                0x0000000000000000        0x0 binaries/unsleep.o
 .note.GNU-stack
                0x0000000000000000        0x0 binaries/userret.o
 .note.GNU-stack
                0x0000000000000000        0x0 binaries/wait.o
 .note.GNU-stack
                0x0000000000000000        0x0 binaries/wakeup.o
 .note.GNU-stack
                0x0000000000000000        0x0 binaries/write.o
 .note.GNU-stack
                0x0000000000000000        0x0 binaries/xdone.o
 .note.GNU-stack
                0x0000000000000000        0x0 binaries/yield.o
 .note.GNU-stack
                0x0000000000000000        0x0 binaries/abs.o
 .note.GNU-stack
                0x0000000000000000        0x0 binaries/atoi.o
 .note.GNU-stack
                0x0000000000000000        0x0 binaries/atol.o
 .note.GNU-stack
                0x0000000000000000        0x0 binaries/bzero.o
 .note.GNU-stack
                0x0000000000000000        0x0 binaries/ctype_.o
 .note.GNU-stack
                0x0000000000000000        0x0 binaries/doprnt.o
 .note.GNU-stack
                0x0000000000000000        0x0 binaries/doscan.o
 .note.GNU-stack
                0x0000000000000000        0x0 binaries/fdoprnt.o
 .note.GNU-stack
                0x0000000000000000        0x0 binaries/fgetc.o
 .note.GNU-stack
                0x0000000000000000        0x0 binaries/fgets.o
 .note.GNU-stack
                0x0000000000000000        0x0 binaries/fprintf.o
 .note.GNU-stack
                0x0000000000000000        0x0 binaries/fputc.o
 .note.GNU-stack
                0x0000000000000000        0x0 binaries/fputs.o
 .note.GNU-stack
                0x0000000000000000        0x0 binaries/fscanf.o
 .note.GNU-stack
                0x0000000000000000        0x0 binaries/getchar.o
 .note.GNU-stack
                0x0000000000000000        0x0 binaries/labs.o
 .note.GNU-stack
                0x0000000000000000        0x0 binaries/list.o
 .note.GNU-stack
                0x0000000000000000        0x0 binaries/memb.o
 .note.GNU-stack
                0x0000000000000000        0x0 binaries/memchr.o
 .note.GNU-stack
                0x0000000000000000        0x0 binaries/memcmp.o
 .note.GNU-stack
                0x0000000000000000        0x0 binaries/memcpy.o
 .note.GNU-stack
                0x0000000000000000        0x0 binaries/memset.o
 .note.GNU-stack
                0x0000000000000000        0x0 binaries/printf.o
 .note.GNU-stack
                0x0000000000000000        0x0 binaries/putchar.o
 .note.GNU-stack
                0x0000000000000000        0x0 binaries/qsort.o
 .note.GNU-stack
                0x0000000000000000        0x0 binaries/rand.o
 .note.GNU-stack
                0x0000000000000000        0x0 binaries/sprintf.o
 .note.GNU-stack
                0x0000000000000000        0x0 binaries/sscanf.o
 .note.GNU-stack
                0x0000000000000000        0x0 binaries/strchr.o
 .note.GNU-stack
                0x0000000000000000        0x0 binaries/strcmp.o
 .note.GNU-stack
                0x0000000000000000        0x0 binaries/strcpy.o
 .note.GNU-stack
                0x0000000000000000        0x0 binaries/strlen.o
 .note.GNU-stack
                0x0000000000000000        0x0 binaries/strncat.o
 .note.GNU-stack
                0x0000000000000000        0x0 binaries/strncmp.o
 .note.GNU-stack
                0x0000000000000000        0x0 binaries/strncpy.o
 .note.GNU-stack
                0x0000000000000000        0x0 binaries/strnlen.o
 .note.GNU-stack
                0x0000000000000000        0x0 binaries/strrchr.o
 .note.GNU-stack
                0x0000000000000000        0x0 binaries/strstr.o
 .note.GNU-stack
                0x0000000000000000        0x0 binaries/ttycontrol.o
 .note.GNU-stack
                0x0000000000000000        0x0 binaries/ttygetc.o
 .note.GNU-stack
                0x0000000000000000        0x0 binaries/ttyhandle_in.o
 .note.GNU-stack
                0x0000000000000000        0x0 binaries/ttyhandle_out.o
 .note.GNU-stack
                0x0000000000000000        0x0 binaries/ttyhandler.o
 .note.GNU-stack
                0x0000000000000000        0x0 binaries/ttyinit.o
 .note.GNU-stack
                0x0000000000000000        0x0 binaries/ttykickout.o
 .note.GNU-stack
                0x0000000000000000        0x0 binaries/ttyputc.o
 .note.GNU-stack
                0x0000000000000000        0x0 binaries/ttyread.o
 .note.GNU-stack
                0x0000000000000000        0x0 binaries/ttywrite.o
 .note.GNU-stack
                0x0000000000000000        0x0 binaries/mount.o
 .note.GNU-stack
                0x0000000000000000        0x0 binaries/naminit.o
 .note.GNU-stack
                0x0000000000000000        0x0 binaries/nammap.o
 .note.GNU-stack
                0x0000000000000000        0x0 binaries/namopen.o
 .note.GNU-stack
                0x0000000000000000        0x0 binaries/ethcontrol.o
 .note.GNU-stack
                0x0000000000000000        0x0 binaries/ethhandler.o
 .note.GNU-stack
                0x0000000000000000        0x0 binaries/ethinit.o
 .note.GNU-stack
                0x0000000000000000        0x0 binaries/ethmcast.o
 .note.GNU-stack
                0x0000000000000000        0x0 binaries/ethread.o
 .note.GNU-stack
                0x0000000000000000        0x0 binaries/ethwrite.o
 .note.GNU-stack
                0x0000000000000000        0x0 binaries/rdsbufalloc.o
 .note.GNU-stack
                0x0000000000000000        0x0 binaries/rdsclose.o
 .note.GNU-stack
                0x0000000000000000        0x0 binaries/rdscomm.o
 .note.GNU-stack
                0x0000000000000000        0x0 binaries/rdscontrol.o
 .note.GNU-stack
                0x0000000000000000        0x0 binaries/rdsinit.o
 .note.GNU-stack
                0x0000000000000000        0x0 binaries/rdsopen.o
 .note.GNU-stack
                0x0000000000000000        0x0 binaries/rdsprocess.o
 .note.GNU-stack
                0x0000000000000000        0x0 binaries/rdsread.o
 .note.GNU-stack
                0x0000000000000000        0x0 binaries/rdswrite.o
 .note.GNU-stack
                0x0000000000000000        0x0 binaries/ramclose.o
 .note.GNU-stack
                0x0000000000000000        0x0 binaries/raminit.o
 .note.GNU-stack
                0x0000000000000000        0x0 binaries/ramopen.o
 .note.GNU-stack
                0x0000000000000000        0x0 binaries/ramread.o
 .note.GNU-stack
                0x0000000000000000        0x0 binaries/ramwrite.o
 .note.GNU-stack
                0x0000000000000000        0x0 binaries/lfdballoc.o
 .note.GNU-stack
                0x0000000000000000        0x0 binaries/lfdbfree.o
 .note.GNU-stack
                0x0000000000000000        0x0 binaries/lfflush.o
 .note.GNU-stack
                0x0000000000000000        0x0 binaries/lfgetmode.o
 .note.GNU-stack
                0x0000000000000000        0x0 binaries/lfiballoc.o
 .note.GNU-stack
                0x0000000000000000        0x0 binaries/lfibclear.o
 .note.GNU-stack
                0x0000000000000000        0x0 binaries/lfibget.o
 .note.GNU-stack
                0x0000000000000000        0x0 binaries/lfibput.o
 .note.GNU-stack
                0x0000000000000000        0x0 binaries/lflclose.o
 .note.GNU-stack
                0x0000000000000000        0x0 binaries/lflcontrol.o
 .note.GNU-stack
                0x0000000000000000        0x0 binaries/lflgetc.o
 .note.GNU-stack
                0x0000000000000000        0x0 binaries/lflinit.o
 .note.GNU-stack
                0x0000000000000000        0x0 binaries/lflputc.o
 .note.GNU-stack
                0x0000000000000000        0x0 binaries/lflread.o
 .note.GNU-stack
                0x0000000000000000        0x0 binaries/lflseek.o
 .note.GNU-stack
                0x0000000000000000        0x0 binaries/lflwrite.o
 .note.GNU-stack
                0x0000000000000000        0x0 binaries/lfscheck.o
 .note.GNU-stack
                0x0000000000000000        0x0 binaries/lfsckfmt.o
 .note.GNU-stack
                0x0000000000000000        0x0 binaries/lfscreate.o
 .note.GNU-stack
                0x0000000000000000        0x0 binaries/lfsetup.o
 .note.GNU-stack
                0x0000000000000000        0x0 binaries/lfsinit.o
 .note.GNU-stack
                0x0000000000000000        0x0 binaries/lfsopen.o
 .note.GNU-stack
                0x0000000000000000        0x0 binaries/lftruncate.o
 .note.GNU-stack
                0x0000000000000000        0x0 binaries/rflclose.o
 .note.GNU-stack
                0x0000000000000000        0x0 binaries/rflgetc.o
 .note.GNU-stack
                0x0000000000000000        0x0 binaries/rflinit.o
 .note.GNU-stack
                0x0000000000000000        0x0 binaries/rflputc.o
 .note.GNU-stack
                0x0000000000000000        0x0 binaries/rflread.o
 .note.GNU-stack
                0x0000000000000000        0x0 binaries/rflseek.o
 .note.GNU-stack
                0x0000000000000000        0x0 binaries/rflwrite.o
 .note.GNU-stack
                0x0000000000000000        0x0 binaries/rfscomm.o
 .note.GNU-stack
                0x0000000000000000        0x0 binaries/rfscontrol.o
 .note.GNU-stack
                0x0000000000000000        0x0 binaries/rfsgetmode.o
 .note.GNU-stack
                0x0000000000000000        0x0 binaries/rfsinit.o
 .note.GNU-stack
                0x0000000000000000        0x0 binaries/rfsndmsg.o
 .note.GNU-stack
                0x0000000000000000        0x0 binaries/rfsopen.o
 .note.GNU-stack
                0x0000000000000000        0x0 binaries/dns.o
 .note.GNU-stack
                0x0000000000000000        0x0 binaries/dot2ip.o
 .note.GNU-stack
                0x0000000000000000        0x0 binaries/hexdump.o
 .note.GNU-stack
                0x0000000000000000        0x0 binaries/icmpv6.o
 .note.GNU-stack
                0x0000000000000000        0x0 binaries/ipv6.o
 .note.GNU-stack
                0x0000000000000000        0x0 binaries/net.o
 .note.GNU-stack
                0x0000000000000000        0x0 binaries/pdump.o
 .note.GNU-stack
                0x0000000000000000        0x0 binaries/udp.o
 .note.GNU-stack
                0x0000000000000000        0x0 binaries/uip_ds.o
 .note.GNU-stack
                0x0000000000000000        0x0 binaries/uip_nbr.o
 .note.GNU-stack
                0x0000000000000000        0x0 binaries/uip_nbr_table.o
 .note.GNU-stack
                0x0000000000000000        0x0 binaries/uip_route.o
 .note.GNU-stack
                0x0000000000000000        0x0 binaries/addargs.o
 .note.GNU-stack
                0x0000000000000000        0x0 binaries/lexan.o
 .note.GNU-stack
                0x0000000000000000        0x0 binaries/shell.o
 .note.GNU-stack
                0x0000000000000000        0x0 binaries/xsh_argecho.o
 .note.GNU-stack
                0x0000000000000000        0x0 binaries/xsh_arp.o
 .note.GNU-stack
                0x0000000000000000        0x0 binaries/xsh_cat.o
 .note.GNU-stack
                0x0000000000000000        0x0 binaries/xsh_clear.o
 .note.GNU-stack
                0x0000000000000000        0x0 binaries/xsh_date.o
 .note.GNU-stack
                0x0000000000000000        0x0 binaries/xsh_devdump.o
 .note.GNU-stack
                0x0000000000000000        0x0 binaries/xsh_echo.o
 .note.GNU-stack
                0x0000000000000000        0x0 binaries/xsh_exit.o
 .note.GNU-stack
                0x0000000000000000        0x0 binaries/xsh_help.o
 .note.GNU-stack
                0x0000000000000000        0x0 binaries/xsh_kill.o
 .note.GNU-stack
                0x0000000000000000        0x0 binaries/xsh_libtest.o
 .note.GNU-stack
                0x0000000000000000        0x0 binaries/xsh_memdump.o
 .note.GNU-stack
                0x0000000000000000        0x0 binaries/xsh_memstat.o
 .note.GNU-stack
                0x0000000000000000        0x0 binaries/xsh_netinfo.o
 .note.GNU-stack
                0x0000000000000000        0x0 binaries/xsh_pdump.o
 .note.GNU-stack
                0x0000000000000000        0x0 binaries/xsh_ping.o
 .note.GNU-stack
                0x0000000000000000        0x0 binaries/xsh_ping6.o
 .note.GNU-stack
                0x0000000000000000        0x0 binaries/xsh_ps.o
 .note.GNU-stack
                0x0000000000000000        0x0 binaries/xsh_sleep.o
 .note.GNU-stack
                0x0000000000000000        0x0 binaries/xsh_sp.o
 .note.GNU-stack
                0x0000000000000000        0x0 binaries/xsh_udpdump.o
 .note.GNU-stack
                0x0000000000000000        0x0 binaries/xsh_udpecho.o
 .note.GNU-stack
                0x0000000000000000        0x0 binaries/xsh_udpserver.o
 .note.GNU-stack
                0x0000000000000000        0x0 binaries/xsh_uptime.o
